ASxxxx Linker V03.00 + NoICE + sdld,  page 1.
Hexadecimal  [32-Bits]

Area                       Addr        Size        Decimal Bytes (Attributes)
--------------------       ----        ----        ------- ----- ------------
.  .ABS.               00000000    00000000 =           0. bytes (ABS,CON)

        Value  Global            Value  Global            Value  Global    
        -----  ------            -----  ------            -----  ------    
     00000000  .__.ABS.  |    00000000  _rRAMG    |    00000000  l__BASE  
     00000000  l__BSS    |    00000000  l__CABS   |    00000000  l__CODE_0
     00000000  l__DABS   |    00000000  l__HEADER |    00000000  l__HEADER
     00000000  l__HEAP   |    00000000  l__HRAM   |    00000000  l__LIT   
     00000000  s__CABS   |    00000000  s__DABS   |    00000000  s__HEADER
     00000000  s__HEADER |    00000000  s__HEADER |    00000000  s__HEADER
     00000000  s__HEADER |    00000000  s__HEADER |    00000000  s__HEADER
     00000000  s__HEADER |    00000000  s__HEADER |    00000000  s__HEADER
     00000000  s__HEADER |    00000000  s__HEADER |    00000000  s__HEADER
     00000000  s__HEADER |    00000000  s__HEADER |    00000000  s__HEADER
     00000000  s__HEADER |    00000000  s__HEADER |    00000000  s__HEADER
     00000000  s__HEADER |    00000000  s__HEADER |    00000000  s__HRAM  
     00000000  s__HRAM12 |    00000001  l__GSFINA |    00000001  l__HEADER
     00000001  l__HEADER |    00000001  l__HEADER |    00000001  l__HEADER
     00000001  l__HEADER |    00000001  l__HEADER |    00000001  l__HEADER
     00000002  l__HEADER |    00000002  l__HEADER |    00000002  l__HEADER
     00000003  l__HEADER |    00000003  l__HEADER |    00000003  l__HRAM12
     00000005  l__HEADER |    00000006  l__HEADER |    00000007  l__HEADER
     00000008  l__HEADER |    0000000C  l__GSINIT |    00000030  l__HEADER
     0000004E  l__HEADER |    00000082  l__HEADER |    00000104  l__INITIA
     00000104  l__INITIA |    00000196  l__DATA   |    00000200  s__CODE  
     0000035C  l__HOME   |    00002000  _rROMB0   |    00003000  _rROMB1  
     000037D3  l__CODE   |    000039D3  s__HOME   |    00003D2F  s__BASE  
     00003D2F  s__CODE_0 |    00003D2F  s__INITIA |    00003D2F  s__LIT   
     00003E33  s__GSINIT |    00003E3F  s__GSFINA |    00004000  _rRAMB   
     00008000  __VRAM    |    00008000  __VRAM800 |    00008800  __VRAM880
     00009000  __VRAM900 |    00009800  __SCRN0   |    00009C00  __SCRN1  
     0000A000  __SRAM    |    0000C000  __RAM     |    0000C000  _shadow_O
     0000C0A0  s__DATA   |    0000C236  s__BSS    |    0000C236  s__INITIA
     0000C33A  s__HEAP   |    0000D000  __RAMBANK |    0000E000  .STACK   
     0000FE00  __OAMRAM  |    0000FF00  _P1_REG   |    0000FF00  __IO     
     0000FF01  _SB_REG   |    0000FF02  _SC_REG   |    0000FF04  _DIV_REG 
     0000FF05  _TIMA_REG |    0000FF06  _TMA_REG  |    0000FF07  _TAC_REG 
     0000FF0F  _IF_REG   |    0000FF10  _NR10_REG |    0000FF11  _NR11_REG
     0000FF12  _NR12_REG |    0000FF13  _NR13_REG |    0000FF14  _NR14_REG
     0000FF16  _NR21_REG |    0000FF17  _NR22_REG |    0000FF18  _NR23_REG
     0000FF19  _NR24_REG |    0000FF1A  _NR30_REG |    0000FF1B  _NR31_REG
     0000FF1C  _NR32_REG |    0000FF1D  _NR33_REG |    0000FF1E  _NR34_REG
     0000FF20  _NR41_REG |    0000FF21  _NR42_REG |    0000FF22  _NR43_REG
     0000FF23  _NR44_REG |    0000FF24  _NR50_REG |    0000FF25  _NR51_REG
     0000FF26  _NR52_REG |    0000FF30  _AUD3WAVE |    0000FF30  _PCM_SAMP
     0000FF30  __AUD3WAV |    0000FF40  _LCDC_REG |    0000FF41  _STAT_REG
     0000FF42  _SCY_REG  |    0000FF43  _SCX_REG  |    0000FF44  _LY_REG  
     0000FF45  _LYC_REG  |    0000FF46  _DMA_REG  |    0000FF47  _BGP_REG 
     0000FF48  _OBP0_REG |    0000FF49  _OBP1_REG |    0000FF4A  _WY_REG  
     0000FF4B  _WX_REG   |    0000FF4D  _KEY1_REG |    0000FF4F  _VBK_REG 
     0000FF51  _HDMA1_RE |    0000FF52  _HDMA2_RE |    0000FF53  _HDMA3_RE
     0000FF54  _HDMA4_RE |    0000FF55  _HDMA5_RE |    0000FF56  _RP_REG  
     0000FF68  _BCPS_REG |    0000FF69  _BCPD_REG |    0000FF6A  _OCPS_REG
     0000FF6B  _OCPD_REG |    0000FF70  _SVBK_REG |    0000FF76  _PCM12_RE
ASxxxx Linker V03.00 + NoICE + sdld,  page 2.
Hexadecimal  [32-Bits]

Area                       Addr        Size        Decimal Bytes (Attributes)
--------------------       ----        ----        ------- ----- ------------
.  .ABS.               00000000    00000000 =           0. bytes (ABS,CON)

        Value  Global            Value  Global            Value  Global    
        -----  ------            -----  ------            -----  ------    
     0000FF77  _PCM34_RE |    0000FF80  .refresh_ |    0000FF80  __HRAM   
     0000FFFF  _IE_REG  
ASxxxx Linker V03.00 + NoICE + sdld,  page 3.
Hexadecimal  [32-Bits]

Area                       Addr        Size        Decimal Bytes (Attributes)
--------------------       ----        ----        ------- ----- ------------
_CODE                  00000200    000037D3 =       14291. bytes (REL,CON)

        Value  Global            Value  Global            Value  Global    
        -----  ------            -----  ------            -----  ------    
     00000200  A$ending$ |    00000200  C$ending. |    00000200  C$ending.
     00000200  G$VBL_isr |    00000200  _VBL_isr  |    00000202  A$ending$
     00000204  A$ending$ |    00000206  A$ending$ |    00000206  C$ending.
     00000209  A$ending$ |    0000020B  A$ending$ |    0000020B  C$ending.
     0000020B  XG$VBL_is |    0000020C  A$ending$ |    0000020C  C$ending.
     0000020C  C$ending. |    0000020C  G$LCD_isr |    0000020C  _LCD_isr 
     0000020E  A$ending$ |    00000210  A$ending$ |    00000211  A$ending$
     00000211  C$ending. |    00000213  A$ending$ |    00000215  A$ending$
     00000217  A$ending$ |    00000217  C$ending. |    00000219  A$ending$
     0000021B  A$ending$ |    0000021B  C$ending. |    0000021B  XG$LCD_is
     0000021C  A$ending$ |    0000021C  C$ending. |    0000021C  C$ending.
     0000021C  G$ending_ |    0000021C  _ending_i |    0000021F  A$ending$
     00000221  A$ending$ |    00000221  C$ending. |    00000224  A$ending$
     00000225  A$ending$ |    00000228  A$ending$ |    00000229  A$ending$
     00000229  C$ending. |    0000022C  A$ending$ |    0000022D  A$ending$
     00000230  A$ending$ |    00000231  A$ending$ |    00000234  A$ending$
     00000236  A$ending$ |    00000239  A$ending$ |    0000023B  A$ending$
     0000023E  A$ending$ |    00000240  A$ending$ |    00000243  A$ending$
     00000245  A$ending$ |    00000248  A$ending$ |    0000024A  A$ending$
     0000024D  A$ending$ |    0000024F  A$ending$ |    0000024F  C$ending.
     0000024F  C$ending. |    0000024F  XG$ending |    00000250  A$ending$
     00000250  C$ending. |    00000250  Fending$p |    00000251  A$ending$
     00000251  C$ending. |    00000254  A$ending$ |    00000256  A$ending$
     00000259  A$ending$ |    00000259  C$ending. |    0000025C  A$ending$
     0000025D  A$ending$ |    0000025F  A$ending$ |    00000260  A$ending$
     00000260  C$ending. |    00000263  A$ending$ |    00000264  A$ending$
     00000265  A$ending$ |    00000267  A$ending$ |    00000267  C$ending.
     0000026A  A$ending$ |    0000026C  A$ending$ |    0000026C  C$ending.
     0000026F  A$ending$ |    00000270  A$ending$ |    00000273  A$ending$
     00000274  A$ending$ |    00000275  A$ending$ |    00000276  A$ending$
     00000277  A$ending$ |    0000027A  A$ending$ |    0000027C  A$ending$
     0000027C  C$ending. |    0000027F  A$ending$ |    00000280  A$ending$
     00000281  A$ending$ |    00000284  A$ending$ |    00000285  A$ending$
     00000288  A$ending$ |    00000289  A$ending$ |    0000028A  A$ending$
     0000028C  A$ending$ |    0000028D  A$ending$ |    0000028E  A$ending$
     0000028F  A$ending$ |    00000290  A$ending$ |    00000293  A$ending$
     00000295  A$ending$ |    00000296  A$ending$ |    00000299  A$ending$
     0000029B  A$ending$ |    0000029C  A$ending$ |    0000029F  A$ending$
     000002A0  A$ending$ |    000002A1  A$ending$ |    000002A2  A$ending$
     000002A4  A$ending$ |    000002A5  A$ending$ |    000002A6  A$ending$
     000002A8  A$ending$ |    000002A9  A$ending$ |    000002AA  A$ending$
     000002AB  A$ending$ |    000002AD  A$ending$ |    000002B0  A$ending$
     000002B2  A$ending$ |    000002B4  A$ending$ |    000002B4  C$ending.
     000002B6  A$ending$ |    000002B7  A$ending$ |    000002B9  A$ending$
     000002BA  A$ending$ |    000002BA  C$ending. |    000002BD  A$ending$
     000002BE  A$ending$ |    000002C0  A$ending$ |    000002C0  C$ending.
     000002C1  A$ending$ |    000002C3  A$ending$ |    000002C4  A$ending$
     000002C5  A$ending$ |    000002C8  A$ending$ |    000002C9  A$ending$
     000002CB  A$ending$ |    000002CC  A$ending$ |    000002CE  A$ending$
     000002CF  A$ending$ |    000002D0  A$ending$ |    000002D3  A$ending$
ASxxxx Linker V03.00 + NoICE + sdld,  page 4.
Hexadecimal  [32-Bits]

Area                       Addr        Size        Decimal Bytes (Attributes)
--------------------       ----        ----        ------- ----- ------------
_CODE                  00000200    000037D3 =       14291. bytes (REL,CON)

        Value  Global            Value  Global            Value  Global    
        -----  ------            -----  ------            -----  ------    
     000002D5  A$ending$ |    000002D5  C$ending. |    000002D8  A$ending$
     000002D9  A$ending$ |    000002DB  A$ending$ |    000002DD  A$ending$
     000002DE  A$ending$ |    000002DF  A$ending$ |    000002E1  A$ending$
     000002E2  A$ending$ |    000002E3  A$ending$ |    000002E4  A$ending$
     000002E5  A$ending$ |    000002E8  A$ending$ |    000002EA  A$ending$
     000002ED  A$ending$ |    000002EF  A$ending$ |    000002F2  A$ending$
     000002F4  A$ending$ |    000002F7  A$ending$ |    000002F9  A$ending$
     000002FC  A$ending$ |    000002FE  A$ending$ |    00000301  A$ending$
     00000303  A$ending$ |    00000306  A$ending$ |    00000308  A$ending$
     0000030B  A$ending$ |    0000030D  A$ending$ |    00000310  A$ending$
     00000312  A$ending$ |    00000312  C$ending. |    00000315  A$ending$
     00000317  A$ending$ |    00000317  C$ending. |    00000318  A$ending$
     00000318  C$ending. |    0000031B  A$ending$ |    0000031C  A$ending$
     0000031F  A$ending$ |    00000320  A$ending$ |    00000320  C$ending.
     00000323  A$ending$ |    00000324  A$ending$ |    00000327  A$ending$
     00000328  A$ending$ |    00000328  C$ending. |    0000032A  A$ending$
     0000032B  A$ending$ |    0000032C  A$ending$ |    0000032F  A$ending$
     00000330  A$ending$ |    00000330  C$ending. |    00000332  A$ending$
     00000334  A$ending$ |    00000336  A$ending$ |    00000336  C$ending.
     00000338  A$ending$ |    0000033A  A$ending$ |    0000033B  A$ending$
     0000033C  A$ending$ |    0000033C  C$ending. |    0000033C  XFending$
     0000033D  A$ending$ |    0000033D  C$ending. |    0000033D  C$ending.
     0000033D  G$compute |    0000033D  _compute_ |    00000340  A$ending$
     00000343  A$ending$ |    00000344  A$ending$ |    00000345  A$ending$
     00000347  A$ending$ |    00000349  A$ending$ |    0000034A  A$ending$
     0000034C  A$ending$ |    0000034D  A$ending$ |    0000034F  A$ending$
     00000352  A$ending$ |    00000353  A$ending$ |    00000355  A$ending$
     00000358  A$ending$ |    0000035A  A$ending$ |    0000035B  A$ending$
     0000035E  A$ending$ |    0000035F  A$ending$ |    00000360  A$ending$
     00000362  A$ending$ |    00000365  A$ending$ |    00000367  A$ending$
     0000036A  A$ending$ |    0000036B  A$ending$ |    0000036D  A$ending$
     00000370  A$ending$ |    00000372  A$ending$ |    00000373  A$ending$
     00000376  A$ending$ |    00000377  A$ending$ |    00000378  A$ending$
     0000037A  A$ending$ |    0000037D  A$ending$ |    0000037E  A$ending$
     00000381  A$ending$ |    00000382  A$ending$ |    00000383  A$ending$
     00000385  A$ending$ |    00000388  A$ending$ |    00000389  A$ending$
     0000038C  A$ending$ |    0000038D  A$ending$ |    0000038E  A$ending$
     00000390  A$ending$ |    00000390  C$ending. |    00000392  A$ending$
     00000395  A$ending$ |    00000396  A$ending$ |    00000398  A$ending$
     00000398  C$ending. |    0000039B  A$ending$ |    0000039C  A$ending$
     0000039E  A$ending$ |    0000039F  A$ending$ |    000003A2  A$ending$
     000003A4  A$ending$ |    000003A7  A$ending$ |    000003A9  A$ending$
     000003A9  C$ending. |    000003AB  A$ending$ |    000003AB  C$ending.
     000003AE  A$ending$ |    000003AF  A$ending$ |    000003B1  A$ending$
     000003B1  C$ending. |    000003B4  A$ending$ |    000003B5  A$ending$
     000003B7  A$ending$ |    000003B8  A$ending$ |    000003B8  C$ending.
     000003B9  A$ending$ |    000003BB  A$ending$ |    000003BC  A$ending$
     000003BC  C$ending. |    000003BF  A$ending$ |    000003C1  A$ending$
     000003C4  A$ending$ |    000003C6  A$ending$ |    000003C9  A$ending$
     000003CB  A$ending$ |    000003CB  C$ending. |    000003CB  C$ending.
     000003CE  A$ending$ |    000003CF  A$ending$ |    000003CF  C$ending.
ASxxxx Linker V03.00 + NoICE + sdld,  page 5.
Hexadecimal  [32-Bits]

Area                       Addr        Size        Decimal Bytes (Attributes)
--------------------       ----        ----        ------- ----- ------------
_CODE                  00000200    000037D3 =       14291. bytes (REL,CON)

        Value  Global            Value  Global            Value  Global    
        -----  ------            -----  ------            -----  ------    
     000003D1  A$ending$ |    000003D3  A$ending$ |    000003D3  C$ending.
     000003D6  A$ending$ |    000003D7  A$ending$ |    000003D9  A$ending$
     000003DA  A$ending$ |    000003DA  C$ending. |    000003DC  A$ending$
     000003DE  A$ending$ |    000003E1  A$ending$ |    000003E4  A$ending$
     000003E5  A$ending$ |    000003E7  A$ending$ |    000003EA  A$ending$
     000003ED  A$ending$ |    000003EE  A$ending$ |    000003F1  A$ending$
     000003F2  A$ending$ |    000003F2  C$ending. |    000003F3  A$ending$
     000003F5  A$ending$ |    000003F6  A$ending$ |    000003F7  A$ending$
     000003F8  A$ending$ |    000003F9  A$ending$ |    000003FB  A$ending$
     000003FD  A$ending$ |    000003FE  A$ending$ |    00000401  A$ending$
     00000402  A$ending$ |    00000403  A$ending$ |    00000404  A$ending$
     00000405  A$ending$ |    00000406  A$ending$ |    00000407  A$ending$
     00000409  A$ending$ |    0000040C  A$ending$ |    0000040D  A$ending$
     0000040E  A$ending$ |    0000040F  A$ending$ |    00000410  A$ending$
     00000411  A$ending$ |    00000412  A$ending$ |    00000415  A$ending$
     00000416  A$ending$ |    00000417  A$ending$ |    00000418  A$ending$
     00000418  C$ending. |    00000419  A$ending$ |    0000041B  A$ending$
     0000041E  A$ending$ |    0000041E  C$ending. |    0000041E  XG$comput
     0000041F  A$main$76 |    0000041F  C$main.c$ |    0000041F  G$perform
     0000041F  _performa |    00000421  A$main$78 |    00000422  A$main$79
     00000424  A$main$80 |    00000425  A$main$81 |    00000426  A$main$85
     00000426  C$main.c$ |    00000429  A$main$89 |    00000429  C$main.c$
     0000042A  A$main$97 |    0000042A  C$main.c$ |    0000042A  XG$perfor
     0000042C  A$main$11 |    0000042C  C$main.c$ |    0000042C  C$main.c$
     0000042C  G$main$0$ |    0000042C  _main     |    0000042F  A$main$11
     0000042F  C$main.c$ |    0000042F  C$main.c$ |    00000432  A$main$12
     00000432  C$main.c$ |    00000435  A$main$12 |    00000435  C$main.c$
     00000438  A$main$13 |    00000438  C$main.c$ |    0000043B  A$main$13
     0000043B  C$main.c$ |    0000043B  XG$main$0 |    0000043D  A$main$15
     0000043D  C$main.c$ |    0000043D  C$main.c$ |    0000043D  G$reset_g
     0000043D  _reset_ga |    00000440  A$main$15 |    00000442  A$main$15
     00000443  A$main$15 |    00000443  C$main.c$ |    00000446  A$main$16
     00000446  C$main.c$ |    00000449  A$main$16 |    0000044B  A$main$16
     0000044C  A$main$16 |    0000044F  A$main$16 |    00000451  A$main$16
     00000452  A$main$16 |    00000455  A$main$16 |    00000456  A$main$16
     00000457  A$main$17 |    00000457  C$main.c$ |    0000045A  A$main$17
     0000045A  C$main.c$ |    0000045D  A$main$18 |    0000045D  C$main.c$
     0000045D  C$main.c$ |    0000045D  XG$reset_ |    00000460  A$main$20
     00000460  C$main.c$ |    00000460  C$main.c$ |    00000460  G$init_gf
     00000460  _init_gfx |    00000463  A$main$20 |    00000463  C$main.c$
     00000466  A$main$20 |    00000466  C$main.c$ |    00000469  A$main$21
     00000469  C$main.c$ |    0000046C  A$main$21 |    0000046C  C$main.c$
     0000046E  A$main$21 |    00000470  A$main$21 |    00000472  A$main$22
     00000474  A$main$22 |    00000476  A$main$22 |    00000478  A$main$22
     0000047A  A$main$22 |    0000047C  A$main$22 |    0000047E  A$main$23
     0000047E  C$main.c$ |    0000047E  XG$init_g |    0000047F  A$main$24
     0000047F  C$main.c$ |    0000047F  G$fadeout |    0000047F  _fadeout 
     00000482  A$main$24 |    00000484  A$main$25 |    00000484  C$main.c$
     00000487  A$main$25 |    00000488  A$main$25 |    0000048A  A$main$25
     0000048D  A$main$25 |    0000048E  A$main$25 |    00000490  A$main$25
     00000493  A$main$25 |    00000495  A$main$26 |    00000497  A$main$26
ASxxxx Linker V03.00 + NoICE + sdld,  page 6.
Hexadecimal  [32-Bits]

Area                       Addr        Size        Decimal Bytes (Attributes)
--------------------       ----        ----        ------- ----- ------------
_CODE                  00000200    000037D3 =       14291. bytes (REL,CON)

        Value  Global            Value  Global            Value  Global    
        -----  ------            -----  ------            -----  ------    
     0000049A  A$main$26 |    0000049C  A$main$26 |    0000049E  A$main$26
     000004A0  A$main$27 |    000004A0  C$main.c$ |    000004A0  C$main.c$
     000004A2  A$main$27 |    000004A4  A$main$27 |    000004A4  C$main.c$
     000004A6  A$main$27 |    000004A8  A$main$28 |    000004A8  C$main.c$
     000004AA  A$main$29 |    000004AA  C$main.c$ |    000004AA  C$main.c$
     000004AC  A$main$29 |    000004AE  A$main$29 |    000004AE  C$main.c$
     000004B0  A$main$29 |    000004B2  A$main$30 |    000004B2  C$main.c$
     000004B4  A$main$30 |    000004B4  C$main.c$ |    000004B4  C$main.c$
     000004B6  A$main$30 |    000004B8  A$main$31 |    000004B8  C$main.c$
     000004BA  A$main$31 |    000004BC  A$main$31 |    000004BC  C$main.c$
     000004BE  A$main$32 |    000004BE  C$main.c$ |    000004BE  C$main.c$
     000004C0  A$main$32 |    000004C2  A$main$33 |    000004C2  C$main.c$
     000004C4  A$main$33 |    000004C6  A$main$34 |    000004C6  C$main.c$
     000004C6  C$main.c$ |    000004C8  A$main$34 |    000004C9  A$main$34
     000004CA  A$main$34 |    000004CD  A$main$34 |    000004CE  A$main$34
     000004CE  C$main.c$ |    000004D1  A$main$34 |    000004D2  A$main$35
     000004D3  A$main$35 |    000004D5  A$main$35 |    000004D7  A$main$36
     000004D7  C$main.c$ |    000004D7  XG$fadeou |    000004D8  A$main$37
     000004D8  C$main.c$ |    000004D8  G$fadein$ |    000004D8  _fadein  
     000004DB  A$main$37 |    000004DD  A$main$37 |    000004DD  C$main.c$
     000004E0  A$main$38 |    000004E1  A$main$38 |    000004E3  A$main$38
     000004E6  A$main$38 |    000004E7  A$main$38 |    000004E9  A$main$38
     000004EC  A$main$38 |    000004EE  A$main$38 |    000004F0  A$main$38
     000004F2  A$main$39 |    000004F2  C$main.c$ |    000004F2  C$main.c$
     000004F4  A$main$39 |    000004F6  A$main$40 |    000004F6  C$main.c$
     000004F8  A$main$40 |    000004FA  A$main$40 |    000004FA  C$main.c$
     000004FC  A$main$41 |    000004FC  C$main.c$ |    000004FC  C$main.c$
     000004FE  A$main$41 |    00000500  A$main$41 |    00000500  C$main.c$
     00000502  A$main$42 |    00000504  A$main$42 |    00000504  C$main.c$
     00000506  A$main$43 |    00000506  C$main.c$ |    00000506  C$main.c$
     00000508  A$main$43 |    0000050A  A$main$43 |    0000050A  C$main.c$
     0000050C  A$main$43 |    0000050E  A$main$44 |    0000050E  C$main.c$
     0000050E  C$main.c$ |    00000510  A$main$44 |    00000511  A$main$44
     00000512  A$main$44 |    00000515  A$main$45 |    00000516  A$main$45
     00000516  C$main.c$ |    00000519  A$main$45 |    0000051A  A$main$45
     0000051B  A$main$45 |    0000051D  A$main$45 |    0000051F  A$main$46
     0000051F  C$main.c$ |    0000051F  XG$fadein |    00000520  A$player$
     00000520  C$player. |    00000520  C$player. |    00000520  G$player_
     00000520  _player_i |    00000523  A$player$ |    00000525  A$player$
     00000525  C$player. |    00000527  A$player$ |    00000529  A$player$
     00000529  C$player. |    0000052C  A$player$ |    0000052D  A$player$
     00000530  A$player$ |    00000531  A$player$ |    00000534  A$player$
     00000536  A$player$ |    00000536  C$player. |    00000539  A$player$
     0000053A  A$player$ |    0000053D  A$player$ |    0000053E  A$player$
     00000541  A$player$ |    00000543  A$player$ |    00000543  C$player.
     00000546  A$player$ |    00000548  A$player$ |    00000548  C$player.
     0000054B  A$player$ |    0000054D  A$player$ |    0000054D  C$player.
     00000550  A$player$ |    00000552  A$player$ |    00000552  C$player.
     00000555  A$player$ |    00000557  A$player$ |    00000557  C$player.
     0000055A  A$player$ |    0000055C  A$player$ |    0000055C  C$player.
     0000055F  A$player$ |    00000561  A$player$ |    00000561  C$player.
ASxxxx Linker V03.00 + NoICE + sdld,  page 7.
Hexadecimal  [32-Bits]

Area                       Addr        Size        Decimal Bytes (Attributes)
--------------------       ----        ----        ------- ----- ------------
_CODE                  00000200    000037D3 =       14291. bytes (REL,CON)

        Value  Global            Value  Global            Value  Global    
        -----  ------            -----  ------            -----  ------    
     00000564  A$player$ |    00000566  A$player$ |    00000569  A$player$
     0000056B  A$player$ |    0000056B  C$player. |    0000056E  A$player$
     00000570  A$player$ |    00000573  A$player$ |    00000575  A$player$
     00000575  C$player. |    00000578  A$player$ |    0000057A  A$player$
     0000057A  C$player. |    0000057D  A$player$ |    0000057F  A$player$
     0000057F  C$player. |    00000582  A$player$ |    00000584  A$player$
     00000584  C$player. |    00000585  A$player$ |    00000588  A$player$
     00000589  A$player$ |    0000058A  A$player$ |    0000058A  C$player.
     0000058D  A$player$ |    0000058F  A$player$ |    0000058F  C$player.
     00000592  A$player$ |    00000594  A$player$ |    00000594  C$player.
     00000597  A$player$ |    00000599  A$player$ |    00000599  C$player.
     0000059C  A$player$ |    0000059E  A$player$ |    0000059E  C$player.
     000005A1  A$player$ |    000005A3  A$player$ |    000005A6  A$player$
     000005A7  A$player$ |    000005A8  A$player$ |    000005A9  A$player$
     000005AC  A$player$ |    000005AD  A$player$ |    000005AE  A$player$
     000005AF  A$player$ |    000005B2  A$player$ |    000005B4  A$player$
     000005B7  A$player$ |    000005B8  A$player$ |    000005B9  A$player$
     000005BA  A$player$ |    000005BB  A$player$ |    000005BE  A$player$
     000005C0  A$player$ |    000005C0  C$player. |    000005C3  A$player$
     000005C4  A$player$ |    000005C7  A$player$ |    000005C8  A$player$
     000005CB  A$player$ |    000005CD  A$player$ |    000005D0  A$player$
     000005D2  A$player$ |    000005D5  A$player$ |    000005D7  A$player$
     000005DA  A$player$ |    000005DC  A$player$ |    000005DF  A$player$
     000005E1  A$player$ |    000005E1  C$player. |    000005E4  A$player$
     000005E6  A$player$ |    000005E6  C$player. |    000005E6  XG$player
     000005E7  G$jump_g$ |    000005E7  _jump_g   |    000005E8  G$fall_g$
     000005E8  _fall_g   |    000005E9  G$impulse |    000005E9  _impulse 
     000005EA  G$jump_po |    000005EA  _jump_pow |    000005EB  G$clamp_x
     000005EB  _clamp_x_ |    000005EC  G$clamp_y |    000005EC  _clamp_y_
     000005ED  A$player$ |    000005ED  C$player. |    000005ED  C$player.
     000005ED  G$compute |    000005ED  _compute_ |    000005F0  A$player$
     000005F2  A$player$ |    000005F4  A$player$ |    000005F4  C$player.
     000005F7  A$player$ |    000005F9  A$player$ |    000005F9  C$player.
     000005FC  A$player$ |    000005FC  C$player. |    000005FF  A$player$
     00000601  A$player$ |    00000602  A$player$ |    00000602  C$player.
     00000605  A$player$ |    00000605  C$player. |    00000608  A$player$
     00000608  C$player. |    0000060B  A$player$ |    0000060C  A$player$
     0000060D  A$player$ |    0000060E  A$player$ |    0000060F  A$player$
     00000611  A$player$ |    00000613  A$player$ |    00000615  A$player$
     00000617  A$player$ |    00000618  A$player$ |    0000061A  A$player$
     0000061C  A$player$ |    0000061E  A$player$ |    0000061F  A$player$
     00000621  A$player$ |    00000624  A$player$ |    00000626  A$player$
     00000628  A$player$ |    0000062A  A$player$ |    0000062C  A$player$
     0000062C  C$player. |    0000062E  A$player$ |    0000062F  A$player$
     00000630  A$player$ |    00000633  A$player$ |    00000634  A$player$
     00000634  C$player. |    00000637  A$player$ |    00000639  A$player$
     00000639  C$player. |    0000063C  A$player$ |    0000063E  A$player$
     0000063E  C$player. |    00000641  A$player$ |    00000643  A$player$
     00000645  A$player$ |    00000648  A$player$ |    00000649  A$player$
     0000064B  A$player$ |    0000064D  A$player$ |    0000064E  A$player$
     0000064E  C$player. |    00000651  A$player$ |    00000651  C$player.
ASxxxx Linker V03.00 + NoICE + sdld,  page 8.
Hexadecimal  [32-Bits]

Area                       Addr        Size        Decimal Bytes (Attributes)
--------------------       ----        ----        ------- ----- ------------
_CODE                  00000200    000037D3 =       14291. bytes (REL,CON)

        Value  Global            Value  Global            Value  Global    
        -----  ------            -----  ------            -----  ------    
     00000654  A$player$ |    00000657  A$player$ |    00000657  C$player.
     0000065A  A$player$ |    0000065D  A$player$ |    0000065D  C$player.
     00000660  A$player$ |    00000660  C$player. |    00000663  A$player$
     00000663  C$player. |    00000663  C$player. |    00000663  XG$comput
     00000666  A$player$ |    00000666  C$player. |    00000666  C$player.
     00000666  Fplayer$r |    00000669  A$player$ |    0000066C  A$player$
     0000066D  A$player$ |    0000066E  A$player$ |    00000670  A$player$
     00000672  A$player$ |    00000672  C$player. |    00000675  A$player$
     00000677  A$player$ |    00000679  A$player$ |    0000067B  A$player$
     0000067C  A$player$ |    0000067D  A$player$ |    00000680  A$player$
     00000681  A$player$ |    00000681  C$player. |    00000684  A$player$
     00000686  A$player$ |    00000688  A$player$ |    0000068B  A$player$
     0000068C  A$player$ |    0000068E  A$player$ |    0000068E  C$player.
     00000691  A$player$ |    00000693  A$player$ |    00000695  A$player$
     00000695  C$player. |    00000698  A$player$ |    0000069A  A$player$
     0000069A  C$player. |    0000069D  A$player$ |    000006A0  A$player$
     000006A2  A$player$ |    000006A2  C$player. |    000006A4  A$player$
     000006A6  A$player$ |    000006A6  C$player. |    000006A9  A$player$
     000006AB  A$player$ |    000006AD  A$player$ |    000006AF  A$player$
     000006B0  A$player$ |    000006B1  A$player$ |    000006B4  A$player$
     000006B5  A$player$ |    000006B5  C$player. |    000006B8  A$player$
     000006BA  A$player$ |    000006BC  A$player$ |    000006BF  A$player$
     000006C0  A$player$ |    000006C2  A$player$ |    000006C2  C$player.
     000006C5  A$player$ |    000006C7  A$player$ |    000006C9  A$player$
     000006C9  C$player. |    000006CC  A$player$ |    000006CE  A$player$
     000006CE  C$player. |    000006D1  A$player$ |    000006D4  A$player$
     000006D6  A$player$ |    000006D6  C$player. |    000006D9  A$player$
     000006DB  A$player$ |    000006DB  C$player. |    000006DE  A$player$
     000006DF  A$player$ |    000006E1  A$player$ |    000006E4  A$player$
     000006E5  A$player$ |    000006E7  A$player$ |    000006E8  A$player$
     000006E9  A$player$ |    000006EA  A$player$ |    000006ED  A$player$
     000006EE  A$player$ |    000006EE  C$player. |    000006F1  A$player$
     000006F1  C$player. |    000006F3  A$player$ |    000006F4  A$player$
     000006F6  A$player$ |    000006F7  A$player$ |    000006F8  A$player$
     000006FA  A$player$ |    000006FD  A$player$ |    000006FF  A$player$
     00000701  A$player$ |    00000704  A$player$ |    00000706  A$player$
     00000708  A$player$ |    0000070B  A$player$ |    0000070D  A$player$
     0000070F  A$player$ |    00000712  A$player$ |    00000714  A$player$
     00000716  A$player$ |    00000716  C$player. |    00000718  A$player$
     00000719  A$player$ |    0000071A  A$player$ |    0000071D  A$player$
     0000071E  A$player$ |    0000071E  C$player. |    00000721  A$player$
     00000721  C$player. |    00000724  A$player$ |    00000726  A$player$
     00000726  C$player. |    00000729  A$player$ |    0000072C  A$player$
     0000072C  C$player. |    0000072F  A$player$ |    00000731  A$player$
     00000731  C$player. |    00000734  A$player$ |    00000736  A$player$
     00000738  A$player$ |    00000738  C$player. |    00000739  A$player$
     0000073A  A$player$ |    0000073C  A$player$ |    0000073F  A$player$
     00000740  A$player$ |    00000741  A$player$ |    00000742  A$player$
     00000743  A$player$ |    00000745  A$player$ |    00000747  A$player$
     00000749  A$player$ |    0000074B  A$player$ |    0000074C  A$player$
     0000074E  A$player$ |    00000750  A$player$ |    00000752  A$player$
ASxxxx Linker V03.00 + NoICE + sdld,  page 9.
Hexadecimal  [32-Bits]

Area                       Addr        Size        Decimal Bytes (Attributes)
--------------------       ----        ----        ------- ----- ------------
_CODE                  00000200    000037D3 =       14291. bytes (REL,CON)

        Value  Global            Value  Global            Value  Global    
        -----  ------            -----  ------            -----  ------    
     00000753  A$player$ |    00000755  A$player$ |    00000758  A$player$
     0000075A  A$player$ |    0000075C  A$player$ |    0000075C  C$player.
     0000075E  A$player$ |    0000075F  A$player$ |    00000760  A$player$
     00000763  A$player$ |    00000764  A$player$ |    00000764  C$player.
     00000767  A$player$ |    00000767  C$player. |    0000076A  A$player$
     0000076C  A$player$ |    0000076C  C$player. |    0000076F  A$player$
     00000771  A$player$ |    00000772  A$player$ |    00000775  A$player$
     00000777  A$player$ |    00000777  C$player. |    00000777  XFplayer$
     00000778  A$player$ |    00000778  C$player. |    00000778  Fplayer$c
     0000077A  A$player$ |    0000077A  C$player. |    0000077D  A$player$
     0000077E  A$player$ |    00000780  A$player$ |    00000782  A$player$
     00000785  A$player$ |    00000787  A$player$ |    00000789  A$player$
     0000078C  A$player$ |    0000078D  A$player$ |    0000078F  A$player$
     00000792  A$player$ |    00000793  A$player$ |    00000796  A$player$
     00000796  C$player. |    00000797  A$player$ |    00000799  A$player$
     0000079A  A$player$ |    0000079C  A$player$ |    0000079D  A$player$
     0000079F  A$player$ |    0000079F  C$player. |    000007A0  A$player$
     000007A2  A$player$ |    000007A4  A$player$ |    000007A5  A$player$
     000007A7  A$player$ |    000007A8  A$player$ |    000007AA  A$player$
     000007AA  C$player. |    000007AD  A$player$ |    000007AE  A$player$
     000007B0  A$player$ |    000007B1  A$player$ |    000007B1  C$player.
     000007B4  A$player$ |    000007B5  A$player$ |    000007B7  A$player$
     000007B7  C$player. |    000007BA  A$player$ |    000007BB  A$player$
     000007BE  A$player$ |    000007BF  A$player$ |    000007C1  A$player$
     000007C2  A$player$ |    000007C4  A$player$ |    000007C7  A$player$
     000007CA  A$player$ |    000007CB  A$player$ |    000007CE  A$player$
     000007D0  A$player$ |    000007D0  C$player. |    000007D3  A$player$
     000007D4  A$player$ |    000007D6  A$player$ |    000007D9  A$player$
     000007DB  A$player$ |    000007DE  A$player$ |    000007DF  A$player$
     000007E0  A$player$ |    000007E2  A$player$ |    000007E3  A$player$
     000007E4  A$player$ |    000007E5  A$player$ |    000007E7  A$player$
     000007E9  A$player$ |    000007EA  A$player$ |    000007EC  A$player$
     000007EF  A$player$ |    000007F0  A$player$ |    000007F3  A$player$
     000007F3  C$player. |    000007F6  A$player$ |    000007F7  A$player$
     000007F9  A$player$ |    000007FB  A$player$ |    000007FD  A$player$
     00000800  A$player$ |    00000802  A$player$ |    00000803  A$player$
     00000806  A$player$ |    00000808  A$player$ |    00000809  A$player$
     0000080C  A$player$ |    0000080E  A$player$ |    00000810  A$player$
     00000812  A$player$ |    00000813  A$player$ |    00000815  A$player$
     00000817  A$player$ |    00000818  A$player$ |    00000819  A$player$
     0000081A  A$player$ |    0000081C  A$player$ |    0000081D  A$player$
     00000820  A$player$ |    00000821  A$player$ |    00000822  A$player$
     00000823  A$player$ |    00000823  C$player. |    00000826  A$player$
     00000828  A$player$ |    00000829  A$player$ |    0000082A  A$player$
     0000082D  A$player$ |    0000082E  A$player$ |    00000830  A$player$
     00000831  A$player$ |    00000833  A$player$ |    00000835  A$player$
     00000837  A$player$ |    00000839  A$player$ |    0000083A  A$player$
     0000083C  A$player$ |    0000083E  A$player$ |    00000840  A$player$
     00000841  A$player$ |    00000843  A$player$ |    00000845  A$player$
     00000846  A$player$ |    00000848  A$player$ |    0000084B  A$player$
     0000084D  A$player$ |    0000084F  A$player$ |    00000851  A$player$
ASxxxx Linker V03.00 + NoICE + sdld,  page 10.
Hexadecimal  [32-Bits]

Area                       Addr        Size        Decimal Bytes (Attributes)
--------------------       ----        ----        ------- ----- ------------
_CODE                  00000200    000037D3 =       14291. bytes (REL,CON)

        Value  Global            Value  Global            Value  Global    
        -----  ------            -----  ------            -----  ------    
     00000852  A$player$ |    00000853  A$player$ |    00000854  A$player$
     00000856  A$player$ |    00000857  A$player$ |    0000085A  A$player$
     0000085B  A$player$ |    0000085E  A$player$ |    00000860  A$player$
     00000860  C$player. |    00000860  XFplayer$ |    00000861  A$player$
     00000861  C$player. |    00000861  Fplayer$r |    00000863  A$player$
     00000866  A$player$ |    00000869  A$player$ |    0000086A  A$player$
     0000086C  A$player$ |    0000086D  A$player$ |    00000870  A$player$
     00000872  A$player$ |    00000874  A$player$ |    00000876  A$player$
     00000878  A$player$ |    00000879  A$player$ |    0000087B  A$player$
     0000087B  C$player. |    0000087E  A$player$ |    00000880  A$player$
     00000880  C$player. |    00000883  A$player$ |    00000885  A$player$
     00000885  C$player. |    00000888  A$player$ |    00000888  C$player.
     0000088B  A$player$ |    0000088B  C$player. |    0000088E  A$player$
     0000088F  A$player$ |    00000892  A$player$ |    00000893  A$player$
     00000893  C$player. |    00000896  A$player$ |    00000899  A$player$
     0000089A  A$player$ |    0000089C  A$player$ |    0000089F  A$player$
     000008A1  A$player$ |    000008A3  A$player$ |    000008A5  A$player$
     000008A7  A$player$ |    000008A8  A$player$ |    000008A9  A$player$
     000008AA  A$player$ |    000008AB  A$player$ |    000008AC  A$player$
     000008AE  A$player$ |    000008AF  A$player$ |    000008B0  A$player$
     000008B0  C$player. |    000008B3  A$player$ |    000008B5  A$player$
     000008B7  A$player$ |    000008BA  A$player$ |    000008BC  A$player$
     000008BE  A$player$ |    000008C1  A$player$ |    000008C2  A$player$
     000008C3  A$player$ |    000008C4  A$player$ |    000008C5  A$player$
     000008C6  A$player$ |    000008C7  A$player$ |    000008C9  A$player$
     000008CA  A$player$ |    000008CB  A$player$ |    000008CC  A$player$
     000008CD  A$player$ |    000008CE  A$player$ |    000008CF  A$player$
     000008D0  A$player$ |    000008D3  A$player$ |    000008D4  A$player$
     000008D5  A$player$ |    000008D6  A$player$ |    000008D7  A$player$
     000008D8  A$player$ |    000008D9  A$player$ |    000008DC  A$player$
     000008DD  A$player$ |    000008E0  A$player$ |    000008E1  A$player$
     000008E3  A$player$ |    000008E4  A$player$ |    000008E7  A$player$
     000008E8  A$player$ |    000008E9  A$player$ |    000008EA  A$player$
     000008EB  A$player$ |    000008EE  A$player$ |    000008EF  A$player$
     000008F1  A$player$ |    000008F2  A$player$ |    000008F3  A$player$
     000008F4  A$player$ |    000008F5  A$player$ |    000008F8  A$player$
     000008F9  A$player$ |    000008FA  A$player$ |    000008FC  A$player$
     000008FD  A$player$ |    000008FE  A$player$ |    00000901  A$player$
     00000902  A$player$ |    00000902  C$player. |    00000905  A$player$
     00000906  A$player$ |    00000909  A$player$ |    0000090C  A$player$
     0000090C  C$player. |    0000090F  A$player$ |    0000090F  C$player.
     00000912  A$player$ |    00000914  A$player$ |    00000915  A$player$
     00000918  A$player$ |    0000091A  A$player$ |    0000091C  A$player$
     0000091F  A$player$ |    00000920  A$player$ |    00000921  A$player$
     00000922  A$player$ |    00000923  A$player$ |    00000924  A$player$
     00000925  A$player$ |    00000927  A$player$ |    00000928  A$player$
     00000929  A$player$ |    0000092A  A$player$ |    0000092B  A$player$
     0000092C  A$player$ |    0000092D  A$player$ |    0000092E  A$player$
     00000931  A$player$ |    00000932  A$player$ |    00000933  A$player$
     00000934  A$player$ |    00000937  A$player$ |    00000939  A$player$
     0000093B  A$player$ |    0000093C  A$player$ |    0000093D  A$player$
ASxxxx Linker V03.00 + NoICE + sdld,  page 11.
Hexadecimal  [32-Bits]

Area                       Addr        Size        Decimal Bytes (Attributes)
--------------------       ----        ----        ------- ----- ------------
_CODE                  00000200    000037D3 =       14291. bytes (REL,CON)

        Value  Global            Value  Global            Value  Global    
        -----  ------            -----  ------            -----  ------    
     0000093E  A$player$ |    00000940  A$player$ |    00000941  A$player$
     00000943  A$player$ |    00000944  A$player$ |    00000947  A$player$
     00000949  A$player$ |    00000949  C$player. |    0000094B  A$player$
     0000094D  A$player$ |    0000094E  A$player$ |    0000094F  A$player$
     00000950  A$player$ |    00000953  A$player$ |    00000954  A$player$
     00000955  A$player$ |    00000956  A$player$ |    00000957  A$player$
     00000958  A$player$ |    0000095A  A$player$ |    0000095B  A$player$
     0000095C  A$player$ |    0000095D  A$player$ |    0000095F  A$player$
     00000960  A$player$ |    00000961  A$player$ |    00000962  A$player$
     00000963  A$player$ |    00000964  A$player$ |    00000965  A$player$
     00000966  A$player$ |    00000967  A$player$ |    00000968  A$player$
     00000969  A$player$ |    0000096A  A$player$ |    0000096B  A$player$
     0000096C  A$player$ |    0000096E  A$player$ |    0000096F  A$player$
     00000970  A$player$ |    00000971  A$player$ |    00000972  A$player$
     00000973  A$player$ |    00000974  A$player$ |    00000975  A$player$
     00000978  A$player$ |    00000979  A$player$ |    0000097A  A$player$
     0000097B  A$player$ |    0000097E  A$player$ |    00000980  A$player$
     00000982  A$player$ |    00000983  A$player$ |    00000985  A$player$
     00000986  A$player$ |    00000987  A$player$ |    00000988  A$player$
     00000989  A$player$ |    0000098B  A$player$ |    0000098C  A$player$
     0000098F  A$player$ |    00000991  A$player$ |    00000991  C$player.
     00000991  C$player. |    00000994  A$player$ |    00000995  A$player$
     00000997  A$player$ |    0000099A  A$player$ |    0000099B  A$player$
     0000099D  A$player$ |    0000099F  A$player$ |    000009A1  A$player$
     000009A2  A$player$ |    000009A3  A$player$ |    000009A4  A$player$
     000009A4  C$player. |    000009A6  A$player$ |    000009A9  A$player$
     000009AA  A$player$ |    000009AD  A$player$ |    000009AD  C$player.
     000009B0  A$player$ |    000009B3  A$player$ |    000009B4  A$player$
     000009B6  A$player$ |    000009B7  A$player$ |    000009B7  C$player.
     000009BA  A$player$ |    000009BC  A$player$ |    000009BD  A$player$
     000009C0  A$player$ |    000009C2  A$player$ |    000009C4  A$player$
     000009C7  A$player$ |    000009C9  A$player$ |    000009CB  A$player$
     000009CD  A$player$ |    000009CE  A$player$ |    000009CF  A$player$
     000009D2  A$player$ |    000009D4  A$player$ |    000009D6  A$player$
     000009D7  A$player$ |    000009DA  A$player$ |    000009DB  A$player$
     000009DC  A$player$ |    000009DD  A$player$ |    000009DE  A$player$
     000009DF  A$player$ |    000009E0  A$player$ |    000009E1  A$player$
     000009E4  A$player$ |    000009E5  A$player$ |    000009E6  A$player$
     000009E9  A$player$ |    000009EB  A$player$ |    000009ED  A$player$
     000009EE  A$player$ |    000009EF  A$player$ |    000009F0  A$player$
     000009F1  A$player$ |    000009F3  A$player$ |    000009F4  A$player$
     000009F7  A$player$ |    000009F9  A$player$ |    000009F9  C$player.
     000009FC  A$player$ |    000009FE  A$player$ |    000009FF  A$player$
     00000A01  A$player$ |    00000A02  A$player$ |    00000A05  A$player$
     00000A06  A$player$ |    00000A07  A$player$ |    00000A08  A$player$
     00000A09  A$player$ |    00000A0A  A$player$ |    00000A0B  A$player$
     00000A0C  A$player$ |    00000A0F  A$player$ |    00000A10  A$player$
     00000A11  A$player$ |    00000A14  A$player$ |    00000A16  A$player$
     00000A18  A$player$ |    00000A19  A$player$ |    00000A1B  A$player$
     00000A1C  A$player$ |    00000A1D  A$player$ |    00000A1E  A$player$
     00000A1F  A$player$ |    00000A21  A$player$ |    00000A22  A$player$
ASxxxx Linker V03.00 + NoICE + sdld,  page 12.
Hexadecimal  [32-Bits]

Area                       Addr        Size        Decimal Bytes (Attributes)
--------------------       ----        ----        ------- ----- ------------
_CODE                  00000200    000037D3 =       14291. bytes (REL,CON)

        Value  Global            Value  Global            Value  Global    
        -----  ------            -----  ------            -----  ------    
     00000A25  A$player$ |    00000A27  A$player$ |    00000A27  C$player.
     00000A29  A$player$ |    00000A29  C$player. |    00000A2C  A$player$
     00000A2E  A$player$ |    00000A30  A$player$ |    00000A32  A$player$
     00000A33  A$player$ |    00000A34  A$player$ |    00000A37  A$player$
     00000A39  A$player$ |    00000A3B  A$player$ |    00000A3C  A$player$
     00000A3F  A$player$ |    00000A40  A$player$ |    00000A41  A$player$
     00000A42  A$player$ |    00000A43  A$player$ |    00000A44  A$player$
     00000A45  A$player$ |    00000A46  A$player$ |    00000A49  A$player$
     00000A4A  A$player$ |    00000A4B  A$player$ |    00000A4E  A$player$
     00000A50  A$player$ |    00000A52  A$player$ |    00000A53  A$player$
     00000A54  A$player$ |    00000A55  A$player$ |    00000A56  A$player$
     00000A58  A$player$ |    00000A59  A$player$ |    00000A5C  A$player$
     00000A5E  A$player$ |    00000A5E  C$player. |    00000A60  A$player$
     00000A62  A$player$ |    00000A63  A$player$ |    00000A65  A$player$
     00000A66  A$player$ |    00000A69  A$player$ |    00000A6A  A$player$
     00000A6B  A$player$ |    00000A6C  A$player$ |    00000A6D  A$player$
     00000A6E  A$player$ |    00000A6F  A$player$ |    00000A70  A$player$
     00000A73  A$player$ |    00000A74  A$player$ |    00000A75  A$player$
     00000A78  A$player$ |    00000A7A  A$player$ |    00000A7C  A$player$
     00000A7D  A$player$ |    00000A7F  A$player$ |    00000A80  A$player$
     00000A81  A$player$ |    00000A82  A$player$ |    00000A83  A$player$
     00000A85  A$player$ |    00000A86  A$player$ |    00000A89  A$player$
     00000A8B  A$player$ |    00000A8B  C$player. |    00000A8D  A$player$
     00000A90  A$player$ |    00000A91  A$player$ |    00000A92  A$player$
     00000A93  A$player$ |    00000A94  A$player$ |    00000A95  A$player$
     00000A96  A$player$ |    00000A97  A$player$ |    00000A9A  A$player$
     00000A9B  A$player$ |    00000A9C  A$player$ |    00000A9E  A$player$
     00000A9F  A$player$ |    00000AA0  A$player$ |    00000AA3  A$player$
     00000AA4  A$player$ |    00000AA4  C$player. |    00000AA4  C$player.
     00000AA7  A$player$ |    00000AAA  A$player$ |    00000AAB  A$player$
     00000AAC  A$player$ |    00000AAE  A$player$ |    00000AB0  A$player$
     00000AB3  A$player$ |    00000AB5  A$player$ |    00000AB7  A$player$
     00000AB7  C$player. |    00000AB9  A$player$ |    00000ABA  A$player$
     00000ABB  A$player$ |    00000ABE  A$player$ |    00000ABF  A$player$
     00000AC0  A$player$ |    00000AC1  A$player$ |    00000AC3  A$player$
     00000AC3  C$player. |    00000AC3  XFplayer$ |    00000AC4  A$player$
     00000AC4  C$player. |    00000AC4  Fplayer$r |    00000AC6  A$player$
     00000AC9  A$player$ |    00000ACB  A$player$ |    00000ACD  A$player$
     00000AD0  A$player$ |    00000AD1  A$player$ |    00000AD2  A$player$
     00000AD4  A$player$ |    00000AD6  A$player$ |    00000AD7  A$player$
     00000AD8  A$player$ |    00000AD9  A$player$ |    00000AD9  C$player.
     00000ADA  A$player$ |    00000ADC  A$player$ |    00000ADD  A$player$
     00000ADD  C$player. |    00000ADE  A$player$ |    00000ADF  A$player$
     00000AE1  A$player$ |    00000AE4  A$player$ |    00000AE5  A$player$
     00000AE7  A$player$ |    00000AE8  A$player$ |    00000AE9  A$player$
     00000AEA  A$player$ |    00000AEC  A$player$ |    00000AEC  C$player.
     00000AEE  A$player$ |    00000AEF  A$player$ |    00000AF0  A$player$
     00000AF1  A$player$ |    00000AF3  A$player$ |    00000AF5  A$player$
     00000AF6  A$player$ |    00000AF7  A$player$ |    00000AF9  A$player$
     00000AFA  A$player$ |    00000AFB  A$player$ |    00000AFE  A$player$
     00000AFF  A$player$ |    00000B00  A$player$ |    00000B01  A$player$
ASxxxx Linker V03.00 + NoICE + sdld,  page 13.
Hexadecimal  [32-Bits]

Area                       Addr        Size        Decimal Bytes (Attributes)
--------------------       ----        ----        ------- ----- ------------
_CODE                  00000200    000037D3 =       14291. bytes (REL,CON)

        Value  Global            Value  Global            Value  Global    
        -----  ------            -----  ------            -----  ------    
     00000B02  A$player$ |    00000B02  C$player. |    00000B04  A$player$
     00000B07  A$player$ |    00000B08  A$player$ |    00000B09  A$player$
     00000B0B  A$player$ |    00000B0D  A$player$ |    00000B0E  A$player$
     00000B0F  A$player$ |    00000B10  A$player$ |    00000B12  A$player$
     00000B13  A$player$ |    00000B13  C$player. |    00000B16  A$player$
     00000B17  A$player$ |    00000B18  A$player$ |    00000B1A  A$player$
     00000B1C  A$player$ |    00000B1C  C$player. |    00000B1F  A$player$
     00000B20  A$player$ |    00000B22  A$player$ |    00000B22  C$player.
     00000B25  A$player$ |    00000B26  A$player$ |    00000B29  A$player$
     00000B2A  A$player$ |    00000B2C  A$player$ |    00000B2C  C$player.
     00000B2F  A$player$ |    00000B30  A$player$ |    00000B33  A$player$
     00000B34  A$player$ |    00000B36  A$player$ |    00000B39  A$player$
     00000B3A  A$player$ |    00000B3B  A$player$ |    00000B3C  A$player$
     00000B3D  A$player$ |    00000B3E  A$player$ |    00000B3F  A$player$
     00000B40  A$player$ |    00000B41  A$player$ |    00000B43  A$player$
     00000B46  A$player$ |    00000B47  A$player$ |    00000B48  A$player$
     00000B49  A$player$ |    00000B4A  A$player$ |    00000B4B  A$player$
     00000B4C  A$player$ |    00000B4D  A$player$ |    00000B50  A$player$
     00000B51  A$player$ |    00000B52  A$player$ |    00000B53  A$player$
     00000B54  A$player$ |    00000B55  A$player$ |    00000B56  A$player$
     00000B57  A$player$ |    00000B5A  A$player$ |    00000B5B  A$player$
     00000B5C  A$player$ |    00000B5D  A$player$ |    00000B5E  A$player$
     00000B5F  A$player$ |    00000B60  A$player$ |    00000B61  A$player$
     00000B61  C$player. |    00000B62  A$player$ |    00000B62  C$player.
     00000B65  A$player$ |    00000B66  A$player$ |    00000B69  A$player$
     00000B69  C$player. |    00000B6C  A$player$ |    00000B6D  A$player$
     00000B70  A$player$ |    00000B73  A$player$ |    00000B74  A$player$
     00000B75  A$player$ |    00000B77  A$player$ |    00000B78  A$player$
     00000B7A  A$player$ |    00000B7D  A$player$ |    00000B7D  C$player.
     00000B80  A$player$ |    00000B82  A$player$ |    00000B85  A$player$
     00000B86  A$player$ |    00000B87  A$player$ |    00000B89  A$player$
     00000B8A  A$player$ |    00000B8B  A$player$ |    00000B8C  A$player$
     00000B8F  A$player$ |    00000B90  A$player$ |    00000B91  A$player$
     00000B92  A$player$ |    00000B94  A$player$ |    00000B97  A$player$
     00000B98  A$player$ |    00000B9A  A$player$ |    00000B9B  A$player$
     00000B9C  A$player$ |    00000B9D  A$player$ |    00000BA0  A$player$
     00000BA1  A$player$ |    00000BA2  A$player$ |    00000BA3  A$player$
     00000BA4  A$player$ |    00000BA5  A$player$ |    00000BA7  A$player$
     00000BAA  A$player$ |    00000BAB  A$player$ |    00000BAD  A$player$
     00000BAE  A$player$ |    00000BAF  A$player$ |    00000BB2  A$player$
     00000BB3  A$player$ |    00000BB4  A$player$ |    00000BB5  A$player$
     00000BB6  A$player$ |    00000BB7  A$player$ |    00000BB7  C$player.
     00000BB9  A$player$ |    00000BBC  A$player$ |    00000BBD  A$player$
     00000BBE  A$player$ |    00000BC0  A$player$ |    00000BC2  A$player$
     00000BC3  A$player$ |    00000BC5  A$player$ |    00000BC6  A$player$
     00000BC9  A$player$ |    00000BCB  A$player$ |    00000BCE  A$player$
     00000BCF  A$player$ |    00000BD0  A$player$ |    00000BD2  A$player$
     00000BD3  A$player$ |    00000BD6  A$player$ |    00000BD8  A$player$
     00000BDA  A$player$ |    00000BDB  A$player$ |    00000BDE  A$player$
     00000BDF  A$player$ |    00000BE0  A$player$ |    00000BE2  A$player$
     00000BE3  A$player$ |    00000BE5  A$player$ |    00000BE6  A$player$
ASxxxx Linker V03.00 + NoICE + sdld,  page 14.
Hexadecimal  [32-Bits]

Area                       Addr        Size        Decimal Bytes (Attributes)
--------------------       ----        ----        ------- ----- ------------
_CODE                  00000200    000037D3 =       14291. bytes (REL,CON)

        Value  Global            Value  Global            Value  Global    
        -----  ------            -----  ------            -----  ------    
     00000BE8  A$player$ |    00000BE9  A$player$ |    00000BEA  A$player$
     00000BEB  A$player$ |    00000BEE  A$player$ |    00000BEF  A$player$
     00000BF0  A$player$ |    00000BF1  A$player$ |    00000BF2  A$player$
     00000BF3  A$player$ |    00000BF5  A$player$ |    00000BF6  A$player$
     00000BF7  A$player$ |    00000BF8  A$player$ |    00000BFA  A$player$
     00000BFB  A$player$ |    00000BFC  A$player$ |    00000BFD  A$player$
     00000BFE  A$player$ |    00000C00  A$player$ |    00000C01  A$player$
     00000C02  A$player$ |    00000C03  A$player$ |    00000C04  A$player$
     00000C05  A$player$ |    00000C06  A$player$ |    00000C07  A$player$
     00000C08  A$player$ |    00000C09  A$player$ |    00000C0A  A$player$
     00000C0B  A$player$ |    00000C0E  A$player$ |    00000C10  A$player$
     00000C12  A$player$ |    00000C15  A$player$ |    00000C16  A$player$
     00000C19  A$player$ |    00000C1B  A$player$ |    00000C1C  A$player$
     00000C1D  A$player$ |    00000C1E  A$player$ |    00000C1F  A$player$
     00000C20  A$player$ |    00000C21  A$player$ |    00000C23  A$player$
     00000C23  C$player. |    00000C23  C$player. |    00000C26  A$player$
     00000C27  A$player$ |    00000C28  A$player$ |    00000C2A  A$player$
     00000C2B  A$player$ |    00000C2D  A$player$ |    00000C2D  C$player.
     00000C2D  XFplayer$ |    00000C2E  A$player$ |    00000C2E  C$player.
     00000C2E  C$player. |    00000C2E  Fplayer$i |    00000C31  A$player$
     00000C33  A$player$ |    00000C34  A$player$ |    00000C37  A$player$
     00000C38  A$player$ |    00000C3A  A$player$ |    00000C3B  A$player$
     00000C3C  A$player$ |    00000C3D  A$player$ |    00000C3E  A$player$
     00000C3F  A$player$ |    00000C41  A$player$ |    00000C42  A$player$
     00000C44  A$player$ |    00000C45  A$player$ |    00000C46  A$player$
     00000C47  A$player$ |    00000C48  A$player$ |    00000C4B  A$player$
     00000C4C  A$player$ |    00000C4D  A$player$ |    00000C4E  A$player$
     00000C4F  A$player$ |    00000C51  A$player$ |    00000C54  A$player$
     00000C55  A$player$ |    00000C56  A$player$ |    00000C57  A$player$
     00000C58  A$player$ |    00000C58  C$player. |    00000C5A  A$player$
     00000C5D  A$player$ |    00000C5E  A$player$ |    00000C5F  A$player$
     00000C61  A$player$ |    00000C63  A$player$ |    00000C64  A$player$
     00000C66  A$player$ |    00000C67  A$player$ |    00000C6A  A$player$
     00000C6C  A$player$ |    00000C6F  A$player$ |    00000C70  A$player$
     00000C71  A$player$ |    00000C72  A$player$ |    00000C75  A$player$
     00000C77  A$player$ |    00000C78  A$player$ |    00000C7B  A$player$
     00000C7C  A$player$ |    00000C7D  A$player$ |    00000C7E  A$player$
     00000C7F  A$player$ |    00000C7F  C$player. |    00000C82  A$player$
     00000C83  A$player$ |    00000C84  A$player$ |    00000C86  A$player$
     00000C87  A$player$ |    00000C87  C$player. |    00000C88  A$player$
     00000C8A  A$player$ |    00000C8B  A$player$ |    00000C8E  A$player$
     00000C8F  A$player$ |    00000C91  A$player$ |    00000C92  A$player$
     00000C93  A$player$ |    00000C94  A$player$ |    00000C95  A$player$
     00000C96  A$player$ |    00000C98  A$player$ |    00000C99  A$player$
     00000C9B  A$player$ |    00000C9C  A$player$ |    00000C9D  A$player$
     00000C9E  A$player$ |    00000C9F  A$player$ |    00000CA2  A$player$
     00000CA3  A$player$ |    00000CA4  A$player$ |    00000CA5  A$player$
     00000CA6  A$player$ |    00000CA8  A$player$ |    00000CAB  A$player$
     00000CAC  A$player$ |    00000CAD  A$player$ |    00000CAE  A$player$
     00000CAF  A$player$ |    00000CAF  C$player. |    00000CB1  A$player$
     00000CB4  A$player$ |    00000CB5  A$player$ |    00000CB6  A$player$
ASxxxx Linker V03.00 + NoICE + sdld,  page 15.
Hexadecimal  [32-Bits]

Area                       Addr        Size        Decimal Bytes (Attributes)
--------------------       ----        ----        ------- ----- ------------
_CODE                  00000200    000037D3 =       14291. bytes (REL,CON)

        Value  Global            Value  Global            Value  Global    
        -----  ------            -----  ------            -----  ------    
     00000CB8  A$player$ |    00000CBA  A$player$ |    00000CBB  A$player$
     00000CBD  A$player$ |    00000CBE  A$player$ |    00000CC1  A$player$
     00000CC3  A$player$ |    00000CC6  A$player$ |    00000CC7  A$player$
     00000CC8  A$player$ |    00000CC9  A$player$ |    00000CCC  A$player$
     00000CCE  A$player$ |    00000CCF  A$player$ |    00000CD2  A$player$
     00000CD3  A$player$ |    00000CD4  A$player$ |    00000CD5  A$player$
     00000CD6  A$player$ |    00000CD6  C$player. |    00000CD9  A$player$
     00000CDA  A$player$ |    00000CDB  A$player$ |    00000CDD  A$player$
     00000CDE  A$player$ |    00000CDE  C$player. |    00000CDE  XFplayer$
     00000CDF  A$player$ |    00000CDF  C$player. |    00000CDF  C$player.
     00000CDF  Fplayer$i |    00000CE2  A$player$ |    00000CE3  A$player$
     00000CE5  A$player$ |    00000CE7  A$player$ |    00000CE8  A$player$
     00000CE9  A$player$ |    00000CEA  A$player$ |    00000CEC  A$player$
     00000CED  A$player$ |    00000CED  C$player. |    00000CF0  A$player$
     00000CF1  A$player$ |    00000CF2  A$player$ |    00000CF4  A$player$
     00000CF5  A$player$ |    00000CF6  A$player$ |    00000CF7  A$player$
     00000CF8  A$player$ |    00000CF9  A$player$ |    00000CFC  A$player$
     00000CFD  A$player$ |    00000CFF  A$player$ |    00000D00  A$player$
     00000D01  A$player$ |    00000D02  A$player$ |    00000D03  A$player$
     00000D04  A$player$ |    00000D05  A$player$ |    00000D08  A$player$
     00000D09  A$player$ |    00000D0A  A$player$ |    00000D0C  A$player$
     00000D0D  A$player$ |    00000D0E  A$player$ |    00000D11  A$player$
     00000D12  A$player$ |    00000D13  A$player$ |    00000D14  A$player$
     00000D17  A$player$ |    00000D18  A$player$ |    00000D19  A$player$
     00000D1A  A$player$ |    00000D1D  A$player$ |    00000D1E  A$player$
     00000D1F  A$player$ |    00000D20  A$player$ |    00000D23  A$player$
     00000D24  A$player$ |    00000D25  A$player$ |    00000D26  A$player$
     00000D26  C$player. |    00000D29  A$player$ |    00000D2B  A$player$
     00000D2B  C$player. |    00000D2E  A$player$ |    00000D30  A$player$
     00000D30  C$player. |    00000D30  XFplayer$ |    00000D31  A$player$
     00000D31  C$player. |    00000D31  C$player. |    00000D31  Fplayer$h
     00000D34  A$player$ |    00000D36  A$player$ |    00000D38  A$player$
     00000D38  C$player. |    00000D3A  A$player$ |    00000D3B  A$player$
     00000D3C  A$player$ |    00000D3F  A$player$ |    00000D40  A$player$
     00000D40  C$player. |    00000D40  C$player. |    00000D43  A$player$
     00000D43  C$player. |    00000D46  A$player$ |    00000D47  A$player$
     00000D49  A$player$ |    00000D4B  A$player$ |    00000D4E  A$player$
     00000D50  A$player$ |    00000D52  A$player$ |    00000D55  A$player$
     00000D56  A$player$ |    00000D58  A$player$ |    00000D5B  A$player$
     00000D5C  A$player$ |    00000D5F  A$player$ |    00000D5F  C$player.
     00000D62  A$player$ |    00000D64  A$player$ |    00000D66  A$player$
     00000D69  A$player$ |    00000D6A  A$player$ |    00000D6B  A$player$
     00000D6C  A$player$ |    00000D6C  C$player. |    00000D6F  A$player$
     00000D70  A$player$ |    00000D71  A$player$ |    00000D74  A$player$
     00000D75  A$player$ |    00000D76  A$player$ |    00000D78  A$player$
     00000D7A  A$player$ |    00000D7C  A$player$ |    00000D7E  A$player$
     00000D7F  A$player$ |    00000D81  A$player$ |    00000D83  A$player$
     00000D85  A$player$ |    00000D86  A$player$ |    00000D88  A$player$
     00000D8B  A$player$ |    00000D8C  A$player$ |    00000D8D  A$player$
     00000D8E  A$player$ |    00000D91  A$player$ |    00000D92  A$player$
     00000D92  C$player. |    00000D92  XFplayer$ |    00000D93  A$player$
ASxxxx Linker V03.00 + NoICE + sdld,  page 16.
Hexadecimal  [32-Bits]

Area                       Addr        Size        Decimal Bytes (Attributes)
--------------------       ----        ----        ------- ----- ------------
_CODE                  00000200    000037D3 =       14291. bytes (REL,CON)

        Value  Global            Value  Global            Value  Global    
        -----  ------            -----  ------            -----  ------    
     00000D93  C$player. |    00000D93  C$player. |    00000D93  Fplayer$e
     00000D96  A$player$ |    00000D99  A$player$ |    00000D9A  A$player$
     00000D9C  A$player$ |    00000D9D  A$player$ |    00000D9E  A$player$
     00000D9F  A$player$ |    00000DA0  A$player$ |    00000DA1  A$player$
     00000DA2  A$player$ |    00000DA5  A$player$ |    00000DA6  A$player$
     00000DA7  A$player$ |    00000DA9  A$player$ |    00000DAA  A$player$
     00000DAB  A$player$ |    00000DAC  A$player$ |    00000DAF  A$player$
     00000DB0  A$player$ |    00000DB2  A$player$ |    00000DB2  C$player.
     00000DB5  A$player$ |    00000DB7  A$player$ |    00000DB7  C$player.
     00000DBA  A$player$ |    00000DBB  A$player$ |    00000DBB  C$player.
     00000DBE  A$player$ |    00000DBF  A$player$ |    00000DC2  A$player$
     00000DC3  A$player$ |    00000DC4  A$player$ |    00000DC6  A$player$
     00000DC7  A$player$ |    00000DC8  A$player$ |    00000DC9  A$player$
     00000DCC  A$player$ |    00000DCD  A$player$ |    00000DCF  A$player$
     00000DD2  A$player$ |    00000DD4  A$player$ |    00000DD6  A$player$
     00000DD6  C$player. |    00000DD9  A$player$ |    00000DDA  A$player$
     00000DDA  C$player. |    00000DDD  A$player$ |    00000DDF  A$player$
     00000DE0  A$player$ |    00000DE0  C$player. |    00000DE2  A$player$
     00000DE5  A$player$ |    00000DE6  A$player$ |    00000DE9  A$player$
     00000DEA  A$player$ |    00000DED  A$player$ |    00000DEE  A$player$
     00000DEF  A$player$ |    00000DF1  A$player$ |    00000DF3  A$player$
     00000DF4  A$player$ |    00000DF6  A$player$ |    00000DF7  A$player$
     00000DFA  A$player$ |    00000DFA  C$player. |    00000DFA  XFplayer$
     00000DFB  A$player$ |    00000DFB  C$player. |    00000DFB  C$player.
     00000DFB  Fplayer$s |    00000DFE  A$player$ |    00000E00  A$player$
     00000E01  A$player$ |    00000E02  A$player$ |    00000E04  A$player$
     00000E04  C$player. |    00000E07  A$player$ |    00000E09  A$player$
     00000E0B  A$player$ |    00000E0E  A$player$ |    00000E0E  C$player.
     00000E11  A$player$ |    00000E13  A$player$ |    00000E13  C$player.
     00000E16  A$player$ |    00000E18  A$player$ |    00000E18  C$player.
     00000E1A  A$player$ |    00000E1B  A$player$ |    00000E1E  A$player$
     00000E1E  C$player. |    00000E1E  XFplayer$ |    00000E1F  A$player$
     00000E1F  C$player. |    00000E1F  Fplayer$c |    00000E21  A$player$
     00000E24  A$player$ |    00000E26  A$player$ |    00000E26  C$player.
     00000E29  A$player$ |    00000E2A  A$player$ |    00000E2B  A$player$
     00000E2D  A$player$ |    00000E2E  A$player$ |    00000E30  A$player$
     00000E31  A$player$ |    00000E32  A$player$ |    00000E33  A$player$
     00000E34  A$player$ |    00000E35  A$player$ |    00000E36  A$player$
     00000E37  A$player$ |    00000E38  A$player$ |    00000E3B  A$player$
     00000E3C  A$player$ |    00000E3D  A$player$ |    00000E3E  A$player$
     00000E41  A$player$ |    00000E42  A$player$ |    00000E43  A$player$
     00000E44  A$player$ |    00000E45  A$player$ |    00000E46  A$player$
     00000E47  A$player$ |    00000E49  A$player$ |    00000E4A  A$player$
     00000E4C  A$player$ |    00000E4D  A$player$ |    00000E4E  A$player$
     00000E4E  C$player. |    00000E4F  A$player$ |    00000E50  A$player$
     00000E51  A$player$ |    00000E52  A$player$ |    00000E55  A$player$
     00000E56  A$player$ |    00000E57  A$player$ |    00000E58  A$player$
     00000E59  A$player$ |    00000E5B  A$player$ |    00000E5E  A$player$
     00000E5E  C$player. |    00000E60  A$player$ |    00000E61  A$player$
     00000E62  A$player$ |    00000E63  A$player$ |    00000E64  A$player$
     00000E67  A$player$ |    00000E68  A$player$ |    00000E6A  A$player$
ASxxxx Linker V03.00 + NoICE + sdld,  page 17.
Hexadecimal  [32-Bits]

Area                       Addr        Size        Decimal Bytes (Attributes)
--------------------       ----        ----        ------- ----- ------------
_CODE                  00000200    000037D3 =       14291. bytes (REL,CON)

        Value  Global            Value  Global            Value  Global    
        -----  ------            -----  ------            -----  ------    
     00000E6D  A$player$ |    00000E6D  C$player. |    00000E6F  A$player$
     00000E6F  C$player. |    00000E71  A$player$ |    00000E72  A$player$
     00000E73  A$player$ |    00000E74  A$player$ |    00000E75  A$player$
     00000E76  A$player$ |    00000E78  A$player$ |    00000E79  A$player$
     00000E7A  A$player$ |    00000E7C  A$player$ |    00000E7E  A$player$
     00000E7F  A$player$ |    00000E80  A$player$ |    00000E81  A$player$
     00000E84  A$player$ |    00000E85  A$player$ |    00000E86  A$player$
     00000E87  A$player$ |    00000E89  A$player$ |    00000E8A  A$player$
     00000E8B  A$player$ |    00000E8C  A$player$ |    00000E8E  A$player$
     00000E8F  A$player$ |    00000E90  A$player$ |    00000E91  A$player$
     00000E92  A$player$ |    00000E93  A$player$ |    00000E95  A$player$
     00000E96  A$player$ |    00000E98  A$player$ |    00000E99  A$player$
     00000E9A  A$player$ |    00000E9B  A$player$ |    00000E9C  A$player$
     00000E9D  A$player$ |    00000E9E  A$player$ |    00000EA0  A$player$
     00000EA1  A$player$ |    00000EA2  A$player$ |    00000EA3  A$player$
     00000EA5  A$player$ |    00000EA6  A$player$ |    00000EA9  A$player$
     00000EAB  A$player$ |    00000EAC  A$player$ |    00000EAE  A$player$
     00000EB0  A$player$ |    00000EB1  A$player$ |    00000EB2  A$player$
     00000EB4  A$player$ |    00000EB5  A$player$ |    00000EB6  A$player$
     00000EB7  A$player$ |    00000EB8  A$player$ |    00000EB9  A$player$
     00000EBA  A$player$ |    00000EBB  A$player$ |    00000EBC  A$player$
     00000EBE  A$player$ |    00000EC0  A$player$ |    00000EC2  A$player$
     00000EC4  A$player$ |    00000EC5  A$player$ |    00000EC7  A$player$
     00000EC9  A$player$ |    00000ECB  A$player$ |    00000ECC  A$player$
     00000ECE  A$player$ |    00000ED1  A$player$ |    00000ED3  A$player$
     00000ED4  A$player$ |    00000ED7  A$player$ |    00000ED8  A$player$
     00000EDA  A$player$ |    00000EDD  A$player$ |    00000EDF  A$player$
     00000EE2  A$player$ |    00000EE3  A$player$ |    00000EE4  A$player$
     00000EE6  A$player$ |    00000EE6  C$player. |    00000EE7  A$player$
     00000EE8  A$player$ |    00000EE9  A$player$ |    00000EEA  A$player$
     00000EEB  A$player$ |    00000EEC  A$player$ |    00000EED  A$player$
     00000EEE  A$player$ |    00000EEF  A$player$ |    00000EF0  A$player$
     00000EF2  A$player$ |    00000EF3  A$player$ |    00000EF4  A$player$
     00000EF5  A$player$ |    00000EF7  A$player$ |    00000EF8  A$player$
     00000EF9  A$player$ |    00000EFA  A$player$ |    00000EFB  A$player$
     00000EFC  A$player$ |    00000EFD  A$player$ |    00000EFF  A$player$
     00000F00  A$player$ |    00000F01  A$player$ |    00000F02  A$player$
     00000F03  A$player$ |    00000F04  A$player$ |    00000F05  A$player$
     00000F06  A$player$ |    00000F09  A$player$ |    00000F0A  A$player$
     00000F0B  A$player$ |    00000F0C  A$player$ |    00000F0E  A$player$
     00000F0F  A$player$ |    00000F10  A$player$ |    00000F11  A$player$
     00000F13  A$player$ |    00000F14  A$player$ |    00000F15  A$player$
     00000F16  A$player$ |    00000F17  A$player$ |    00000F18  A$player$
     00000F1A  A$player$ |    00000F1B  A$player$ |    00000F1D  A$player$
     00000F1E  A$player$ |    00000F1F  A$player$ |    00000F20  A$player$
     00000F21  A$player$ |    00000F22  A$player$ |    00000F23  A$player$
     00000F24  A$player$ |    00000F25  A$player$ |    00000F26  A$player$
     00000F27  A$player$ |    00000F29  A$player$ |    00000F2A  A$player$
     00000F2B  A$player$ |    00000F2E  A$player$ |    00000F30  A$player$
     00000F31  A$player$ |    00000F33  A$player$ |    00000F35  A$player$
     00000F36  A$player$ |    00000F37  A$player$ |    00000F39  A$player$
ASxxxx Linker V03.00 + NoICE + sdld,  page 18.
Hexadecimal  [32-Bits]

Area                       Addr        Size        Decimal Bytes (Attributes)
--------------------       ----        ----        ------- ----- ------------
_CODE                  00000200    000037D3 =       14291. bytes (REL,CON)

        Value  Global            Value  Global            Value  Global    
        -----  ------            -----  ------            -----  ------    
     00000F3A  A$player$ |    00000F3B  A$player$ |    00000F3C  A$player$
     00000F3D  A$player$ |    00000F3E  A$player$ |    00000F3F  A$player$
     00000F40  A$player$ |    00000F41  A$player$ |    00000F43  A$player$
     00000F45  A$player$ |    00000F47  A$player$ |    00000F49  A$player$
     00000F4A  A$player$ |    00000F4C  A$player$ |    00000F4E  A$player$
     00000F50  A$player$ |    00000F51  A$player$ |    00000F53  A$player$
     00000F55  A$player$ |    00000F57  A$player$ |    00000F5A  A$player$
     00000F5B  A$player$ |    00000F5D  A$player$ |    00000F5F  A$player$
     00000F61  A$player$ |    00000F62  A$player$ |    00000F63  A$player$
     00000F64  A$player$ |    00000F66  A$player$ |    00000F68  A$player$
     00000F6A  A$player$ |    00000F6B  A$player$ |    00000F6C  A$player$
     00000F6D  A$player$ |    00000F6F  A$player$ |    00000F70  A$player$
     00000F72  A$player$ |    00000F73  A$player$ |    00000F74  A$player$
     00000F74  C$player. |    00000F77  A$player$ |    00000F7A  A$player$
     00000F7B  A$player$ |    00000F7D  A$player$ |    00000F7E  A$player$
     00000F80  A$player$ |    00000F83  A$player$ |    00000F84  A$player$
     00000F86  A$player$ |    00000F87  A$player$ |    00000F88  A$player$
     00000F89  A$player$ |    00000F8A  A$player$ |    00000F8B  A$player$
     00000F8C  A$player$ |    00000F8E  A$player$ |    00000F90  A$player$
     00000F91  A$player$ |    00000F93  A$player$ |    00000F94  A$player$
     00000F96  A$player$ |    00000F98  A$player$ |    00000F9A  A$player$
     00000F9C  A$player$ |    00000F9D  A$player$ |    00000F9F  A$player$
     00000FA1  A$player$ |    00000FA3  A$player$ |    00000FA4  A$player$
     00000FA6  A$player$ |    00000FA7  A$player$ |    00000FA9  A$player$
     00000FAC  A$player$ |    00000FAD  A$player$ |    00000FAF  A$player$
     00000FB2  A$player$ |    00000FB3  A$player$ |    00000FB5  A$player$
     00000FB6  A$player$ |    00000FB7  A$player$ |    00000FB8  A$player$
     00000FB9  A$player$ |    00000FBA  A$player$ |    00000FBB  A$player$
     00000FBC  A$player$ |    00000FBE  A$player$ |    00000FC0  A$player$
     00000FC1  A$player$ |    00000FC3  A$player$ |    00000FC4  A$player$
     00000FC6  A$player$ |    00000FC8  A$player$ |    00000FCA  A$player$
     00000FCC  A$player$ |    00000FCD  A$player$ |    00000FCF  A$player$
     00000FD1  A$player$ |    00000FD3  A$player$ |    00000FD4  A$player$
     00000FD6  A$player$ |    00000FD7  A$player$ |    00000FD8  A$player$
     00000FDA  A$player$ |    00000FDA  C$player. |    00000FDB  A$player$
     00000FDD  A$player$ |    00000FDF  A$player$ |    00000FE0  A$player$
     00000FE0  C$player. |    00000FE2  A$player$ |    00000FE3  A$player$
     00000FE4  A$player$ |    00000FE5  A$player$ |    00000FE8  A$player$
     00000FE9  A$player$ |    00000FEA  A$player$ |    00000FEB  A$player$
     00000FEC  A$player$ |    00000FEE  A$player$ |    00000FEF  A$player$
     00000FF0  A$player$ |    00000FF3  A$player$ |    00000FF4  A$player$
     00000FF5  A$player$ |    00000FF6  A$player$ |    00000FF7  A$player$
     00000FF8  A$player$ |    00000FF9  A$player$ |    00000FFA  A$player$
     00000FFB  A$player$ |    00000FFC  A$player$ |    00000FFF  A$player$
     00001000  A$player$ |    00001001  A$player$ |    00001002  A$player$
     00001004  A$player$ |    00001007  A$player$ |    00001007  C$player.
     00001008  A$player$ |    0000100A  A$player$ |    0000100C  A$player$
     0000100E  A$player$ |    00001011  A$player$ |    00001013  A$player$
     00001016  A$player$ |    00001018  A$player$ |    0000101B  A$player$
     0000101D  A$player$ |    00001020  A$player$ |    00001022  A$player$
     00001025  A$player$ |    00001027  A$player$ |    0000102A  A$player$
ASxxxx Linker V03.00 + NoICE + sdld,  page 19.
Hexadecimal  [32-Bits]

Area                       Addr        Size        Decimal Bytes (Attributes)
--------------------       ----        ----        ------- ----- ------------
_CODE                  00000200    000037D3 =       14291. bytes (REL,CON)

        Value  Global            Value  Global            Value  Global    
        -----  ------            -----  ------            -----  ------    
     0000102C  A$player$ |    0000102F  A$player$ |    00001032  A$player$
     00001032  C$player. |    00001032  C$player. |    00001034  A$player$
     00001035  A$player$ |    00001036  A$player$ |    00001037  A$player$
     00001038  A$player$ |    0000103A  A$player$ |    0000103B  A$player$
     0000103C  A$player$ |    0000103D  A$player$ |    0000103E  A$player$
     0000103F  A$player$ |    00001041  A$player$ |    00001042  A$player$
     00001043  A$player$ |    00001044  A$player$ |    00001045  A$player$
     00001046  A$player$ |    00001046  C$player. |    00001048  A$player$
     00001049  A$player$ |    0000104A  A$player$ |    0000104B  A$player$
     0000104C  A$player$ |    0000104D  A$player$ |    0000104E  A$player$
     0000104F  A$player$ |    00001050  A$player$ |    00001051  A$player$
     00001052  A$player$ |    00001053  A$player$ |    00001054  A$player$
     00001055  A$player$ |    00001056  A$player$ |    00001057  A$player$
     00001059  A$player$ |    0000105A  A$player$ |    0000105B  A$player$
     0000105B  C$player. |    0000105D  A$player$ |    00001060  A$player$
     00001062  A$player$ |    00001063  A$player$ |    00001064  A$player$
     00001065  A$player$ |    00001066  A$player$ |    00001067  A$player$
     00001068  A$player$ |    00001069  A$player$ |    0000106A  A$player$
     0000106B  A$player$ |    0000106C  A$player$ |    0000106D  A$player$
     0000106F  A$player$ |    00001070  A$player$ |    00001071  A$player$
     00001074  A$player$ |    00001076  A$player$ |    00001079  A$player$
     0000107A  A$player$ |    0000107C  A$player$ |    0000107D  A$player$
     0000107E  A$player$ |    0000107F  A$player$ |    00001080  A$player$
     00001081  A$player$ |    00001082  A$player$ |    00001083  A$player$
     00001085  A$player$ |    00001086  A$player$ |    00001087  A$player$
     00001088  A$player$ |    00001089  A$player$ |    0000108C  A$player$
     0000108E  A$player$ |    00001090  A$player$ |    00001091  A$player$
     00001092  A$player$ |    00001093  A$player$ |    00001094  A$player$
     00001097  A$player$ |    00001099  A$player$ |    0000109A  A$player$
     0000109B  A$player$ |    0000109C  A$player$ |    0000109D  A$player$
     0000109E  A$player$ |    0000109F  A$player$ |    000010A1  A$player$
     000010A2  A$player$ |    000010A3  A$player$ |    000010A4  A$player$
     000010A5  A$player$ |    000010A6  A$player$ |    000010A7  A$player$
     000010A8  A$player$ |    000010A9  A$player$ |    000010AB  A$player$
     000010AC  A$player$ |    000010AD  A$player$ |    000010AF  A$player$
     000010B0  A$player$ |    000010B2  A$player$ |    000010B3  A$player$
     000010B4  A$player$ |    000010B5  A$player$ |    000010B6  A$player$
     000010B7  A$player$ |    000010B8  A$player$ |    000010B9  A$player$
     000010BB  A$player$ |    000010BC  A$player$ |    000010BD  A$player$
     000010BE  A$player$ |    000010BF  A$player$ |    000010C2  A$player$
     000010C4  A$player$ |    000010C5  A$player$ |    000010C6  A$player$
     000010C8  A$player$ |    000010C9  A$player$ |    000010CA  A$player$
     000010CB  A$player$ |    000010CC  A$player$ |    000010CD  A$player$
     000010CE  A$player$ |    000010D0  A$player$ |    000010D2  A$player$
     000010D4  A$player$ |    000010D6  A$player$ |    000010D7  A$player$
     000010D9  A$player$ |    000010DB  A$player$ |    000010DD  A$player$
     000010DE  A$player$ |    000010E0  A$player$ |    000010E0  C$player.
     000010E2  A$player$ |    000010E3  A$player$ |    000010E4  A$player$
     000010E5  A$player$ |    000010E6  A$player$ |    000010E7  A$player$
     000010E8  A$player$ |    000010E9  A$player$ |    000010EC  A$player$
     000010EC  C$player. |    000010EF  A$player$ |    000010F1  A$player$
ASxxxx Linker V03.00 + NoICE + sdld,  page 20.
Hexadecimal  [32-Bits]

Area                       Addr        Size        Decimal Bytes (Attributes)
--------------------       ----        ----        ------- ----- ------------
_CODE                  00000200    000037D3 =       14291. bytes (REL,CON)

        Value  Global            Value  Global            Value  Global    
        -----  ------            -----  ------            -----  ------    
     000010F4  A$player$ |    000010F4  C$player. |    000010F6  A$player$
     000010F7  A$player$ |    000010F8  A$player$ |    000010FB  A$player$
     000010FB  C$player. |    000010FE  A$player$ |    00001100  A$player$
     00001100  C$player. |    00001103  A$player$ |    00001105  A$player$
     00001105  C$player. |    00001108  A$player$ |    0000110A  A$player$
     0000110A  C$player. |    0000110D  A$player$ |    0000110D  C$player.
     0000110D  C$player. |    0000110F  A$player$ |    00001110  A$player$
     00001111  A$player$ |    00001112  A$player$ |    00001113  A$player$
     00001115  A$player$ |    00001116  A$player$ |    00001117  A$player$
     00001118  A$player$ |    00001119  A$player$ |    0000111A  A$player$
     0000111C  A$player$ |    0000111D  A$player$ |    0000111E  A$player$
     0000111F  A$player$ |    00001120  A$player$ |    00001121  A$player$
     00001121  C$player. |    00001123  A$player$ |    00001124  A$player$
     00001125  A$player$ |    00001126  A$player$ |    00001127  A$player$
     00001129  A$player$ |    0000112A  A$player$ |    0000112B  A$player$
     0000112B  C$player. |    0000112D  A$player$ |    00001130  A$player$
     00001132  A$player$ |    00001133  A$player$ |    00001134  A$player$
     00001135  A$player$ |    00001136  A$player$ |    00001137  A$player$
     00001138  A$player$ |    00001139  A$player$ |    0000113A  A$player$
     0000113B  A$player$ |    0000113C  A$player$ |    0000113D  A$player$
     0000113F  A$player$ |    00001140  A$player$ |    00001141  A$player$
     00001144  A$player$ |    00001146  A$player$ |    00001149  A$player$
     0000114A  A$player$ |    0000114C  A$player$ |    0000114D  A$player$
     0000114E  A$player$ |    0000114F  A$player$ |    00001150  A$player$
     00001151  A$player$ |    00001152  A$player$ |    00001153  A$player$
     00001155  A$player$ |    00001156  A$player$ |    00001157  A$player$
     00001158  A$player$ |    00001159  A$player$ |    0000115C  A$player$
[...]
     0000372D  G$run_met |    0000372D  _run_meta |    00003739  G$run_spe
     00003739  _run_spee |    0000373F  G$jump0$0 |    0000373F  _jump0   
     00003753  G$jump_me |    00003753  _jump_met |    00003755  G$jump_sp
     00003755  _jump_spe |    00003756  G$fall0$0 |    00003756  _fall0   
     0000376A  G$fall_me |    0000376A  _fall_met |    0000376C  G$fall_sp
     0000376C  _fall_spe |    0000376D  G$hurt0$0 |    0000376D  _hurt0   
     00003781  G$hurt_me |    00003781  _hurt_met |    00003783  G$hurt_sp
     00003783  _hurt_spe |    00003784  G$metaspr |    00003784  _metaspri
     0000378E  G$metaspr |    0000378E  _metaspri |    00003798  G$frames_
     00003798  _frames_i |    0000379D  G$Sfx$0_0 |    0000379D  _Sfx     
     000037CD  G$base$0_ |    000037CD  _base     |    000037D9  G$bot_map
     000037D9  _bot_map_ |    000037E1  G$bot_map |    000037E1  _bot_map_
     000037E9  G$bot_map |    000037E9  _bot_map_ |    000037F1  G$bot_map
     000037F1  _bot_map_ |    000037FD  G$bot_map |    000037FD  _bot_map_
     00003805  G$bot_map |    00003805  _bot_map_ |    0000380D  G$top_map
     0000380D  _top_map_ |    00003811  G$top_map |    00003811  _top_map_
     00003815  G$top_map |    00003815  _top_map_ |    00003819  G$top_map
     00003819  _top_map_ |    00003821  G$top_map |    00003821  _top_map_
     00003825  G$bot_map |    00003825  _bot_map_ |    0000382D  G$top_map
     0000382D  _top_map_ |    00003831  _hide_spr |    00003861  ___hide_m
     00003888  ___move_m |    000038C7  ___move_m |    0000390A  ___move_m
     0000394D  ___move_m |    00003992  _set_vram |    000039A1  _set_win_
     000039A9  _set_bkg_
ASxxxx Linker V03.00 + NoICE + sdld,  page 51.
Hexadecimal  [32-Bits]

Area                       Addr        Size        Decimal Bytes (Attributes)
--------------------       ----        ----        ------- ----- ------------
_HEADER0               00000000    00000001 =           1. bytes (ABS,CON)

        Value  Global            Value  Global            Value  Global    
        -----  ------            -----  ------            -----  ------    
     00000020  .call_hl 
ASxxxx Linker V03.00 + NoICE + sdld,  page 52.
Hexadecimal  [32-Bits]

Area                       Addr        Size        Decimal Bytes (Attributes)
--------------------       ----        ----        ------- ----- ------------
_HEADER1               00000000    00000005 =           5. bytes (ABS,CON)

        Value  Global            Value  Global            Value  Global    
        -----  ------            -----  ------            -----  ------    
     00000028  .MemsetSm
ASxxxx Linker V03.00 + NoICE + sdld,  page 53.
Hexadecimal  [32-Bits]

Area                       Addr        Size        Decimal Bytes (Attributes)
--------------------       ----        ----        ------- ----- ------------
_HEADER2               00000000    00000007 =           7. bytes (ABS,CON)

        Value  Global            Value  Global            Value  Global    
        -----  ------            -----  ------            -----  ------    
     00000030  .MemcpySm
ASxxxx Linker V03.00 + NoICE + sdld,  page 54.
Hexadecimal  [32-Bits]

Area                       Addr        Size        Decimal Bytes (Attributes)
--------------------       ----        ----        ------- ----- ------------
_HEADER3               00000000    00000008 =           8. bytes (ABS,CON)

        Value  Global            Value  Global            Value  Global    
        -----  ------            -----  ------            -----  ------    
ASxxxx Linker V03.00 + NoICE + sdld,  page 55.
Hexadecimal  [32-Bits]

Area                       Addr        Size        Decimal Bytes (Attributes)
--------------------       ----        ----        ------- ----- ------------
_HEADER4               00000000    0000004E =          78. bytes (ABS,CON)

        Value  Global            Value  Global            Value  Global    
        -----  ------            -----  ------            -----  ------    
     00000080  .int      |    0000008F  _wait_int |    0000009C  __standar
     000000AC  _refresh_
ASxxxx Linker V03.00 + NoICE + sdld,  page 56.
Hexadecimal  [32-Bits]

Area                       Addr        Size        Decimal Bytes (Attributes)
--------------------       ----        ----        ------- ----- ------------
_HEADER5               00000000    00000002 =           2. bytes (ABS,CON)

        Value  Global            Value  Global            Value  Global    
        -----  ------            -----  ------            -----  ------    
ASxxxx Linker V03.00 + NoICE + sdld,  page 57.
Hexadecimal  [32-Bits]

Area                       Addr        Size        Decimal Bytes (Attributes)
--------------------       ----        ----        ------- ----- ------------
_HEADER6               00000000    00000030 =          48. bytes (ABS,CON)

        Value  Global            Value  Global            Value  Global    
        -----  ------            -----  ------            -----  ------    
ASxxxx Linker V03.00 + NoICE + sdld,  page 58.
Hexadecimal  [32-Bits]

Area                       Addr        Size        Decimal Bytes (Attributes)
--------------------       ----        ----        ------- ----- ------------
_HEADER7               00000000    00000006 =           6. bytes (ABS,CON)

        Value  Global            Value  Global            Value  Global    
        -----  ------            -----  ------            -----  ------    
ASxxxx Linker V03.00 + NoICE + sdld,  page 59.
Hexadecimal  [32-Bits]

Area                       Addr        Size        Decimal Bytes (Attributes)
--------------------       ----        ----        ------- ----- ------------
_HEADER8               00000000    00000003 =           3. bytes (ABS,CON)

        Value  Global            Value  Global            Value  Global    
        -----  ------            -----  ------            -----  ------    
ASxxxx Linker V03.00 + NoICE + sdld,  page 60.
Hexadecimal  [32-Bits]

Area                       Addr        Size        Decimal Bytes (Attributes)
--------------------       ----        ----        ------- ----- ------------
_HEADER9               00000000    00000001 =           1. bytes (ABS,CON)

        Value  Global            Value  Global            Value  Global    
        -----  ------            -----  ------            -----  ------    
ASxxxx Linker V03.00 + NoICE + sdld,  page 61.
Hexadecimal  [32-Bits]

Area                       Addr        Size        Decimal Bytes (Attributes)
--------------------       ----        ----        ------- ----- ------------
_HEADERa               00000000    00000001 =           1. bytes (ABS,CON)

        Value  Global            Value  Global            Value  Global    
        -----  ------            -----  ------            -----  ------    
ASxxxx Linker V03.00 + NoICE + sdld,  page 62.
Hexadecimal  [32-Bits]

Area                       Addr        Size        Decimal Bytes (Attributes)
--------------------       ----        ----        ------- ----- ------------
_HEADERb               00000000    00000001 =           1. bytes (ABS,CON)

        Value  Global            Value  Global            Value  Global    
        -----  ------            -----  ------            -----  ------    
ASxxxx Linker V03.00 + NoICE + sdld,  page 63.
Hexadecimal  [32-Bits]

Area                       Addr        Size        Decimal Bytes (Attributes)
--------------------       ----        ----        ------- ----- ------------
_HEADERc               00000000    00000002 =           2. bytes (ABS,CON)

        Value  Global            Value  Global            Value  Global    
        -----  ------            -----  ------            -----  ------    
ASxxxx Linker V03.00 + NoICE + sdld,  page 64.
Hexadecimal  [32-Bits]

Area                       Addr        Size        Decimal Bytes (Attributes)
--------------------       ----        ----        ------- ----- ------------
_HEADERd               00000000    00000001 =           1. bytes (ABS,CON)

        Value  Global            Value  Global            Value  Global    
        -----  ------            -----  ------            -----  ------    
ASxxxx Linker V03.00 + NoICE + sdld,  page 65.
Hexadecimal  [32-Bits]

Area                       Addr        Size        Decimal Bytes (Attributes)
--------------------       ----        ----        ------- ----- ------------
_HEADERe               00000000    00000001 =           1. bytes (ABS,CON)

        Value  Global            Value  Global            Value  Global    
        -----  ------            -----  ------            -----  ------    
ASxxxx Linker V03.00 + NoICE + sdld,  page 66.
Hexadecimal  [32-Bits]

Area                       Addr        Size        Decimal Bytes (Attributes)
--------------------       ----        ----        ------- ----- ------------
_HEADERf               00000000    00000002 =           2. bytes (ABS,CON)

        Value  Global            Value  Global            Value  Global    
        -----  ------            -----  ------            -----  ------    
ASxxxx Linker V03.00 + NoICE + sdld,  page 67.
Hexadecimal  [32-Bits]

Area                       Addr        Size        Decimal Bytes (Attributes)
--------------------       ----        ----        ------- ----- ------------
_HEADER10              00000000    00000082 =         130. bytes (ABS,CON)

        Value  Global            Value  Global            Value  Global    
        -----  ------            -----  ------            -----  ------    
     00000150  .reset    |    00000150  _reset    |    00000157  .code_sta
     000001B7  _exit     |    000001BB  _set_inte
ASxxxx Linker V03.00 + NoICE + sdld,  page 68.
Hexadecimal  [32-Bits]

Area                       Addr        Size        Decimal Bytes (Attributes)
--------------------       ----        ----        ------- ----- ------------
_HEADER11              00000000    00000001 =           1. bytes (ABS,CON)

        Value  Global            Value  Global            Value  Global    
        -----  ------            -----  ------            -----  ------    
ASxxxx Linker V03.00 + NoICE + sdld,  page 69.
Hexadecimal  [32-Bits]

Area                       Addr        Size        Decimal Bytes (Attributes)
--------------------       ----        ----        ------- ----- ------------
_HOME                  000039D3    0000035C =         860. bytes (REL,CON)

        Value  Global            Value  Global            Value  Global    
        -----  ------            -----  ------            -----  ------    
     000039D3  .memset_s |    000039DC  .memcpy_s |    000039F9  .remove_V
     000039FC  .remove_i |    00003A19  .add_VBL  |    00003A1C  .add_int 
     00003A27  .wait_vbl |    00003A27  _wait_vbl |    00003A37  .display_
     00003A37  _display_ |    00003A4F  _remove_V |    00003A5A  _add_VBL 
     00003A65  _rand     |    00003A65  _randw    |    00003A90  _initrand
     00003A92  .initrand |    00003A9B  _uitoa    |    00003AAA  _itoa    
     00003AB9  .itoa     |    00003ACD  .utoa     |    00003B41  __mulsuch
     00003B4B  __mulusch |    00003B55  __mulscha |    00003B67  __mulucha
     00003B73  __mulint  |    00003B99  _set_win_ |    00003BAD  _set_tile
     00003BB2  _set_bkg_ |    00003BB2  _set_win_ |    00003BBA  _set_spri
     00003C19  _add_LCD  |    00003C24  .add_LCD  |    00003C2A  _remove_L
     00003C35  .remove_L |    00003C3B  .padup    |    00003C3B  _waitpadu
     00003C4B  .jpad     |    00003C4B  _joypad   |    00003C73  _waitpad 
     00003C76  .wait_pad |    00003C7D  ___memcpy |    00003C7D  _memcpy  
     00003CC0  ___sdcc_c |    00003CC1  _set_bkg_ |    00003CD5  .set_xy_w
     00003CDE  .set_xy_b |    00003CED  .set_xy_t
ASxxxx Linker V03.00 + NoICE + sdld,  page 70.
Hexadecimal  [32-Bits]

Area                       Addr        Size        Decimal Bytes (Attributes)
--------------------       ----        ----        ------- ----- ------------
_INITIALIZER           00003D2F    00000104 =         260. bytes (REL,CON)

        Value  Global            Value  Global            Value  Global    
        -----  ------            -----  ------            -----  ------    
     00003D2F  Fplayer$_ |    00003D33  Fplayer$_ |    00003D41  Fbrick_pa
     00003D61  Fextra_sp |    00003DE1  Fpartly_b
ASxxxx Linker V03.00 + NoICE + sdld,  page 71.
Hexadecimal  [32-Bits]

Area                       Addr        Size        Decimal Bytes (Attributes)
--------------------       ----        ----        ------- ----- ------------
_GSINIT                00003E33    0000000C =          12. bytes (REL,CON)

        Value  Global            Value  Global            Value  Global    
        -----  ------            -----  ------            -----  ------    
     00003E33  gsinit   
ASxxxx Linker V03.00 + NoICE + sdld,  page 72.
Hexadecimal  [32-Bits]

Area                       Addr        Size        Decimal Bytes (Attributes)
--------------------       ----        ----        ------- ----- ------------
_GSFINAL               00003E3F    00000001 =           1. bytes (REL,CON)

        Value  Global            Value  Global            Value  Global    
        -----  ------            -----  ------            -----  ------    
ASxxxx Linker V03.00 + NoICE + sdld,  page 73.
Hexadecimal  [32-Bits]

Area                       Addr        Size        Decimal Bytes (Attributes)
--------------------       ----        ----        ------- ----- ------------
_DATA                  0000C0A0    00000196 =         406. bytes (REL,CON)

        Value  Global            Value  Global            Value  Global    
        -----  ------            -----  ------            -----  ------    
     0000C0A0  __cpu     |    0000C0A1  __is_GBA  |    0000C0A2  .mode    
     0000C0A3  .sys_time |    0000C0A3  _sys_time |    0000C0A5  .int_0x40
     0000C0B9  G$ending_ |    0000C0B9  _ending_f |    0000C0BA  Fending$s
     0000C0BB  Fending$f |    0000C0BC  Fending$w |    0000C0BE  Fending$m
     0000C0BF  Fending$s |    0000C0C4  Fending$i |    0000C0C5  G$i$0_0$0
     0000C0C5  _i        |    0000C0C6  Fmain$sco |    0000C0CB  G$player_
     0000C0CB  _player_d |    0000C0CC  Fplayer$f |    0000C0CD  Fplayer$c
     0000C0CE  G$a_not_p |    0000C0CE  _a_not_pr |    0000C0CF  Fplayer$i
     0000C0D0  Fplayer$j |    0000C0D1  Fplayer$x |    0000C0D2  Fplayer$x
     0000C0D3  Fplayer$i |    0000C0D4  Fplayer$i |    0000C0D5  Fplayer$i
     0000C0D6  Fplayer$y |    0000C0D7  Fplayer$p |    0000C0D8  Fplayer$p
     0000C0D9  Fplayer$l |    0000C0DA  Fplayer$l |    0000C0DB  Fplayer$c
     0000C0DC  Fplayer$c |    0000C0DD  G$score$0 |    0000C0DD  _score   
     0000C0DF  Fplayer$m |    0000C0E0  Fplayer$t |    0000C0E1  Fplayer$h
     0000C0E2  Fplayer$n |    0000C0E3  Fplayer$b |    0000C0E4  Fplayer$b
     0000C0E5  Fscene$i$ |    0000C0E6  G$rand_in |    0000C0E6  _rand_ini
     0000C0E7  G$r$0_0$0 |    0000C0E7  _r        |    0000C0E8  Fscene$wi
     0000C0EC  G$camera_ |    0000C0EC  _camera_y |    0000C0ED  G$old_cam
     0000C0ED  _old_came |    0000C0EE  G$camera_ |    0000C0EE  _camera_y
     0000C0EF  G$old_cam |    0000C0EF  _old_came |    0000C0F0  Fscene$fr
     0000C0F1  Fscene$cu |    0000C0F2  Fscene$ac |    0000C0F3  G$game_st
     0000C0F3  _game_sta |    0000C0F4  G$game_en |    0000C0F4  _game_end
     0000C0F5  G$rect_li |    0000C0F5  _rect_lis |    0000C195  G$map_com
     0000C195  _map_comp |    0000C1B5  Fscene$ne |    0000C1B6  Fscene$wa
     0000C1B7  Fscene$ma |    0000C1B8  Fscene$wi |    0000C218  G$clothes
     0000C218  _clothes_ |    0000C21C  G$clothes |    0000C21C  _clothes_
     0000C21D  G$deactiv |    0000C21D  _deactiva |    0000C21E  Fscene$we
     0000C21F  Fscene$is |    0000C220  Lscene.me |    0000C221  ___rand_s
     0000C223  .int_0x48 |    0000C233  ___curren |    0000C235  ___curren
ASxxxx Linker V03.00 + NoICE + sdld,  page 74.
Hexadecimal  [32-Bits]

Area                       Addr        Size        Decimal Bytes (Attributes)
--------------------       ----        ----        ------- ----- ------------
_INITIALIZED           0000C236    00000104 =         260. bytes (REL,CON)

        Value  Global            Value  Global            Value  Global    
        -----  ------            -----  ------            -----  ------    
     0000C236  Fplayer$p |    0000C23A  Fplayer$r |    0000C248  G$brick_p
     0000C248  _brick_pa |    0000C268  G$extra_s |    0000C268  _extra_sp
     0000C2E8  G$partly_ |    0000C2E8  _partly_b |    0000C338  ___render
     0000C339  __map_til
ASxxxx Linker V03.00 + NoICE + sdld,  page 75.
Hexadecimal  [32-Bits]

Area                       Addr        Size        Decimal Bytes (Attributes)
--------------------       ----        ----        ------- ----- ------------
_HRAM12                00000000    00000003 =           3. bytes (ABS,CON)

        Value  Global            Value  Global            Value  Global    
        -----  ------            -----  ------            -----  ------    
     0000FF90  __current |    0000FF92  __shadow_
ASxxxx Linker V03.00 + NoICE + sdld,  page 76.
Hexadecimal  [32-Bits]

Area                       Addr        Size        Decimal Bytes (Attributes)
--------------------       ----        ----        ------- ----- ------------
_HEADER_LCD0           00000000    00000003 =           3. bytes (ABS,CON)

        Value  Global            Value  Global            Value  Global    
        -----  ------            -----  ------            -----  ------    
ASxxxx Linker V03.00 + NoICE + sdld,  page 77.

Files Linked                              [ module(s) ]

C:\gbdk\lib/small/asxxxx/gb/crt0.o        [ Runtime ]
obj/ending.o                              [ ending ]
obj/main.o                                [ main ]
obj/player.o                              [ player ]
obj/scene.o                               [ scene ]
obj/sound.o                               [ sound ]
obj/base_floor_map.o                      [ base_floor_map ]
obj/brick_particle.o                      [ brick_particle ]
obj/extra_sprites.o                       [ extra_sprites ]
obj/hub_data.o                            [ hub_data ]
obj/hub_map.o                             [ hub_map ]
obj/hud_map.o                             [ hud_map ]
obj/Numbers.o                             [ Numbers ]
obj/partly_broken_bricks.o                [ partly_broken_bricks ]
obj/PlayerSprites.o                       [ PlayerSprites ]
obj/Sfx.o                                 [ Sfx ]
obj/window_maps.o                         [ window_maps ]


Libraries Linked                          [ object file ]

C:\gbdk\lib/small/asxxxx/gb/gb.lib        [ sfr.o ]
C:\gbdk\lib/small/asxxxx/gbz80/gbz80.lib  [ rand.o ]
C:\gbdk\lib/small/asxxxx/gbz80/gbz80.lib  [ itoa.o ]
C:\gbdk\lib/small/asxxxx/gb/gb.lib        [ metasprites_hide_spr.o ]
C:\gbdk\lib/small/asxxxx/gb/gb.lib        [ metasprites_hide.o ]
C:\gbdk\lib/small/asxxxx/gbz80/gbz80.lib  [ mul.o ]
C:\gbdk\lib/small/asxxxx/gb/gb.lib        [ set_wi_t.o ]
C:\gbdk\lib/small/asxxxx/gb/gb.lib        [ set_data.o ]
C:\gbdk\lib/small/asxxxx/gb/gb.lib        [ lcd.o ]
C:\gbdk\lib/small/asxxxx/gb/gb.lib        [ pad.o ]
C:\gbdk\lib/small/asxxxx/gb/gb.lib        [ metasprites.o ]
C:\gbdk\lib/small/asxxxx/gbz80/gbz80.lib  [ _memcpy.o ]
C:\gbdk\lib/small/asxxxx/gbz80/gbz80.lib  [ __sdcc_call_hl.o ]
C:\gbdk\lib/small/asxxxx/gb/gb.lib        [ metasprites_flip.o ]
C:\gbdk\lib/small/asxxxx/gb/gb.lib        [ set_tile.o ]
C:\gbdk\lib/small/asxxxx/gb/gb.lib        [ set_bk_t.o ]
C:\gbdk\lib/small/asxxxx/gb/gb.lib        [ set_xy_t.o ]

ASxxxx Linker V03.00 + NoICE + sdld,  page 78.

User Base Address Definitions

_DATA=0xC0A0
_CODE=0x0200
ASxxxx Linker V03.00 + NoICE + sdld,  page 79.

User Global Definitions

_shadow_OAM=0xC000
.STACK=0xE000
.refresh_OAM=0xFF80

