ASxxxx Linker V03.00 + NoICE + sdld,  page 1.
Hexadecimal  [32-Bits]

Area                       Addr        Size        Decimal Bytes (Attributes)
--------------------       ----        ----        ------- ----- ------------
.  .ABS.               00000000    00000000 =           0. bytes (ABS,CON)

        Value  Global            Value  Global            Value  Global    
        -----  ------            -----  ------            -----  ------    
     00000000  .__.ABS.  |    00000000  _rRAMG    |    00000000  l__BASE  
     00000000  l__BSS    |    00000000  l__CABS   |    00000000  l__CODE_0
     00000000  l__DABS   |    00000000  l__HEADER |    00000000  l__HEADER
     00000000  l__HEAP   |    00000000  l__HRAM   |    00000000  l__LIT   
     00000000  s__CABS   |    00000000  s__DABS   |    00000000  s__HEADER
     00000000  s__HEADER |    00000000  s__HEADER |    00000000  s__HEADER
     00000000  s__HEADER |    00000000  s__HEADER |    00000000  s__HEADER
     00000000  s__HEADER |    00000000  s__HEADER |    00000000  s__HEADER
     00000000  s__HEADER |    00000000  s__HEADER |    00000000  s__HEADER
     00000000  s__HEADER |    00000000  s__HEADER |    00000000  s__HEADER
     00000000  s__HEADER |    00000000  s__HEADER |    00000000  s__HEADER
     00000000  s__HEADER |    00000000  s__HEADER |    00000000  s__HRAM  
     00000000  s__HRAM12 |    00000001  l__GSFINA |    00000001  l__HEADER
     00000001  l__HEADER |    00000001  l__HEADER |    00000001  l__HEADER
     00000001  l__HEADER |    00000001  l__HEADER |    00000001  l__HEADER
     00000002  l__HEADER |    00000002  l__HEADER |    00000002  l__HEADER
     00000003  l__HEADER |    00000003  l__HEADER |    00000003  l__HRAM12
     00000005  l__HEADER |    00000006  l__HEADER |    00000007  l__HEADER
     00000008  l__HEADER |    0000000C  l__GSINIT |    00000030  l__HEADER
     0000004E  l__HEADER |    00000082  l__HEADER |    00000104  l__INITIA
     00000104  l__INITIA |    00000196  l__DATA   |    00000200  s__CODE  
     0000035C  l__HOME   |    00002000  _rROMB0   |    00003000  _rROMB1  
     000037CF  l__CODE   |    000039CF  s__HOME   |    00003D2B  s__BASE  
     00003D2B  s__CODE_0 |    00003D2B  s__INITIA |    00003D2B  s__LIT   
     00003E2F  s__GSINIT |    00003E3B  s__GSFINA |    00004000  _rRAMB   
     00008000  __VRAM    |    00008000  __VRAM800 |    00008800  __VRAM880
     00009000  __VRAM900 |    00009800  __SCRN0   |    00009C00  __SCRN1  
     0000A000  __SRAM    |    0000C000  __RAM     |    0000C000  _shadow_O
     0000C0A0  s__DATA   |    0000C236  s__BSS    |    0000C236  s__INITIA
     0000C33A  s__HEAP   |    0000D000  __RAMBANK |    0000E000  .STACK   
     0000FE00  __OAMRAM  |    0000FF00  _P1_REG   |    0000FF00  __IO     
     0000FF01  _SB_REG   |    0000FF02  _SC_REG   |    0000FF04  _DIV_REG 
     0000FF05  _TIMA_REG |    0000FF06  _TMA_REG  |    0000FF07  _TAC_REG 
     0000FF0F  _IF_REG   |    0000FF10  _NR10_REG |    0000FF11  _NR11_REG
     0000FF12  _NR12_REG |    0000FF13  _NR13_REG |    0000FF14  _NR14_REG
     0000FF16  _NR21_REG |    0000FF17  _NR22_REG |    0000FF18  _NR23_REG
     0000FF19  _NR24_REG |    0000FF1A  _NR30_REG |    0000FF1B  _NR31_REG
     0000FF1C  _NR32_REG |    0000FF1D  _NR33_REG |    0000FF1E  _NR34_REG
     0000FF20  _NR41_REG |    0000FF21  _NR42_REG |    0000FF22  _NR43_REG
     0000FF23  _NR44_REG |    0000FF24  _NR50_REG |    0000FF25  _NR51_REG
     0000FF26  _NR52_REG |    0000FF30  _AUD3WAVE |    0000FF30  _PCM_SAMP
     0000FF30  __AUD3WAV |    0000FF40  _LCDC_REG |    0000FF41  _STAT_REG
     0000FF42  _SCY_REG  |    0000FF43  _SCX_REG  |    0000FF44  _LY_REG  
     0000FF45  _LYC_REG  |    0000FF46  _DMA_REG  |    0000FF47  _BGP_REG 
     0000FF48  _OBP0_REG |    0000FF49  _OBP1_REG |    0000FF4A  _WY_REG  
     0000FF4B  _WX_REG   |    0000FF4D  _KEY1_REG |    0000FF4F  _VBK_REG 
     0000FF51  _HDMA1_RE |    0000FF52  _HDMA2_RE |    0000FF53  _HDMA3_RE
     0000FF54  _HDMA4_RE |    0000FF55  _HDMA5_RE |    0000FF56  _RP_REG  
     0000FF68  _BCPS_REG |    0000FF69  _BCPD_REG |    0000FF6A  _OCPS_REG
     0000FF6B  _OCPD_REG |    0000FF70  _SVBK_REG |    0000FF76  _PCM12_RE
ASxxxx Linker V03.00 + NoICE + sdld,  page 2.
Hexadecimal  [32-Bits]

Area                       Addr        Size        Decimal Bytes (Attributes)
--------------------       ----        ----        ------- ----- ------------
.  .ABS.               00000000    00000000 =           0. bytes (ABS,CON)

        Value  Global            Value  Global            Value  Global    
        -----  ------            -----  ------            -----  ------    
     0000FF77  _PCM34_RE |    0000FF80  .refresh_ |    0000FF80  __HRAM   
     0000FFFF  _IE_REG  
ASxxxx Linker V03.00 + NoICE + sdld,  page 3.
Hexadecimal  [32-Bits]

Area                       Addr        Size        Decimal Bytes (Attributes)
--------------------       ----        ----        ------- ----- ------------
_CODE                  00000200    000037CF =       14287. bytes (REL,CON)

        Value  Global            Value  Global            Value  Global    
        -----  ------            -----  ------            -----  ------    
     00000200  A$ending$ |    00000200  C$ending. |    00000200  C$ending.
     00000200  G$VBL_isr |    00000200  _VBL_isr  |    00000202  A$ending$
     00000204  A$ending$ |    00000206  A$ending$ |    00000206  C$ending.
     00000209  A$ending$ |    0000020B  A$ending$ |    0000020B  C$ending.
     0000020B  XG$VBL_is |    0000020C  A$ending$ |    0000020C  C$ending.
     0000020C  C$ending. |    0000020C  G$LCD_isr |    0000020C  _LCD_isr 
     0000020E  A$ending$ |    00000210  A$ending$ |    00000211  A$ending$
     00000213  A$ending$ |    00000215  A$ending$ |    00000217  A$ending$
     00000217  C$ending. |    00000217  XG$LCD_is |    00000218  A$ending$
     00000218  C$ending. |    00000218  C$ending. |    00000218  G$ending_
     00000218  _ending_i |    0000021B  A$ending$ |    0000021D  A$ending$
     0000021D  C$ending. |    00000220  A$ending$ |    00000221  A$ending$
     00000224  A$ending$ |    00000225  A$ending$ |    00000225  C$ending.
     00000228  A$ending$ |    00000229  A$ending$ |    0000022C  A$ending$
     0000022D  A$ending$ |    00000230  A$ending$ |    00000232  A$ending$
     00000235  A$ending$ |    00000237  A$ending$ |    0000023A  A$ending$
     0000023C  A$ending$ |    0000023F  A$ending$ |    00000241  A$ending$
     00000244  A$ending$ |    00000246  A$ending$ |    00000249  A$ending$
     0000024B  A$ending$ |    0000024B  C$ending. |    0000024B  C$ending.
     0000024B  XG$ending |    0000024C  A$ending$ |    0000024C  C$ending.
     0000024C  Fending$p |    0000024D  A$ending$ |    0000024D  C$ending.
     00000250  A$ending$ |    00000252  A$ending$ |    00000255  A$ending$
     00000255  C$ending. |    00000258  A$ending$ |    00000259  A$ending$
     0000025B  A$ending$ |    0000025C  A$ending$ |    0000025C  C$ending.
     0000025F  A$ending$ |    00000260  A$ending$ |    00000261  A$ending$
     00000263  A$ending$ |    00000263  C$ending. |    00000266  A$ending$
     00000268  A$ending$ |    00000268  C$ending. |    0000026B  A$ending$
     0000026C  A$ending$ |    0000026F  A$ending$ |    00000270  A$ending$
     00000271  A$ending$ |    00000272  A$ending$ |    00000273  A$ending$
     00000276  A$ending$ |    00000278  A$ending$ |    00000278  C$ending.
     0000027B  A$ending$ |    0000027C  A$ending$ |    0000027D  A$ending$
     00000280  A$ending$ |    00000281  A$ending$ |    00000284  A$ending$
     00000285  A$ending$ |    00000286  A$ending$ |    00000288  A$ending$
     00000289  A$ending$ |    0000028A  A$ending$ |    0000028B  A$ending$
     0000028C  A$ending$ |    0000028F  A$ending$ |    00000291  A$ending$
     00000292  A$ending$ |    00000295  A$ending$ |    00000297  A$ending$
     00000298  A$ending$ |    0000029B  A$ending$ |    0000029C  A$ending$
     0000029D  A$ending$ |    0000029E  A$ending$ |    000002A0  A$ending$
     000002A1  A$ending$ |    000002A2  A$ending$ |    000002A4  A$ending$
     000002A5  A$ending$ |    000002A6  A$ending$ |    000002A7  A$ending$
     000002A9  A$ending$ |    000002AC  A$ending$ |    000002AE  A$ending$
     000002B0  A$ending$ |    000002B0  C$ending. |    000002B2  A$ending$
     000002B3  A$ending$ |    000002B5  A$ending$ |    000002B6  A$ending$
     000002B6  C$ending. |    000002B9  A$ending$ |    000002BA  A$ending$
     000002BC  A$ending$ |    000002BC  C$ending. |    000002BD  A$ending$
     000002BF  A$ending$ |    000002C0  A$ending$ |    000002C1  A$ending$
     000002C4  A$ending$ |    000002C5  A$ending$ |    000002C7  A$ending$
     000002C8  A$ending$ |    000002CA  A$ending$ |    000002CB  A$ending$
     000002CC  A$ending$ |    000002CF  A$ending$ |    000002D1  A$ending$
     000002D1  C$ending. |    000002D4  A$ending$ |    000002D5  A$ending$
ASxxxx Linker V03.00 + NoICE + sdld,  page 4.
Hexadecimal  [32-Bits]

Area                       Addr        Size        Decimal Bytes (Attributes)
--------------------       ----        ----        ------- ----- ------------
_CODE                  00000200    000037CF =       14287. bytes (REL,CON)

        Value  Global            Value  Global            Value  Global    
        -----  ------            -----  ------            -----  ------    
     000002D7  A$ending$ |    000002D9  A$ending$ |    000002DA  A$ending$
     000002DB  A$ending$ |    000002DD  A$ending$ |    000002DE  A$ending$
     000002DF  A$ending$ |    000002E0  A$ending$ |    000002E1  A$ending$
     000002E4  A$ending$ |    000002E6  A$ending$ |    000002E9  A$ending$
     000002EB  A$ending$ |    000002EE  A$ending$ |    000002F0  A$ending$
     000002F3  A$ending$ |    000002F5  A$ending$ |    000002F8  A$ending$
     000002FA  A$ending$ |    000002FD  A$ending$ |    000002FF  A$ending$
     00000302  A$ending$ |    00000304  A$ending$ |    00000307  A$ending$
     00000309  A$ending$ |    0000030C  A$ending$ |    0000030E  A$ending$
     0000030E  C$ending. |    00000311  A$ending$ |    00000313  A$ending$
     00000313  C$ending. |    00000314  A$ending$ |    00000314  C$ending.
     00000317  A$ending$ |    00000318  A$ending$ |    0000031B  A$ending$
     0000031C  A$ending$ |    0000031C  C$ending. |    0000031F  A$ending$
     00000320  A$ending$ |    00000323  A$ending$ |    00000324  A$ending$
     00000324  C$ending. |    00000326  A$ending$ |    00000327  A$ending$
     00000328  A$ending$ |    0000032B  A$ending$ |    0000032C  A$ending$
     0000032C  C$ending. |    0000032E  A$ending$ |    00000330  A$ending$
     00000332  A$ending$ |    00000332  C$ending. |    00000334  A$ending$
     00000336  A$ending$ |    00000337  A$ending$ |    00000338  A$ending$
     00000338  C$ending. |    00000338  XFending$ |    00000339  A$ending$
     00000339  C$ending. |    00000339  C$ending. |    00000339  G$compute
     00000339  _compute_ |    0000033C  A$ending$ |    0000033F  A$ending$
     00000340  A$ending$ |    00000341  A$ending$ |    00000343  A$ending$
     00000345  A$ending$ |    00000346  A$ending$ |    00000348  A$ending$
     00000349  A$ending$ |    0000034B  A$ending$ |    0000034E  A$ending$
     0000034F  A$ending$ |    00000351  A$ending$ |    00000354  A$ending$
     00000356  A$ending$ |    00000357  A$ending$ |    0000035A  A$ending$
     0000035B  A$ending$ |    0000035C  A$ending$ |    0000035E  A$ending$
     00000361  A$ending$ |    00000363  A$ending$ |    00000366  A$ending$
     00000367  A$ending$ |    00000369  A$ending$ |    0000036C  A$ending$
     0000036E  A$ending$ |    0000036F  A$ending$ |    00000372  A$ending$
     00000373  A$ending$ |    00000374  A$ending$ |    00000376  A$ending$
     00000379  A$ending$ |    0000037A  A$ending$ |    0000037D  A$ending$
     0000037E  A$ending$ |    0000037F  A$ending$ |    00000381  A$ending$
     00000384  A$ending$ |    00000385  A$ending$ |    00000388  A$ending$
     00000389  A$ending$ |    0000038A  A$ending$ |    0000038C  A$ending$
     0000038C  C$ending. |    0000038E  A$ending$ |    00000391  A$ending$
     00000392  A$ending$ |    00000394  A$ending$ |    00000394  C$ending.
     00000397  A$ending$ |    00000398  A$ending$ |    0000039A  A$ending$
     0000039B  A$ending$ |    0000039E  A$ending$ |    000003A0  A$ending$
     000003A3  A$ending$ |    000003A5  A$ending$ |    000003A5  C$ending.
     000003A7  A$ending$ |    000003A7  C$ending. |    000003AA  A$ending$
     000003AB  A$ending$ |    000003AD  A$ending$ |    000003AD  C$ending.
     000003B0  A$ending$ |    000003B1  A$ending$ |    000003B3  A$ending$
     000003B4  A$ending$ |    000003B4  C$ending. |    000003B5  A$ending$
     000003B7  A$ending$ |    000003B8  A$ending$ |    000003B8  C$ending.
     000003BB  A$ending$ |    000003BD  A$ending$ |    000003C0  A$ending$
     000003C2  A$ending$ |    000003C5  A$ending$ |    000003C7  A$ending$
     000003C7  C$ending. |    000003C7  C$ending. |    000003CA  A$ending$
     000003CB  A$ending$ |    000003CB  C$ending. |    000003CD  A$ending$
     000003CF  A$ending$ |    000003CF  C$ending. |    000003D2  A$ending$
ASxxxx Linker V03.00 + NoICE + sdld,  page 5.
Hexadecimal  [32-Bits]

Area                       Addr        Size        Decimal Bytes (Attributes)
--------------------       ----        ----        ------- ----- ------------
_CODE                  00000200    000037CF =       14287. bytes (REL,CON)

        Value  Global            Value  Global            Value  Global    
        -----  ------            -----  ------            -----  ------    
     000003D3  A$ending$ |    000003D5  A$ending$ |    000003D6  A$ending$
     000003D6  C$ending. |    000003D8  A$ending$ |    000003DA  A$ending$
     000003DD  A$ending$ |    000003E0  A$ending$ |    000003E1  A$ending$
     000003E3  A$ending$ |    000003E6  A$ending$ |    000003E9  A$ending$
     000003EA  A$ending$ |    000003ED  A$ending$ |    000003EE  A$ending$
     000003EE  C$ending. |    000003EF  A$ending$ |    000003F1  A$ending$
     000003F2  A$ending$ |    000003F3  A$ending$ |    000003F4  A$ending$
     000003F5  A$ending$ |    000003F7  A$ending$ |    000003F9  A$ending$
     000003FA  A$ending$ |    000003FD  A$ending$ |    000003FE  A$ending$
     000003FF  A$ending$ |    00000400  A$ending$ |    00000401  A$ending$
     00000402  A$ending$ |    00000403  A$ending$ |    00000405  A$ending$
     00000408  A$ending$ |    00000409  A$ending$ |    0000040A  A$ending$
     0000040B  A$ending$ |    0000040C  A$ending$ |    0000040D  A$ending$
     0000040E  A$ending$ |    00000411  A$ending$ |    00000412  A$ending$
     00000413  A$ending$ |    00000414  A$ending$ |    00000414  C$ending.
     00000415  A$ending$ |    00000417  A$ending$ |    0000041A  A$ending$
     0000041A  C$ending. |    0000041A  XG$comput |    0000041B  A$main$76
     0000041B  C$main.c$ |    0000041B  G$perform |    0000041B  _performa
     0000041D  A$main$78 |    0000041E  A$main$79 |    00000420  A$main$80
     00000421  A$main$81 |    00000422  A$main$85 |    00000422  C$main.c$
     00000425  A$main$89 |    00000425  C$main.c$ |    00000426  A$main$97
     00000426  C$main.c$ |    00000426  XG$perfor |    00000428  A$main$11
     00000428  C$main.c$ |    00000428  C$main.c$ |    00000428  G$main$0$
     00000428  _main     |    0000042B  A$main$11 |    0000042B  C$main.c$
     0000042B  C$main.c$ |    0000042E  A$main$12 |    0000042E  C$main.c$
     00000431  A$main$12 |    00000431  C$main.c$ |    00000434  A$main$13
     00000434  C$main.c$ |    00000437  A$main$13 |    00000437  C$main.c$
     00000437  XG$main$0 |    00000439  A$main$15 |    00000439  C$main.c$
     00000439  C$main.c$ |    00000439  G$reset_g |    00000439  _reset_ga
     0000043C  A$main$15 |    0000043E  A$main$15 |    0000043F  A$main$15
     0000043F  C$main.c$ |    00000442  A$main$16 |    00000442  C$main.c$
     00000445  A$main$16 |    00000447  A$main$16 |    00000448  A$main$16
     0000044B  A$main$16 |    0000044D  A$main$16 |    0000044E  A$main$16
     00000451  A$main$16 |    00000452  A$main$16 |    00000453  A$main$17
     00000453  C$main.c$ |    00000456  A$main$17 |    00000456  C$main.c$
     00000459  A$main$18 |    00000459  C$main.c$ |    00000459  C$main.c$
     00000459  XG$reset_ |    0000045C  A$main$20 |    0000045C  C$main.c$
     0000045C  C$main.c$ |    0000045C  G$init_gf |    0000045C  _init_gfx
     0000045F  A$main$20 |    0000045F  C$main.c$ |    00000462  A$main$20
     00000462  C$main.c$ |    00000465  A$main$21 |    00000465  C$main.c$
     00000468  A$main$21 |    00000468  C$main.c$ |    0000046A  A$main$21
     0000046C  A$main$21 |    0000046E  A$main$22 |    00000470  A$main$22
     00000472  A$main$22 |    00000474  A$main$22 |    00000476  A$main$22
     00000478  A$main$22 |    0000047A  A$main$23 |    0000047A  C$main.c$
     0000047A  XG$init_g |    0000047B  A$main$24 |    0000047B  C$main.c$
     0000047B  G$fadeout |    0000047B  _fadeout  |    0000047E  A$main$24
     00000480  A$main$25 |    00000480  C$main.c$ |    00000483  A$main$25
     00000484  A$main$25 |    00000486  A$main$25 |    00000489  A$main$25
     0000048A  A$main$25 |    0000048C  A$main$25 |    0000048F  A$main$25
     00000491  A$main$26 |    00000493  A$main$26 |    00000496  A$main$26
     00000498  A$main$26 |    0000049A  A$main$26 |    0000049C  A$main$27
ASxxxx Linker V03.00 + NoICE + sdld,  page 6.
Hexadecimal  [32-Bits]

Area                       Addr        Size        Decimal Bytes (Attributes)
--------------------       ----        ----        ------- ----- ------------
_CODE                  00000200    000037CF =       14287. bytes (REL,CON)

        Value  Global            Value  Global            Value  Global    
        -----  ------            -----  ------            -----  ------    
     0000049C  C$main.c$ |    0000049C  C$main.c$ |    0000049E  A$main$27
     000004A0  A$main$27 |    000004A0  C$main.c$ |    000004A2  A$main$27
     000004A4  A$main$28 |    000004A4  C$main.c$ |    000004A6  A$main$29
     000004A6  C$main.c$ |    000004A6  C$main.c$ |    000004A8  A$main$29
     000004AA  A$main$29 |    000004AA  C$main.c$ |    000004AC  A$main$29
     000004AE  A$main$30 |    000004AE  C$main.c$ |    000004B0  A$main$30
     000004B0  C$main.c$ |    000004B0  C$main.c$ |    000004B2  A$main$30
     000004B4  A$main$31 |    000004B4  C$main.c$ |    000004B6  A$main$31
     000004B8  A$main$31 |    000004B8  C$main.c$ |    000004BA  A$main$32
     000004BA  C$main.c$ |    000004BA  C$main.c$ |    000004BC  A$main$32
     000004BE  A$main$33 |    000004BE  C$main.c$ |    000004C0  A$main$33
     000004C2  A$main$34 |    000004C2  C$main.c$ |    000004C2  C$main.c$
     000004C4  A$main$34 |    000004C5  A$main$34 |    000004C6  A$main$34
     000004C9  A$main$34 |    000004CA  A$main$34 |    000004CA  C$main.c$
     000004CD  A$main$34 |    000004CE  A$main$35 |    000004CF  A$main$35
     000004D1  A$main$35 |    000004D3  A$main$36 |    000004D3  C$main.c$
     000004D3  XG$fadeou |    000004D4  A$main$37 |    000004D4  C$main.c$
     000004D4  G$fadein$ |    000004D4  _fadein   |    000004D7  A$main$37
     000004D9  A$main$37 |    000004D9  C$main.c$ |    000004DC  A$main$38
     000004DD  A$main$38 |    000004DF  A$main$38 |    000004E2  A$main$38
     000004E3  A$main$38 |    000004E5  A$main$38 |    000004E8  A$main$38
     000004EA  A$main$38 |    000004EC  A$main$38 |    000004EE  A$main$39
     000004EE  C$main.c$ |    000004EE  C$main.c$ |    000004F0  A$main$39
     000004F2  A$main$40 |    000004F2  C$main.c$ |    000004F4  A$main$40
     000004F6  A$main$40 |    000004F6  C$main.c$ |    000004F8  A$main$41
     000004F8  C$main.c$ |    000004F8  C$main.c$ |    000004FA  A$main$41
     000004FC  A$main$41 |    000004FC  C$main.c$ |    000004FE  A$main$42
     00000500  A$main$42 |    00000500  C$main.c$ |    00000502  A$main$43
     00000502  C$main.c$ |    00000502  C$main.c$ |    00000504  A$main$43
     00000506  A$main$43 |    00000506  C$main.c$ |    00000508  A$main$43
     0000050A  A$main$44 |    0000050A  C$main.c$ |    0000050A  C$main.c$
     0000050C  A$main$44 |    0000050D  A$main$44 |    0000050E  A$main$44
     00000511  A$main$45 |    00000512  A$main$45 |    00000512  C$main.c$
     00000515  A$main$45 |    00000516  A$main$45 |    00000517  A$main$45
     00000519  A$main$45 |    0000051B  A$main$46 |    0000051B  C$main.c$
     0000051B  XG$fadein |    0000051C  A$player$ |    0000051C  C$player.
     0000051C  C$player. |    0000051C  G$player_ |    0000051C  _player_i
     0000051F  A$player$ |    00000521  A$player$ |    00000521  C$player.
     00000523  A$player$ |    00000525  A$player$ |    00000525  C$player.
     00000528  A$player$ |    00000529  A$player$ |    0000052C  A$player$
     0000052D  A$player$ |    00000530  A$player$ |    00000532  A$player$
     00000532  C$player. |    00000535  A$player$ |    00000536  A$player$
     00000539  A$player$ |    0000053A  A$player$ |    0000053D  A$player$
     0000053F  A$player$ |    0000053F  C$player. |    00000542  A$player$
     00000544  A$player$ |    00000544  C$player. |    00000547  A$player$
     00000549  A$player$ |    00000549  C$player. |    0000054C  A$player$
     0000054E  A$player$ |    0000054E  C$player. |    00000551  A$player$
     00000553  A$player$ |    00000553  C$player. |    00000556  A$player$
     00000558  A$player$ |    00000558  C$player. |    0000055B  A$player$
     0000055D  A$player$ |    0000055D  C$player. |    00000560  A$player$
     00000562  A$player$ |    00000565  A$player$ |    00000567  A$player$
ASxxxx Linker V03.00 + NoICE + sdld,  page 7.
Hexadecimal  [32-Bits]

Area                       Addr        Size        Decimal Bytes (Attributes)
--------------------       ----        ----        ------- ----- ------------
_CODE                  00000200    000037CF =       14287. bytes (REL,CON)

        Value  Global            Value  Global            Value  Global    
        -----  ------            -----  ------            -----  ------    
     00000567  C$player. |    0000056A  A$player$ |    0000056C  A$player$
     0000056F  A$player$ |    00000571  A$player$ |    00000571  C$player.
     00000574  A$player$ |    00000576  A$player$ |    00000576  C$player.
     00000579  A$player$ |    0000057B  A$player$ |    0000057B  C$player.
     0000057E  A$player$ |    00000580  A$player$ |    00000580  C$player.
     00000581  A$player$ |    00000584  A$player$ |    00000585  A$player$
     00000586  A$player$ |    00000586  C$player. |    00000589  A$player$
     0000058B  A$player$ |    0000058B  C$player. |    0000058E  A$player$
     00000590  A$player$ |    00000590  C$player. |    00000593  A$player$
     00000595  A$player$ |    00000595  C$player. |    00000598  A$player$
     0000059A  A$player$ |    0000059A  C$player. |    0000059D  A$player$
     0000059F  A$player$ |    000005A2  A$player$ |    000005A3  A$player$
     000005A4  A$player$ |    000005A5  A$player$ |    000005A8  A$player$
     000005A9  A$player$ |    000005AA  A$player$ |    000005AB  A$player$
     000005AE  A$player$ |    000005B0  A$player$ |    000005B3  A$player$
     000005B4  A$player$ |    000005B5  A$player$ |    000005B6  A$player$
     000005B7  A$player$ |    000005BA  A$player$ |    000005BC  A$player$
     000005BC  C$player. |    000005BF  A$player$ |    000005C0  A$player$
     000005C3  A$player$ |    000005C4  A$player$ |    000005C7  A$player$
     000005C9  A$player$ |    000005CC  A$player$ |    000005CE  A$player$
     000005D1  A$player$ |    000005D3  A$player$ |    000005D6  A$player$
     000005D8  A$player$ |    000005DB  A$player$ |    000005DD  A$player$
     000005DD  C$player. |    000005E0  A$player$ |    000005E2  A$player$
     000005E2  C$player. |    000005E2  XG$player |    000005E3  G$jump_g$
     000005E3  _jump_g   |    000005E4  G$fall_g$ |    000005E4  _fall_g  
     000005E5  G$impulse |    000005E5  _impulse  |    000005E6  G$jump_po
     000005E6  _jump_pow |    000005E7  G$clamp_x |    000005E7  _clamp_x_
     000005E8  G$clamp_y |    000005E8  _clamp_y_ |    000005E9  A$player$
     000005E9  C$player. |    000005E9  C$player. |    000005E9  G$compute
     000005E9  _compute_ |    000005EC  A$player$ |    000005EE  A$player$
     000005F0  A$player$ |    000005F0  C$player. |    000005F3  A$player$
     000005F5  A$player$ |    000005F5  C$player. |    000005F8  A$player$
     000005F8  C$player. |    000005FB  A$player$ |    000005FD  A$player$
     000005FE  A$player$ |    000005FE  C$player. |    00000601  A$player$
     00000601  C$player. |    00000604  A$player$ |    00000604  C$player.
     00000607  A$player$ |    00000608  A$player$ |    00000609  A$player$
     0000060A  A$player$ |    0000060B  A$player$ |    0000060D  A$player$
     0000060F  A$player$ |    00000611  A$player$ |    00000613  A$player$
     00000614  A$player$ |    00000616  A$player$ |    00000618  A$player$
     0000061A  A$player$ |    0000061B  A$player$ |    0000061D  A$player$
     00000620  A$player$ |    00000622  A$player$ |    00000624  A$player$
     00000626  A$player$ |    00000628  A$player$ |    00000628  C$player.
     0000062A  A$player$ |    0000062B  A$player$ |    0000062C  A$player$
     0000062F  A$player$ |    00000630  A$player$ |    00000630  C$player.
     00000633  A$player$ |    00000635  A$player$ |    00000635  C$player.
     00000638  A$player$ |    0000063A  A$player$ |    0000063A  C$player.
     0000063D  A$player$ |    0000063F  A$player$ |    00000641  A$player$
     00000644  A$player$ |    00000645  A$player$ |    00000647  A$player$
     00000649  A$player$ |    0000064A  A$player$ |    0000064A  C$player.
     0000064D  A$player$ |    0000064D  C$player. |    00000650  A$player$
     00000653  A$player$ |    00000653  C$player. |    00000656  A$player$
ASxxxx Linker V03.00 + NoICE + sdld,  page 8.
Hexadecimal  [32-Bits]

Area                       Addr        Size        Decimal Bytes (Attributes)
--------------------       ----        ----        ------- ----- ------------
_CODE                  00000200    000037CF =       14287. bytes (REL,CON)

        Value  Global            Value  Global            Value  Global    
        -----  ------            -----  ------            -----  ------    
     00000659  A$player$ |    00000659  C$player. |    0000065C  A$player$
     0000065C  C$player. |    0000065F  A$player$ |    0000065F  C$player.
     0000065F  C$player. |    0000065F  XG$comput |    00000662  A$player$
     00000662  C$player. |    00000662  C$player. |    00000662  Fplayer$r
     00000665  A$player$ |    00000668  A$player$ |    00000669  A$player$
     0000066A  A$player$ |    0000066C  A$player$ |    0000066E  A$player$
     0000066E  C$player. |    00000671  A$player$ |    00000673  A$player$
     00000675  A$player$ |    00000677  A$player$ |    00000678  A$player$
     00000679  A$player$ |    0000067C  A$player$ |    0000067D  A$player$
     0000067D  C$player. |    00000680  A$player$ |    00000682  A$player$
     00000684  A$player$ |    00000687  A$player$ |    00000688  A$player$
     0000068A  A$player$ |    0000068A  C$player. |    0000068D  A$player$
     0000068F  A$player$ |    00000691  A$player$ |    00000691  C$player.
     00000694  A$player$ |    00000696  A$player$ |    00000696  C$player.
     00000699  A$player$ |    0000069C  A$player$ |    0000069E  A$player$
     0000069E  C$player. |    000006A0  A$player$ |    000006A2  A$player$
     000006A2  C$player. |    000006A5  A$player$ |    000006A7  A$player$
     000006A9  A$player$ |    000006AB  A$player$ |    000006AC  A$player$
     000006AD  A$player$ |    000006B0  A$player$ |    000006B1  A$player$
     000006B1  C$player. |    000006B4  A$player$ |    000006B6  A$player$
     000006B8  A$player$ |    000006BB  A$player$ |    000006BC  A$player$
     000006BE  A$player$ |    000006BE  C$player. |    000006C1  A$player$
     000006C3  A$player$ |    000006C5  A$player$ |    000006C5  C$player.
     000006C8  A$player$ |    000006CA  A$player$ |    000006CA  C$player.
     000006CD  A$player$ |    000006D0  A$player$ |    000006D2  A$player$
     000006D2  C$player. |    000006D5  A$player$ |    000006D7  A$player$
     000006D7  C$player. |    000006DA  A$player$ |    000006DB  A$player$
     000006DD  A$player$ |    000006E0  A$player$ |    000006E1  A$player$
     000006E3  A$player$ |    000006E4  A$player$ |    000006E5  A$player$
     000006E6  A$player$ |    000006E9  A$player$ |    000006EA  A$player$
     000006EA  C$player. |    000006ED  A$player$ |    000006ED  C$player.
     000006EF  A$player$ |    000006F0  A$player$ |    000006F2  A$player$
     000006F3  A$player$ |    000006F4  A$player$ |    000006F6  A$player$
     000006F9  A$player$ |    000006FB  A$player$ |    000006FD  A$player$
     00000700  A$player$ |    00000702  A$player$ |    00000704  A$player$
     00000707  A$player$ |    00000709  A$player$ |    0000070B  A$player$
     0000070E  A$player$ |    00000710  A$player$ |    00000712  A$player$
     00000712  C$player. |    00000714  A$player$ |    00000715  A$player$
     00000716  A$player$ |    00000719  A$player$ |    0000071A  A$player$
     0000071A  C$player. |    0000071D  A$player$ |    0000071D  C$player.
     00000720  A$player$ |    00000722  A$player$ |    00000722  C$player.
     00000725  A$player$ |    00000728  A$player$ |    00000728  C$player.
     0000072B  A$player$ |    0000072D  A$player$ |    0000072D  C$player.
     00000730  A$player$ |    00000732  A$player$ |    00000734  A$player$
     00000734  C$player. |    00000735  A$player$ |    00000736  A$player$
     00000738  A$player$ |    0000073B  A$player$ |    0000073C  A$player$
     0000073D  A$player$ |    0000073E  A$player$ |    0000073F  A$player$
     00000741  A$player$ |    00000743  A$player$ |    00000745  A$player$
     00000747  A$player$ |    00000748  A$player$ |    0000074A  A$player$
     0000074C  A$player$ |    0000074E  A$player$ |    0000074F  A$player$
     00000751  A$player$ |    00000754  A$player$ |    00000756  A$player$
ASxxxx Linker V03.00 + NoICE + sdld,  page 9.
Hexadecimal  [32-Bits]

Area                       Addr        Size        Decimal Bytes (Attributes)
--------------------       ----        ----        ------- ----- ------------
_CODE                  00000200    000037CF =       14287. bytes (REL,CON)

        Value  Global            Value  Global            Value  Global    
        -----  ------            -----  ------            -----  ------    
     00000758  A$player$ |    00000758  C$player. |    0000075A  A$player$
     0000075B  A$player$ |    0000075C  A$player$ |    0000075F  A$player$
     00000760  A$player$ |    00000760  C$player. |    00000763  A$player$
     00000763  C$player. |    00000766  A$player$ |    00000768  A$player$
     00000768  C$player. |    0000076B  A$player$ |    0000076D  A$player$
     0000076E  A$player$ |    00000771  A$player$ |    00000773  A$player$
     00000773  C$player. |    00000773  XFplayer$ |    00000774  A$player$
     00000774  C$player. |    00000774  Fplayer$c |    00000776  A$player$
     00000776  C$player. |    00000779  A$player$ |    0000077A  A$player$
     0000077C  A$player$ |    0000077E  A$player$ |    00000781  A$player$
     00000783  A$player$ |    00000785  A$player$ |    00000788  A$player$
     00000789  A$player$ |    0000078B  A$player$ |    0000078E  A$player$
     0000078F  A$player$ |    00000792  A$player$ |    00000792  C$player.
     00000793  A$player$ |    00000795  A$player$ |    00000796  A$player$
     00000798  A$player$ |    00000799  A$player$ |    0000079B  A$player$
     0000079B  C$player. |    0000079C  A$player$ |    0000079E  A$player$
     000007A0  A$player$ |    000007A1  A$player$ |    000007A3  A$player$
     000007A4  A$player$ |    000007A6  A$player$ |    000007A6  C$player.
     000007A9  A$player$ |    000007AA  A$player$ |    000007AC  A$player$
     000007AD  A$player$ |    000007AD  C$player. |    000007B0  A$player$
     000007B1  A$player$ |    000007B3  A$player$ |    000007B3  C$player.
     000007B6  A$player$ |    000007B7  A$player$ |    000007BA  A$player$
     000007BB  A$player$ |    000007BD  A$player$ |    000007BE  A$player$
     000007C0  A$player$ |    000007C3  A$player$ |    000007C6  A$player$
     000007C7  A$player$ |    000007CA  A$player$ |    000007CC  A$player$
     000007CC  C$player. |    000007CF  A$player$ |    000007D0  A$player$
     000007D2  A$player$ |    000007D5  A$player$ |    000007D7  A$player$
     000007DA  A$player$ |    000007DB  A$player$ |    000007DC  A$player$
     000007DE  A$player$ |    000007DF  A$player$ |    000007E0  A$player$
     000007E1  A$player$ |    000007E3  A$player$ |    000007E5  A$player$
     000007E6  A$player$ |    000007E8  A$player$ |    000007EB  A$player$
     000007EC  A$player$ |    000007EF  A$player$ |    000007EF  C$player.
     000007F2  A$player$ |    000007F3  A$player$ |    000007F5  A$player$
     000007F7  A$player$ |    000007F9  A$player$ |    000007FC  A$player$
     000007FE  A$player$ |    000007FF  A$player$ |    00000802  A$player$
     00000804  A$player$ |    00000805  A$player$ |    00000808  A$player$
     0000080A  A$player$ |    0000080C  A$player$ |    0000080E  A$player$
     0000080F  A$player$ |    00000811  A$player$ |    00000813  A$player$
     00000814  A$player$ |    00000815  A$player$ |    00000816  A$player$
     00000818  A$player$ |    00000819  A$player$ |    0000081C  A$player$
     0000081D  A$player$ |    0000081E  A$player$ |    0000081F  A$player$
     0000081F  C$player. |    00000822  A$player$ |    00000824  A$player$
     00000825  A$player$ |    00000826  A$player$ |    00000829  A$player$
     0000082A  A$player$ |    0000082C  A$player$ |    0000082D  A$player$
     0000082F  A$player$ |    00000831  A$player$ |    00000833  A$player$
     00000835  A$player$ |    00000836  A$player$ |    00000838  A$player$
     0000083A  A$player$ |    0000083C  A$player$ |    0000083D  A$player$
     0000083F  A$player$ |    00000841  A$player$ |    00000842  A$player$
     00000844  A$player$ |    00000847  A$player$ |    00000849  A$player$
     0000084B  A$player$ |    0000084D  A$player$ |    0000084E  A$player$
     0000084F  A$player$ |    00000850  A$player$ |    00000852  A$player$
ASxxxx Linker V03.00 + NoICE + sdld,  page 10.
Hexadecimal  [32-Bits]

Area                       Addr        Size        Decimal Bytes (Attributes)
--------------------       ----        ----        ------- ----- ------------
_CODE                  00000200    000037CF =       14287. bytes (REL,CON)

        Value  Global            Value  Global            Value  Global    
        -----  ------            -----  ------            -----  ------    
     00000853  A$player$ |    00000856  A$player$ |    00000857  A$player$
     0000085A  A$player$ |    0000085C  A$player$ |    0000085C  C$player.
     0000085C  XFplayer$ |    0000085D  A$player$ |    0000085D  C$player.
     0000085D  Fplayer$r |    0000085F  A$player$ |    00000862  A$player$
     00000865  A$player$ |    00000866  A$player$ |    00000868  A$player$
     00000869  A$player$ |    0000086C  A$player$ |    0000086E  A$player$
     00000870  A$player$ |    00000872  A$player$ |    00000874  A$player$
     00000875  A$player$ |    00000877  A$player$ |    00000877  C$player.
     0000087A  A$player$ |    0000087C  A$player$ |    0000087C  C$player.
     0000087F  A$player$ |    00000881  A$player$ |    00000881  C$player.
     00000884  A$player$ |    00000884  C$player. |    00000887  A$player$
     00000887  C$player. |    0000088A  A$player$ |    0000088B  A$player$
     0000088E  A$player$ |    0000088F  A$player$ |    0000088F  C$player.
     00000892  A$player$ |    00000895  A$player$ |    00000896  A$player$
     00000898  A$player$ |    0000089B  A$player$ |    0000089D  A$player$
     0000089F  A$player$ |    000008A1  A$player$ |    000008A3  A$player$
     000008A4  A$player$ |    000008A5  A$player$ |    000008A6  A$player$
     000008A7  A$player$ |    000008A8  A$player$ |    000008AA  A$player$
     000008AB  A$player$ |    000008AC  A$player$ |    000008AC  C$player.
     000008AF  A$player$ |    000008B1  A$player$ |    000008B3  A$player$
     000008B6  A$player$ |    000008B8  A$player$ |    000008BA  A$player$
     000008BD  A$player$ |    000008BE  A$player$ |    000008BF  A$player$
     000008C0  A$player$ |    000008C1  A$player$ |    000008C2  A$player$
     000008C3  A$player$ |    000008C5  A$player$ |    000008C6  A$player$
     000008C7  A$player$ |    000008C8  A$player$ |    000008C9  A$player$
     000008CA  A$player$ |    000008CB  A$player$ |    000008CC  A$player$
     000008CF  A$player$ |    000008D0  A$player$ |    000008D1  A$player$
     000008D2  A$player$ |    000008D3  A$player$ |    000008D4  A$player$
     000008D5  A$player$ |    000008D8  A$player$ |    000008D9  A$player$
     000008DC  A$player$ |    000008DD  A$player$ |    000008DF  A$player$
     000008E0  A$player$ |    000008E3  A$player$ |    000008E4  A$player$
     000008E5  A$player$ |    000008E6  A$player$ |    000008E7  A$player$
     000008EA  A$player$ |    000008EB  A$player$ |    000008ED  A$player$
     000008EE  A$player$ |    000008EF  A$player$ |    000008F0  A$player$
     000008F1  A$player$ |    000008F4  A$player$ |    000008F5  A$player$
     000008F6  A$player$ |    000008F8  A$player$ |    000008F9  A$player$
     000008FA  A$player$ |    000008FD  A$player$ |    000008FE  A$player$
     000008FE  C$player. |    00000901  A$player$ |    00000902  A$player$
     00000905  A$player$ |    00000908  A$player$ |    00000908  C$player.
     0000090B  A$player$ |    0000090B  C$player. |    0000090E  A$player$
     00000910  A$player$ |    00000911  A$player$ |    00000914  A$player$
     00000916  A$player$ |    00000918  A$player$ |    0000091B  A$player$
     0000091C  A$player$ |    0000091D  A$player$ |    0000091E  A$player$
     0000091F  A$player$ |    00000920  A$player$ |    00000921  A$player$
     00000923  A$player$ |    00000924  A$player$ |    00000925  A$player$
     00000926  A$player$ |    00000927  A$player$ |    00000928  A$player$
     00000929  A$player$ |    0000092A  A$player$ |    0000092D  A$player$
     0000092E  A$player$ |    0000092F  A$player$ |    00000930  A$player$
     00000933  A$player$ |    00000935  A$player$ |    00000937  A$player$
     00000938  A$player$ |    00000939  A$player$ |    0000093A  A$player$
     0000093C  A$player$ |    0000093D  A$player$ |    0000093F  A$player$
ASxxxx Linker V03.00 + NoICE + sdld,  page 11.
Hexadecimal  [32-Bits]

Area                       Addr        Size        Decimal Bytes (Attributes)
--------------------       ----        ----        ------- ----- ------------
_CODE                  00000200    000037CF =       14287. bytes (REL,CON)

        Value  Global            Value  Global            Value  Global    
        -----  ------            -----  ------            -----  ------    
     00000940  A$player$ |    00000943  A$player$ |    00000945  A$player$
     00000945  C$player. |    00000947  A$player$ |    00000949  A$player$
     0000094A  A$player$ |    0000094B  A$player$ |    0000094C  A$player$
     0000094F  A$player$ |    00000950  A$player$ |    00000951  A$player$
     00000952  A$player$ |    00000953  A$player$ |    00000954  A$player$
     00000956  A$player$ |    00000957  A$player$ |    00000958  A$player$
     00000959  A$player$ |    0000095B  A$player$ |    0000095C  A$player$
     0000095D  A$player$ |    0000095E  A$player$ |    0000095F  A$player$
     00000960  A$player$ |    00000961  A$player$ |    00000962  A$player$
     00000963  A$player$ |    00000964  A$player$ |    00000965  A$player$
     00000966  A$player$ |    00000967  A$player$ |    00000968  A$player$
     0000096A  A$player$ |    0000096B  A$player$ |    0000096C  A$player$
     0000096D  A$player$ |    0000096E  A$player$ |    0000096F  A$player$
     00000970  A$player$ |    00000971  A$player$ |    00000974  A$player$
     00000975  A$player$ |    00000976  A$player$ |    00000977  A$player$
     0000097A  A$player$ |    0000097C  A$player$ |    0000097E  A$player$
     0000097F  A$player$ |    00000981  A$player$ |    00000982  A$player$
     00000983  A$player$ |    00000984  A$player$ |    00000985  A$player$
     00000987  A$player$ |    00000988  A$player$ |    0000098B  A$player$
     0000098D  A$player$ |    0000098D  C$player. |    0000098D  C$player.
     00000990  A$player$ |    00000991  A$player$ |    00000993  A$player$
     00000996  A$player$ |    00000997  A$player$ |    00000999  A$player$
     0000099B  A$player$ |    0000099D  A$player$ |    0000099E  A$player$
     0000099F  A$player$ |    000009A0  A$player$ |    000009A0  C$player.
     000009A2  A$player$ |    000009A5  A$player$ |    000009A6  A$player$
     000009A9  A$player$ |    000009A9  C$player. |    000009AC  A$player$
     000009AF  A$player$ |    000009B0  A$player$ |    000009B2  A$player$
     000009B3  A$player$ |    000009B3  C$player. |    000009B6  A$player$
     000009B8  A$player$ |    000009B9  A$player$ |    000009BC  A$player$
     000009BE  A$player$ |    000009C0  A$player$ |    000009C3  A$player$
     000009C5  A$player$ |    000009C7  A$player$ |    000009C9  A$player$
     000009CA  A$player$ |    000009CB  A$player$ |    000009CE  A$player$
     000009D0  A$player$ |    000009D2  A$player$ |    000009D3  A$player$
     000009D6  A$player$ |    000009D7  A$player$ |    000009D8  A$player$
     000009D9  A$player$ |    000009DA  A$player$ |    000009DB  A$player$
     000009DC  A$player$ |    000009DD  A$player$ |    000009E0  A$player$
     000009E1  A$player$ |    000009E2  A$player$ |    000009E5  A$player$
     000009E7  A$player$ |    000009E9  A$player$ |    000009EA  A$player$
     000009EB  A$player$ |    000009EC  A$player$ |    000009ED  A$player$
     000009EF  A$player$ |    000009F0  A$player$ |    000009F3  A$player$
     000009F5  A$player$ |    000009F5  C$player. |    000009F8  A$player$
     000009FA  A$player$ |    000009FB  A$player$ |    000009FD  A$player$
     000009FE  A$player$ |    00000A01  A$player$ |    00000A02  A$player$
     00000A03  A$player$ |    00000A04  A$player$ |    00000A05  A$player$
     00000A06  A$player$ |    00000A07  A$player$ |    00000A08  A$player$
     00000A0B  A$player$ |    00000A0C  A$player$ |    00000A0D  A$player$
     00000A10  A$player$ |    00000A12  A$player$ |    00000A14  A$player$
     00000A15  A$player$ |    00000A17  A$player$ |    00000A18  A$player$
     00000A19  A$player$ |    00000A1A  A$player$ |    00000A1B  A$player$
     00000A1D  A$player$ |    00000A1E  A$player$ |    00000A21  A$player$
     00000A23  A$player$ |    00000A23  C$player. |    00000A25  A$player$
ASxxxx Linker V03.00 + NoICE + sdld,  page 12.
Hexadecimal  [32-Bits]

Area                       Addr        Size        Decimal Bytes (Attributes)
--------------------       ----        ----        ------- ----- ------------
_CODE                  00000200    000037CF =       14287. bytes (REL,CON)

        Value  Global            Value  Global            Value  Global    
        -----  ------            -----  ------            -----  ------    
     00000A25  C$player. |    00000A28  A$player$ |    00000A2A  A$player$
     00000A2C  A$player$ |    00000A2E  A$player$ |    00000A2F  A$player$
     00000A30  A$player$ |    00000A33  A$player$ |    00000A35  A$player$
     00000A37  A$player$ |    00000A38  A$player$ |    00000A3B  A$player$
     00000A3C  A$player$ |    00000A3D  A$player$ |    00000A3E  A$player$
     00000A3F  A$player$ |    00000A40  A$player$ |    00000A41  A$player$
     00000A42  A$player$ |    00000A45  A$player$ |    00000A46  A$player$
     00000A47  A$player$ |    00000A4A  A$player$ |    00000A4C  A$player$
     00000A4E  A$player$ |    00000A4F  A$player$ |    00000A50  A$player$
     00000A51  A$player$ |    00000A52  A$player$ |    00000A54  A$player$
     00000A55  A$player$ |    00000A58  A$player$ |    00000A5A  A$player$
     00000A5A  C$player. |    00000A5C  A$player$ |    00000A5E  A$player$
     00000A5F  A$player$ |    00000A61  A$player$ |    00000A62  A$player$
     00000A65  A$player$ |    00000A66  A$player$ |    00000A67  A$player$
     00000A68  A$player$ |    00000A69  A$player$ |    00000A6A  A$player$
     00000A6B  A$player$ |    00000A6C  A$player$ |    00000A6F  A$player$
     00000A70  A$player$ |    00000A71  A$player$ |    00000A74  A$player$
     00000A76  A$player$ |    00000A78  A$player$ |    00000A79  A$player$
     00000A7B  A$player$ |    00000A7C  A$player$ |    00000A7D  A$player$
     00000A7E  A$player$ |    00000A7F  A$player$ |    00000A81  A$player$
     00000A82  A$player$ |    00000A85  A$player$ |    00000A87  A$player$
     00000A87  C$player. |    00000A89  A$player$ |    00000A8C  A$player$
     00000A8D  A$player$ |    00000A8E  A$player$ |    00000A8F  A$player$
     00000A90  A$player$ |    00000A91  A$player$ |    00000A92  A$player$
     00000A93  A$player$ |    00000A96  A$player$ |    00000A97  A$player$
     00000A98  A$player$ |    00000A9A  A$player$ |    00000A9B  A$player$
     00000A9C  A$player$ |    00000A9F  A$player$ |    00000AA0  A$player$
     00000AA0  C$player. |    00000AA0  C$player. |    00000AA3  A$player$
     00000AA6  A$player$ |    00000AA7  A$player$ |    00000AA8  A$player$
     00000AAA  A$player$ |    00000AAC  A$player$ |    00000AAF  A$player$
     00000AB1  A$player$ |    00000AB3  A$player$ |    00000AB3  C$player.
     00000AB5  A$player$ |    00000AB6  A$player$ |    00000AB7  A$player$
     00000ABA  A$player$ |    00000ABB  A$player$ |    00000ABC  A$player$
     00000ABD  A$player$ |    00000ABF  A$player$ |    00000ABF  C$player.
     00000ABF  XFplayer$ |    00000AC0  A$player$ |    00000AC0  C$player.
     00000AC0  Fplayer$r |    00000AC2  A$player$ |    00000AC5  A$player$
     00000AC7  A$player$ |    00000AC9  A$player$ |    00000ACC  A$player$
     00000ACD  A$player$ |    00000ACE  A$player$ |    00000AD0  A$player$
     00000AD2  A$player$ |    00000AD3  A$player$ |    00000AD4  A$player$
     00000AD5  A$player$ |    00000AD5  C$player. |    00000AD6  A$player$
     00000AD8  A$player$ |    00000AD9  A$player$ |    00000AD9  C$player.
     00000ADA  A$player$ |    00000ADB  A$player$ |    00000ADD  A$player$
     00000AE0  A$player$ |    00000AE1  A$player$ |    00000AE3  A$player$
     00000AE4  A$player$ |    00000AE5  A$player$ |    00000AE6  A$player$
     00000AE8  A$player$ |    00000AE8  C$player. |    00000AEA  A$player$
     00000AEB  A$player$ |    00000AEC  A$player$ |    00000AED  A$player$
     00000AEF  A$player$ |    00000AF1  A$player$ |    00000AF2  A$player$
     00000AF3  A$player$ |    00000AF5  A$player$ |    00000AF6  A$player$
     00000AF7  A$player$ |    00000AFA  A$player$ |    00000AFB  A$player$
     00000AFC  A$player$ |    00000AFD  A$player$ |    00000AFE  A$player$
     00000AFE  C$player. |    00000B00  A$player$ |    00000B03  A$player$
ASxxxx Linker V03.00 + NoICE + sdld,  page 13.
Hexadecimal  [32-Bits]

Area                       Addr        Size        Decimal Bytes (Attributes)
--------------------       ----        ----        ------- ----- ------------
_CODE                  00000200    000037CF =       14287. bytes (REL,CON)

        Value  Global            Value  Global            Value  Global    
        -----  ------            -----  ------            -----  ------    
     00000B04  A$player$ |    00000B05  A$player$ |    00000B07  A$player$
     00000B09  A$player$ |    00000B0A  A$player$ |    00000B0B  A$player$
     00000B0C  A$player$ |    00000B0E  A$player$ |    00000B0F  A$player$
     00000B0F  C$player. |    00000B12  A$player$ |    00000B13  A$player$
     00000B14  A$player$ |    00000B16  A$player$ |    00000B18  A$player$
     00000B18  C$player. |    00000B1B  A$player$ |    00000B1C  A$player$
     00000B1E  A$player$ |    00000B1E  C$player. |    00000B21  A$player$
     00000B22  A$player$ |    00000B25  A$player$ |    00000B26  A$player$
     00000B28  A$player$ |    00000B28  C$player. |    00000B2B  A$player$
     00000B2C  A$player$ |    00000B2F  A$player$ |    00000B30  A$player$
     00000B32  A$player$ |    00000B35  A$player$ |    00000B36  A$player$
     00000B37  A$player$ |    00000B38  A$player$ |    00000B39  A$player$
     00000B3A  A$player$ |    00000B3B  A$player$ |    00000B3C  A$player$
     00000B3D  A$player$ |    00000B3F  A$player$ |    00000B42  A$player$
     00000B43  A$player$ |    00000B44  A$player$ |    00000B45  A$player$
     00000B46  A$player$ |    00000B47  A$player$ |    00000B48  A$player$
     00000B49  A$player$ |    00000B4C  A$player$ |    00000B4D  A$player$
     00000B4E  A$player$ |    00000B4F  A$player$ |    00000B50  A$player$
     00000B51  A$player$ |    00000B52  A$player$ |    00000B53  A$player$
     00000B56  A$player$ |    00000B57  A$player$ |    00000B58  A$player$
     00000B59  A$player$ |    00000B5A  A$player$ |    00000B5B  A$player$
     00000B5C  A$player$ |    00000B5D  A$player$ |    00000B5D  C$player.
     00000B5E  A$player$ |    00000B5E  C$player. |    00000B61  A$player$
     00000B62  A$player$ |    00000B65  A$player$ |    00000B65  C$player.
     00000B68  A$player$ |    00000B69  A$player$ |    00000B6C  A$player$
     00000B6F  A$player$ |    00000B70  A$player$ |    00000B71  A$player$
     00000B73  A$player$ |    00000B74  A$player$ |    00000B76  A$player$
     00000B79  A$player$ |    00000B79  C$player. |    00000B7C  A$player$
     00000B7E  A$player$ |    00000B81  A$player$ |    00000B82  A$player$
     00000B83  A$player$ |    00000B85  A$player$ |    00000B86  A$player$
     00000B87  A$player$ |    00000B88  A$player$ |    00000B8B  A$player$
     00000B8C  A$player$ |    00000B8D  A$player$ |    00000B8E  A$player$
     00000B90  A$player$ |    00000B93  A$player$ |    00000B94  A$player$
     00000B96  A$player$ |    00000B97  A$player$ |    00000B98  A$player$
     00000B99  A$player$ |    00000B9C  A$player$ |    00000B9D  A$player$
     00000B9E  A$player$ |    00000B9F  A$player$ |    00000BA0  A$player$
     00000BA1  A$player$ |    00000BA3  A$player$ |    00000BA6  A$player$
     00000BA7  A$player$ |    00000BA9  A$player$ |    00000BAA  A$player$
     00000BAB  A$player$ |    00000BAE  A$player$ |    00000BAF  A$player$
     00000BB0  A$player$ |    00000BB1  A$player$ |    00000BB2  A$player$
     00000BB3  A$player$ |    00000BB3  C$player. |    00000BB5  A$player$
     00000BB8  A$player$ |    00000BB9  A$player$ |    00000BBA  A$player$
     00000BBC  A$player$ |    00000BBE  A$player$ |    00000BBF  A$player$
     00000BC1  A$player$ |    00000BC2  A$player$ |    00000BC5  A$player$
     00000BC7  A$player$ |    00000BCA  A$player$ |    00000BCB  A$player$
     00000BCC  A$player$ |    00000BCE  A$player$ |    00000BCF  A$player$
     00000BD2  A$player$ |    00000BD4  A$player$ |    00000BD6  A$player$
     00000BD7  A$player$ |    00000BDA  A$player$ |    00000BDB  A$player$
     00000BDC  A$player$ |    00000BDE  A$player$ |    00000BDF  A$player$
     00000BE1  A$player$ |    00000BE2  A$player$ |    00000BE4  A$player$
     00000BE5  A$player$ |    00000BE6  A$player$ |    00000BE7  A$player$
ASxxxx Linker V03.00 + NoICE + sdld,  page 14.
Hexadecimal  [32-Bits]

Area                       Addr        Size        Decimal Bytes (Attributes)
--------------------       ----        ----        ------- ----- ------------
_CODE                  00000200    000037CF =       14287. bytes (REL,CON)

        Value  Global            Value  Global            Value  Global    
        -----  ------            -----  ------            -----  ------    
     00000BEA  A$player$ |    00000BEB  A$player$ |    00000BEC  A$player$
     00000BED  A$player$ |    00000BEE  A$player$ |    00000BEF  A$player$
     00000BF1  A$player$ |    00000BF2  A$player$ |    00000BF3  A$player$
     00000BF4  A$player$ |    00000BF6  A$player$ |    00000BF7  A$player$
     00000BF8  A$player$ |    00000BF9  A$player$ |    00000BFA  A$player$
     00000BFC  A$player$ |    00000BFD  A$player$ |    00000BFE  A$player$
     00000BFF  A$player$ |    00000C00  A$player$ |    00000C01  A$player$
     00000C02  A$player$ |    00000C03  A$player$ |    00000C04  A$player$
     00000C05  A$player$ |    00000C06  A$player$ |    00000C07  A$player$
     00000C0A  A$player$ |    00000C0C  A$player$ |    00000C0E  A$player$
     00000C11  A$player$ |    00000C12  A$player$ |    00000C15  A$player$
     00000C17  A$player$ |    00000C18  A$player$ |    00000C19  A$player$
     00000C1A  A$player$ |    00000C1B  A$player$ |    00000C1C  A$player$
     00000C1D  A$player$ |    00000C1F  A$player$ |    00000C1F  C$player.
     00000C1F  C$player. |    00000C22  A$player$ |    00000C23  A$player$
     00000C24  A$player$ |    00000C26  A$player$ |    00000C27  A$player$
     00000C29  A$player$ |    00000C29  C$player. |    00000C29  XFplayer$
     00000C2A  A$player$ |    00000C2A  C$player. |    00000C2A  C$player.
     00000C2A  Fplayer$i |    00000C2D  A$player$ |    00000C2F  A$player$
     00000C30  A$player$ |    00000C33  A$player$ |    00000C34  A$player$
     00000C36  A$player$ |    00000C37  A$player$ |    00000C38  A$player$
     00000C39  A$player$ |    00000C3A  A$player$ |    00000C3B  A$player$
     00000C3D  A$player$ |    00000C3E  A$player$ |    00000C40  A$player$
     00000C41  A$player$ |    00000C42  A$player$ |    00000C43  A$player$
     00000C44  A$player$ |    00000C47  A$player$ |    00000C48  A$player$
     00000C49  A$player$ |    00000C4A  A$player$ |    00000C4B  A$player$
     00000C4D  A$player$ |    00000C50  A$player$ |    00000C51  A$player$
     00000C52  A$player$ |    00000C53  A$player$ |    00000C54  A$player$
     00000C54  C$player. |    00000C56  A$player$ |    00000C59  A$player$
     00000C5A  A$player$ |    00000C5B  A$player$ |    00000C5D  A$player$
     00000C5F  A$player$ |    00000C60  A$player$ |    00000C62  A$player$
     00000C63  A$player$ |    00000C66  A$player$ |    00000C68  A$player$
     00000C6B  A$player$ |    00000C6C  A$player$ |    00000C6D  A$player$
     00000C6E  A$player$ |    00000C71  A$player$ |    00000C73  A$player$
     00000C74  A$player$ |    00000C77  A$player$ |    00000C78  A$player$
     00000C79  A$player$ |    00000C7A  A$player$ |    00000C7B  A$player$
     00000C7B  C$player. |    00000C7E  A$player$ |    00000C7F  A$player$
     00000C80  A$player$ |    00000C82  A$player$ |    00000C83  A$player$
     00000C83  C$player. |    00000C84  A$player$ |    00000C86  A$player$
     00000C87  A$player$ |    00000C8A  A$player$ |    00000C8B  A$player$
     00000C8D  A$player$ |    00000C8E  A$player$ |    00000C8F  A$player$
     00000C90  A$player$ |    00000C91  A$player$ |    00000C92  A$player$
     00000C94  A$player$ |    00000C95  A$player$ |    00000C97  A$player$
     00000C98  A$player$ |    00000C99  A$player$ |    00000C9A  A$player$
     00000C9B  A$player$ |    00000C9E  A$player$ |    00000C9F  A$player$
     00000CA0  A$player$ |    00000CA1  A$player$ |    00000CA2  A$player$
     00000CA4  A$player$ |    00000CA7  A$player$ |    00000CA8  A$player$
     00000CA9  A$player$ |    00000CAA  A$player$ |    00000CAB  A$player$
     00000CAB  C$player. |    00000CAD  A$player$ |    00000CB0  A$player$
     00000CB1  A$player$ |    00000CB2  A$player$ |    00000CB4  A$player$
     00000CB6  A$player$ |    00000CB7  A$player$ |    00000CB9  A$player$
ASxxxx Linker V03.00 + NoICE + sdld,  page 15.
Hexadecimal  [32-Bits]

Area                       Addr        Size        Decimal Bytes (Attributes)
--------------------       ----        ----        ------- ----- ------------
_CODE                  00000200    000037CF =       14287. bytes (REL,CON)

        Value  Global            Value  Global            Value  Global    
        -----  ------            -----  ------            -----  ------    
     00000CBA  A$player$ |    00000CBD  A$player$ |    00000CBF  A$player$
     00000CC2  A$player$ |    00000CC3  A$player$ |    00000CC4  A$player$
     00000CC5  A$player$ |    00000CC8  A$player$ |    00000CCA  A$player$
     00000CCB  A$player$ |    00000CCE  A$player$ |    00000CCF  A$player$
     00000CD0  A$player$ |    00000CD1  A$player$ |    00000CD2  A$player$
     00000CD2  C$player. |    00000CD5  A$player$ |    00000CD6  A$player$
     00000CD7  A$player$ |    00000CD9  A$player$ |    00000CDA  A$player$
     00000CDA  C$player. |    00000CDA  XFplayer$ |    00000CDB  A$player$
     00000CDB  C$player. |    00000CDB  C$player. |    00000CDB  Fplayer$i
     00000CDE  A$player$ |    00000CDF  A$player$ |    00000CE1  A$player$
     00000CE3  A$player$ |    00000CE4  A$player$ |    00000CE5  A$player$
     00000CE6  A$player$ |    00000CE8  A$player$ |    00000CE9  A$player$
     00000CE9  C$player. |    00000CEC  A$player$ |    00000CED  A$player$
     00000CEE  A$player$ |    00000CF0  A$player$ |    00000CF1  A$player$
     00000CF2  A$player$ |    00000CF3  A$player$ |    00000CF4  A$player$
     00000CF5  A$player$ |    00000CF8  A$player$ |    00000CF9  A$player$
     00000CFB  A$player$ |    00000CFC  A$player$ |    00000CFD  A$player$
     00000CFE  A$player$ |    00000CFF  A$player$ |    00000D00  A$player$
     00000D01  A$player$ |    00000D04  A$player$ |    00000D05  A$player$
     00000D06  A$player$ |    00000D08  A$player$ |    00000D09  A$player$
     00000D0A  A$player$ |    00000D0D  A$player$ |    00000D0E  A$player$
     00000D0F  A$player$ |    00000D10  A$player$ |    00000D13  A$player$
     00000D14  A$player$ |    00000D15  A$player$ |    00000D16  A$player$
     00000D19  A$player$ |    00000D1A  A$player$ |    00000D1B  A$player$
     00000D1C  A$player$ |    00000D1F  A$player$ |    00000D20  A$player$
     00000D21  A$player$ |    00000D22  A$player$ |    00000D22  C$player.
     00000D25  A$player$ |    00000D27  A$player$ |    00000D27  C$player.
     00000D2A  A$player$ |    00000D2C  A$player$ |    00000D2C  C$player.
     00000D2C  XFplayer$ |    00000D2D  A$player$ |    00000D2D  C$player.
     00000D2D  C$player. |    00000D2D  Fplayer$h |    00000D30  A$player$
     00000D32  A$player$ |    00000D34  A$player$ |    00000D34  C$player.
     00000D36  A$player$ |    00000D37  A$player$ |    00000D38  A$player$
     00000D3B  A$player$ |    00000D3C  A$player$ |    00000D3C  C$player.
     00000D3C  C$player. |    00000D3F  A$player$ |    00000D3F  C$player.
     00000D42  A$player$ |    00000D43  A$player$ |    00000D45  A$player$
     00000D47  A$player$ |    00000D4A  A$player$ |    00000D4C  A$player$
     00000D4E  A$player$ |    00000D51  A$player$ |    00000D52  A$player$
     00000D54  A$player$ |    00000D57  A$player$ |    00000D58  A$player$
     00000D5B  A$player$ |    00000D5B  C$player. |    00000D5E  A$player$
     00000D60  A$player$ |    00000D62  A$player$ |    00000D65  A$player$
     00000D66  A$player$ |    00000D67  A$player$ |    00000D68  A$player$
     00000D68  C$player. |    00000D6B  A$player$ |    00000D6C  A$player$
     00000D6D  A$player$ |    00000D70  A$player$ |    00000D71  A$player$
     00000D72  A$player$ |    00000D74  A$player$ |    00000D76  A$player$
     00000D78  A$player$ |    00000D7A  A$player$ |    00000D7B  A$player$
     00000D7D  A$player$ |    00000D7F  A$player$ |    00000D81  A$player$
     00000D82  A$player$ |    00000D84  A$player$ |    00000D87  A$player$
     00000D88  A$player$ |    00000D89  A$player$ |    00000D8A  A$player$
     00000D8D  A$player$ |    00000D8E  A$player$ |    00000D8E  C$player.
     00000D8E  XFplayer$ |    00000D8F  A$player$ |    00000D8F  C$player.
     00000D8F  C$player. |    00000D8F  Fplayer$e |    00000D92  A$player$
ASxxxx Linker V03.00 + NoICE + sdld,  page 16.
Hexadecimal  [32-Bits]

Area                       Addr        Size        Decimal Bytes (Attributes)
--------------------       ----        ----        ------- ----- ------------
_CODE                  00000200    000037CF =       14287. bytes (REL,CON)

        Value  Global            Value  Global            Value  Global    
        -----  ------            -----  ------            -----  ------    
     00000D95  A$player$ |    00000D96  A$player$ |    00000D98  A$player$
     00000D99  A$player$ |    00000D9A  A$player$ |    00000D9B  A$player$
     00000D9C  A$player$ |    00000D9D  A$player$ |    00000D9E  A$player$
     00000DA1  A$player$ |    00000DA2  A$player$ |    00000DA3  A$player$
     00000DA5  A$player$ |    00000DA6  A$player$ |    00000DA7  A$player$
     00000DA8  A$player$ |    00000DAB  A$player$ |    00000DAC  A$player$
     00000DAE  A$player$ |    00000DAE  C$player. |    00000DB1  A$player$
     00000DB3  A$player$ |    00000DB3  C$player. |    00000DB6  A$player$
     00000DB7  A$player$ |    00000DB7  C$player. |    00000DBA  A$player$
     00000DBB  A$player$ |    00000DBE  A$player$ |    00000DBF  A$player$
     00000DC0  A$player$ |    00000DC2  A$player$ |    00000DC3  A$player$
     00000DC4  A$player$ |    00000DC5  A$player$ |    00000DC8  A$player$
     00000DC9  A$player$ |    00000DCB  A$player$ |    00000DCE  A$player$
     00000DD0  A$player$ |    00000DD2  A$player$ |    00000DD2  C$player.
     00000DD5  A$player$ |    00000DD6  A$player$ |    00000DD6  C$player.
     00000DD9  A$player$ |    00000DDB  A$player$ |    00000DDC  A$player$
     00000DDC  C$player. |    00000DDE  A$player$ |    00000DE1  A$player$
     00000DE2  A$player$ |    00000DE5  A$player$ |    00000DE6  A$player$
     00000DE9  A$player$ |    00000DEA  A$player$ |    00000DEB  A$player$
     00000DED  A$player$ |    00000DEF  A$player$ |    00000DF0  A$player$
     00000DF2  A$player$ |    00000DF3  A$player$ |    00000DF6  A$player$
     00000DF6  C$player. |    00000DF6  XFplayer$ |    00000DF7  A$player$
     00000DF7  C$player. |    00000DF7  C$player. |    00000DF7  Fplayer$s
     00000DFA  A$player$ |    00000DFC  A$player$ |    00000DFD  A$player$
     00000DFE  A$player$ |    00000E00  A$player$ |    00000E00  C$player.
     00000E03  A$player$ |    00000E05  A$player$ |    00000E07  A$player$
     00000E0A  A$player$ |    00000E0A  C$player. |    00000E0D  A$player$
     00000E0F  A$player$ |    00000E0F  C$player. |    00000E12  A$player$
     00000E14  A$player$ |    00000E14  C$player. |    00000E16  A$player$
     00000E17  A$player$ |    00000E1A  A$player$ |    00000E1A  C$player.
     00000E1A  XFplayer$ |    00000E1B  A$player$ |    00000E1B  C$player.
     00000E1B  Fplayer$c |    00000E1D  A$player$ |    00000E20  A$player$
     00000E22  A$player$ |    00000E22  C$player. |    00000E25  A$player$
     00000E26  A$player$ |    00000E27  A$player$ |    00000E29  A$player$
     00000E2A  A$player$ |    00000E2C  A$player$ |    00000E2D  A$player$
     00000E2E  A$player$ |    00000E2F  A$player$ |    00000E30  A$player$
     00000E31  A$player$ |    00000E32  A$player$ |    00000E33  A$player$
     00000E34  A$player$ |    00000E37  A$player$ |    00000E38  A$player$
     00000E39  A$player$ |    00000E3A  A$player$ |    00000E3D  A$player$
     00000E3E  A$player$ |    00000E3F  A$player$ |    00000E40  A$player$
     00000E41  A$player$ |    00000E42  A$player$ |    00000E43  A$player$
     00000E45  A$player$ |    00000E46  A$player$ |    00000E48  A$player$
     00000E49  A$player$ |    00000E4A  A$player$ |    00000E4A  C$player.
     00000E4B  A$player$ |    00000E4C  A$player$ |    00000E4D  A$player$
     00000E4E  A$player$ |    00000E51  A$player$ |    00000E52  A$player$
     00000E53  A$player$ |    00000E54  A$player$ |    00000E55  A$player$
     00000E57  A$player$ |    00000E5A  A$player$ |    00000E5A  C$player.
     00000E5C  A$player$ |    00000E5D  A$player$ |    00000E5E  A$player$
     00000E5F  A$player$ |    00000E60  A$player$ |    00000E63  A$player$
     00000E64  A$player$ |    00000E66  A$player$ |    00000E69  A$player$
     00000E69  C$player. |    00000E6B  A$player$ |    00000E6B  C$player.
ASxxxx Linker V03.00 + NoICE + sdld,  page 17.
Hexadecimal  [32-Bits]

Area                       Addr        Size        Decimal Bytes (Attributes)
--------------------       ----        ----        ------- ----- ------------
_CODE                  00000200    000037CF =       14287. bytes (REL,CON)

        Value  Global            Value  Global            Value  Global    
        -----  ------            -----  ------            -----  ------    
     00000E6D  A$player$ |    00000E6E  A$player$ |    00000E6F  A$player$
     00000E70  A$player$ |    00000E71  A$player$ |    00000E72  A$player$
     00000E74  A$player$ |    00000E75  A$player$ |    00000E76  A$player$
     00000E78  A$player$ |    00000E7A  A$player$ |    00000E7B  A$player$
     00000E7C  A$player$ |    00000E7D  A$player$ |    00000E80  A$player$
     00000E81  A$player$ |    00000E82  A$player$ |    00000E83  A$player$
     00000E85  A$player$ |    00000E86  A$player$ |    00000E87  A$player$
     00000E88  A$player$ |    00000E8A  A$player$ |    00000E8B  A$player$
     00000E8C  A$player$ |    00000E8D  A$player$ |    00000E8E  A$player$
     00000E8F  A$player$ |    00000E91  A$player$ |    00000E92  A$player$
     00000E94  A$player$ |    00000E95  A$player$ |    00000E96  A$player$
     00000E97  A$player$ |    00000E98  A$player$ |    00000E99  A$player$
     00000E9A  A$player$ |    00000E9C  A$player$ |    00000E9D  A$player$
     00000E9E  A$player$ |    00000E9F  A$player$ |    00000EA1  A$player$
     00000EA2  A$player$ |    00000EA5  A$player$ |    00000EA7  A$player$
     00000EA8  A$player$ |    00000EAA  A$player$ |    00000EAC  A$player$
     00000EAD  A$player$ |    00000EAE  A$player$ |    00000EB0  A$player$
     00000EB1  A$player$ |    00000EB2  A$player$ |    00000EB3  A$player$
     00000EB4  A$player$ |    00000EB5  A$player$ |    00000EB6  A$player$
     00000EB7  A$player$ |    00000EB8  A$player$ |    00000EBA  A$player$
     00000EBC  A$player$ |    00000EBE  A$player$ |    00000EC0  A$player$
     00000EC1  A$player$ |    00000EC3  A$player$ |    00000EC5  A$player$
     00000EC7  A$player$ |    00000EC8  A$player$ |    00000ECA  A$player$
     00000ECD  A$player$ |    00000ECF  A$player$ |    00000ED0  A$player$
     00000ED3  A$player$ |    00000ED4  A$player$ |    00000ED6  A$player$
     00000ED9  A$player$ |    00000EDB  A$player$ |    00000EDE  A$player$
     00000EDF  A$player$ |    00000EE0  A$player$ |    00000EE2  A$player$
     00000EE2  C$player. |    00000EE3  A$player$ |    00000EE4  A$player$
     00000EE5  A$player$ |    00000EE6  A$player$ |    00000EE7  A$player$
     00000EE8  A$player$ |    00000EE9  A$player$ |    00000EEA  A$player$
     00000EEB  A$player$ |    00000EEC  A$player$ |    00000EEE  A$player$
     00000EEF  A$player$ |    00000EF0  A$player$ |    00000EF1  A$player$
     00000EF3  A$player$ |    00000EF4  A$player$ |    00000EF5  A$player$
     00000EF6  A$player$ |    00000EF7  A$player$ |    00000EF8  A$player$
     00000EF9  A$player$ |    00000EFB  A$player$ |    00000EFC  A$player$
     00000EFD  A$player$ |    00000EFE  A$player$ |    00000EFF  A$player$
     00000F00  A$player$ |    00000F01  A$player$ |    00000F02  A$player$
     00000F05  A$player$ |    00000F06  A$player$ |    00000F07  A$player$
     00000F08  A$player$ |    00000F0A  A$player$ |    00000F0B  A$player$
     00000F0C  A$player$ |    00000F0D  A$player$ |    00000F0F  A$player$
     00000F10  A$player$ |    00000F11  A$player$ |    00000F12  A$player$
     00000F13  A$player$ |    00000F14  A$player$ |    00000F16  A$player$
     00000F17  A$player$ |    00000F19  A$player$ |    00000F1A  A$player$
     00000F1B  A$player$ |    00000F1C  A$player$ |    00000F1D  A$player$
     00000F1E  A$player$ |    00000F1F  A$player$ |    00000F20  A$player$
     00000F21  A$player$ |    00000F22  A$player$ |    00000F23  A$player$
     00000F25  A$player$ |    00000F26  A$player$ |    00000F27  A$player$
     00000F2A  A$player$ |    00000F2C  A$player$ |    00000F2D  A$player$
     00000F2F  A$player$ |    00000F31  A$player$ |    00000F32  A$player$
     00000F33  A$player$ |    00000F35  A$player$ |    00000F36  A$player$
     00000F37  A$player$ |    00000F38  A$player$ |    00000F39  A$player$
ASxxxx Linker V03.00 + NoICE + sdld,  page 18.
Hexadecimal  [32-Bits]

Area                       Addr        Size        Decimal Bytes (Attributes)
--------------------       ----        ----        ------- ----- ------------
_CODE                  00000200    000037CF =       14287. bytes (REL,CON)

        Value  Global            Value  Global            Value  Global    
        -----  ------            -----  ------            -----  ------    
     00000F3A  A$player$ |    00000F3B  A$player$ |    00000F3C  A$player$
     00000F3D  A$player$ |    00000F3F  A$player$ |    00000F41  A$player$
     00000F43  A$player$ |    00000F45  A$player$ |    00000F46  A$player$
     00000F48  A$player$ |    00000F4A  A$player$ |    00000F4C  A$player$
     00000F4D  A$player$ |    00000F4F  A$player$ |    00000F51  A$player$
     00000F53  A$player$ |    00000F56  A$player$ |    00000F57  A$player$
     00000F59  A$player$ |    00000F5B  A$player$ |    00000F5D  A$player$
     00000F5E  A$player$ |    00000F5F  A$player$ |    00000F60  A$player$
     00000F62  A$player$ |    00000F64  A$player$ |    00000F66  A$player$
     00000F67  A$player$ |    00000F68  A$player$ |    00000F69  A$player$
     00000F6B  A$player$ |    00000F6C  A$player$ |    00000F6E  A$player$
     00000F6F  A$player$ |    00000F70  A$player$ |    00000F70  C$player.
     00000F73  A$player$ |    00000F76  A$player$ |    00000F77  A$player$
     00000F79  A$player$ |    00000F7A  A$player$ |    00000F7C  A$player$
     00000F7F  A$player$ |    00000F80  A$player$ |    00000F82  A$player$
     00000F83  A$player$ |    00000F84  A$player$ |    00000F85  A$player$
     00000F86  A$player$ |    00000F87  A$player$ |    00000F88  A$player$
     00000F8A  A$player$ |    00000F8C  A$player$ |    00000F8D  A$player$
     00000F8F  A$player$ |    00000F90  A$player$ |    00000F92  A$player$
     00000F94  A$player$ |    00000F96  A$player$ |    00000F98  A$player$
     00000F99  A$player$ |    00000F9B  A$player$ |    00000F9D  A$player$
     00000F9F  A$player$ |    00000FA0  A$player$ |    00000FA2  A$player$
     00000FA3  A$player$ |    00000FA5  A$player$ |    00000FA8  A$player$
     00000FA9  A$player$ |    00000FAB  A$player$ |    00000FAE  A$player$
     00000FAF  A$player$ |    00000FB1  A$player$ |    00000FB2  A$player$
     00000FB3  A$player$ |    00000FB4  A$player$ |    00000FB5  A$player$
     00000FB6  A$player$ |    00000FB7  A$player$ |    00000FB8  A$player$
     00000FBA  A$player$ |    00000FBC  A$player$ |    00000FBD  A$player$
     00000FBF  A$player$ |    00000FC0  A$player$ |    00000FC2  A$player$
     00000FC4  A$player$ |    00000FC6  A$player$ |    00000FC8  A$player$
     00000FC9  A$player$ |    00000FCB  A$player$ |    00000FCD  A$player$
     00000FCF  A$player$ |    00000FD0  A$player$ |    00000FD2  A$player$
     00000FD3  A$player$ |    00000FD4  A$player$ |    00000FD6  A$player$
     00000FD6  C$player. |    00000FD7  A$player$ |    00000FD9  A$player$
     00000FDB  A$player$ |    00000FDC  A$player$ |    00000FDC  C$player.
     00000FDE  A$player$ |    00000FDF  A$player$ |    00000FE0  A$player$
     00000FE1  A$player$ |    00000FE4  A$player$ |    00000FE5  A$player$
     00000FE6  A$player$ |    00000FE7  A$player$ |    00000FE8  A$player$
     00000FEA  A$player$ |    00000FEB  A$player$ |    00000FEC  A$player$
     00000FEF  A$player$ |    00000FF0  A$player$ |    00000FF1  A$player$
     00000FF2  A$player$ |    00000FF3  A$player$ |    00000FF4  A$player$
     00000FF5  A$player$ |    00000FF6  A$player$ |    00000FF7  A$player$
     00000FF8  A$player$ |    00000FFB  A$player$ |    00000FFC  A$player$
     00000FFD  A$player$ |    00000FFE  A$player$ |    00001000  A$player$
     00001003  A$player$ |    00001003  C$player. |    00001004  A$player$
     00001006  A$player$ |    00001008  A$player$ |    0000100A  A$player$
     0000100D  A$player$ |    0000100F  A$player$ |    00001012  A$player$
     00001014  A$player$ |    00001017  A$player$ |    00001019  A$player$
     0000101C  A$player$ |    0000101E  A$player$ |    00001021  A$player$
     00001023  A$player$ |    00001026  A$player$ |    00001028  A$player$
     0000102B  A$player$ |    0000102E  A$player$ |    0000102E  C$player.
ASxxxx Linker V03.00 + NoICE + sdld,  page 19.
Hexadecimal  [32-Bits]

Area                       Addr        Size        Decimal Bytes (Attributes)
--------------------       ----        ----        ------- ----- ------------
_CODE                  00000200    000037CF =       14287. bytes (REL,CON)

        Value  Global            Value  Global            Value  Global    
        -----  ------            -----  ------            -----  ------    
     0000102E  C$player. |    00001030  A$player$ |    00001031  A$player$
     00001032  A$player$ |    00001033  A$player$ |    00001034  A$player$
     00001036  A$player$ |    00001037  A$player$ |    00001038  A$player$
     00001039  A$player$ |    0000103A  A$player$ |    0000103B  A$player$
     0000103D  A$player$ |    0000103E  A$player$ |    0000103F  A$player$
     00001040  A$player$ |    00001041  A$player$ |    00001042  A$player$
     00001042  C$player. |    00001044  A$player$ |    00001045  A$player$
     00001046  A$player$ |    00001047  A$player$ |    00001048  A$player$
     00001049  A$player$ |    0000104A  A$player$ |    0000104B  A$player$
     0000104C  A$player$ |    0000104D  A$player$ |    0000104E  A$player$
     0000104F  A$player$ |    00001050  A$player$ |    00001051  A$player$
     00001052  A$player$ |    00001053  A$player$ |    00001055  A$player$
     00001056  A$player$ |    00001057  A$player$ |    00001057  C$player.
     00001059  A$player$ |    0000105C  A$player$ |    0000105E  A$player$
     0000105F  A$player$ |    00001060  A$player$ |    00001061  A$player$
     00001062  A$player$ |    00001063  A$player$ |    00001064  A$player$
     00001065  A$player$ |    00001066  A$player$ |    00001067  A$player$
     00001068  A$player$ |    00001069  A$player$ |    0000106B  A$player$
     0000106C  A$player$ |    0000106D  A$player$ |    00001070  A$player$
     00001072  A$player$ |    00001075  A$player$ |    00001076  A$player$
     00001078  A$player$ |    00001079  A$player$ |    0000107A  A$player$
     0000107B  A$player$ |    0000107C  A$player$ |    0000107D  A$player$
     0000107E  A$player$ |    0000107F  A$player$ |    00001081  A$player$
     00001082  A$player$ |    00001083  A$player$ |    00001084  A$player$
     00001085  A$player$ |    00001088  A$player$ |    0000108A  A$player$
     0000108C  A$player$ |    0000108D  A$player$ |    0000108E  A$player$
     0000108F  A$player$ |    00001090  A$player$ |    00001093  A$player$
     00001095  A$player$ |    00001096  A$player$ |    00001097  A$player$
     00001098  A$player$ |    00001099  A$player$ |    0000109A  A$player$
     0000109B  A$player$ |    0000109D  A$player$ |    0000109E  A$player$
     0000109F  A$player$ |    000010A0  A$player$ |    000010A1  A$player$
     000010A2  A$player$ |    000010A3  A$player$ |    000010A4  A$player$
     000010A5  A$player$ |    000010A7  A$player$ |    000010A8  A$player$
     000010A9  A$player$ |    000010AB  A$player$ |    000010AC  A$player$
     000010AE  A$player$ |    000010AF  A$player$ |    000010B0  A$player$
     000010B1  A$player$ |    000010B2  A$player$ |    000010B3  A$player$
     000010B4  A$player$ |    000010B5  A$player$ |    000010B7  A$player$
     000010B8  A$player$ |    000010B9  A$player$ |    000010BA  A$player$
     000010BB  A$player$ |    000010BE  A$player$ |    000010C0  A$player$
     000010C1  A$player$ |    000010C2  A$player$ |    000010C4  A$player$
     000010C5  A$player$ |    000010C6  A$player$ |    000010C7  A$player$
     000010C8  A$player$ |    000010C9  A$player$ |    000010CA  A$player$
     000010CC  A$player$ |    000010CE  A$player$ |    000010D0  A$player$
     000010D2  A$player$ |    000010D3  A$player$ |    000010D5  A$player$
     000010D7  A$player$ |    000010D9  A$player$ |    000010DA  A$player$
     000010DC  A$player$ |    000010DC  C$player. |    000010DE  A$player$
     000010DF  A$player$ |    000010E0  A$player$ |    000010E1  A$player$
     000010E2  A$player$ |    000010E3  A$player$ |    000010E4  A$player$
     000010E5  A$player$ |    000010E8  A$player$ |    000010E8  C$player.
     000010EB  A$player$ |    000010ED  A$player$ |    000010F0  A$player$
     000010F0  C$player. |    000010F2  A$player$ |    000010F3  A$player$
ASxxxx Linker V03.00 + NoICE + sdld,  page 20.
Hexadecimal  [32-Bits]

Area                       Addr        Size        Decimal Bytes (Attributes)
--------------------       ----        ----        ------- ----- ------------
_CODE                  00000200    000037CF =       14287. bytes (REL,CON)

        Value  Global            Value  Global            Value  Global    
        -----  ------            -----  ------            -----  ------    
     000010F4  A$player$ |    000010F7  A$player$ |    000010F7  C$player.
     000010FA  A$player$ |    000010FC  A$player$ |    000010FC  C$player.
     000010FF  A$player$ |    00001101  A$player$ |    00001101  C$player.
     00001104  A$player$ |    00001106  A$player$ |    00001106  C$player.
     00001109  A$player$ |    00001109  C$player. |    00001109  C$player.
     0000110B  A$player$ |    0000110C  A$player$ |    0000110D  A$player$
     0000110E  A$player$ |    0000110F  A$player$ |    00001111  A$player$
     00001112  A$player$ |    00001113  A$player$ |    00001114  A$player$
     00001115  A$player$ |    00001116  A$player$ |    00001118  A$player$
     00001119  A$player$ |    0000111A  A$player$ |    0000111B  A$player$
     0000111C  A$player$ |    0000111D  A$player$ |    0000111D  C$player.
     0000111F  A$player$ |    00001120  A$player$ |    00001121  A$player$
     00001122  A$player$ |    00001123  A$player$ |    00001125  A$player$
     00001126  A$player$ |    00001127  A$player$ |    00001127  C$player.
     00001129  A$player$ |    0000112C  A$player$ |    0000112E  A$player$
     0000112F  A$player$ |    00001130  A$player$ |    00001131  A$player$
     00001132  A$player$ |    00001133  A$player$ |    00001134  A$player$
     00001135  A$player$ |    00001136  A$player$ |    00001137  A$player$
     00001138  A$player$ |    00001139  A$player$ |    0000113B  A$player$
     0000113C  A$player$ |    0000113D  A$player$ |    00001140  A$player$
     00001142  A$player$ |    00001145  A$player$ |    00001146  A$player$
     00001148  A$player$ |    00001149  A$player$ |    0000114A  A$player$
     0000114B  A$player$ |    0000114C  A$player$ |    0000114D  A$player$
     0000114E  A$player$ |    0000114F  A$player$ |    00001151  A$player$
     00001152  A$player$ |    00001153  A$player$ |    00001154  A$player$
     00001155  A$player$ |    00001158  A$player$ |    0000115A  A$player$
     0000115C  A$player$ |    0000115D  A$player$ |    0000115E  A$player$
[...]
     00003729  _run_meta |    00003735  G$run_spe |    00003735  _run_spee
     0000373B  G$jump0$0 |    0000373B  _jump0    |    0000374F  G$jump_me
     0000374F  _jump_met |    00003751  G$jump_sp |    00003751  _jump_spe
     00003752  G$fall0$0 |    00003752  _fall0    |    00003766  G$fall_me
     00003766  _fall_met |    00003768  G$fall_sp |    00003768  _fall_spe
     00003769  G$hurt0$0 |    00003769  _hurt0    |    0000377D  G$hurt_me
     0000377D  _hurt_met |    0000377F  G$hurt_sp |    0000377F  _hurt_spe
     00003780  G$metaspr |    00003780  _metaspri |    0000378A  G$metaspr
     0000378A  _metaspri |    00003794  G$frames_ |    00003794  _frames_i
     00003799  G$Sfx$0_0 |    00003799  _Sfx      |    000037C9  G$base$0_
     000037C9  _base     |    000037D5  G$bot_map |    000037D5  _bot_map_
     000037DD  G$bot_map |    000037DD  _bot_map_ |    000037E5  G$bot_map
     000037E5  _bot_map_ |    000037ED  G$bot_map |    000037ED  _bot_map_
     000037F9  G$bot_map |    000037F9  _bot_map_ |    00003801  G$bot_map
     00003801  _bot_map_ |    00003809  G$top_map |    00003809  _top_map_
     0000380D  G$top_map |    0000380D  _top_map_ |    00003811  G$top_map
     00003811  _top_map_ |    00003815  G$top_map |    00003815  _top_map_
     0000381D  G$top_map |    0000381D  _top_map_ |    00003821  G$bot_map
     00003821  _bot_map_ |    00003829  G$top_map |    00003829  _top_map_
     0000382D  _hide_spr |    0000385D  ___hide_m |    00003884  ___move_m
     000038C3  ___move_m |    00003906  ___move_m |    00003949  ___move_m
     0000398E  _set_vram |    0000399D  _set_win_ |    000039A5  _set_bkg_
ASxxxx Linker V03.00 + NoICE + sdld,  page 51.
Hexadecimal  [32-Bits]

Area                       Addr        Size        Decimal Bytes (Attributes)
--------------------       ----        ----        ------- ----- ------------
_HEADER0               00000000    00000001 =           1. bytes (ABS,CON)

        Value  Global            Value  Global            Value  Global    
        -----  ------            -----  ------            -----  ------    
     00000020  .call_hl 
ASxxxx Linker V03.00 + NoICE + sdld,  page 52.
Hexadecimal  [32-Bits]

Area                       Addr        Size        Decimal Bytes (Attributes)
--------------------       ----        ----        ------- ----- ------------
_HEADER1               00000000    00000005 =           5. bytes (ABS,CON)

        Value  Global            Value  Global            Value  Global    
        -----  ------            -----  ------            -----  ------    
     00000028  .MemsetSm
ASxxxx Linker V03.00 + NoICE + sdld,  page 53.
Hexadecimal  [32-Bits]

Area                       Addr        Size        Decimal Bytes (Attributes)
--------------------       ----        ----        ------- ----- ------------
_HEADER2               00000000    00000007 =           7. bytes (ABS,CON)

        Value  Global            Value  Global            Value  Global    
        -----  ------            -----  ------            -----  ------    
     00000030  .MemcpySm
ASxxxx Linker V03.00 + NoICE + sdld,  page 54.
Hexadecimal  [32-Bits]

Area                       Addr        Size        Decimal Bytes (Attributes)
--------------------       ----        ----        ------- ----- ------------
_HEADER3               00000000    00000008 =           8. bytes (ABS,CON)

        Value  Global            Value  Global            Value  Global    
        -----  ------            -----  ------            -----  ------    
ASxxxx Linker V03.00 + NoICE + sdld,  page 55.
Hexadecimal  [32-Bits]

Area                       Addr        Size        Decimal Bytes (Attributes)
--------------------       ----        ----        ------- ----- ------------
_HEADER4               00000000    0000004E =          78. bytes (ABS,CON)

        Value  Global            Value  Global            Value  Global    
        -----  ------            -----  ------            -----  ------    
     00000080  .int      |    0000008F  _wait_int |    0000009C  __standar
     000000AC  _refresh_
ASxxxx Linker V03.00 + NoICE + sdld,  page 56.
Hexadecimal  [32-Bits]

Area                       Addr        Size        Decimal Bytes (Attributes)
--------------------       ----        ----        ------- ----- ------------
_HEADER5               00000000    00000002 =           2. bytes (ABS,CON)

        Value  Global            Value  Global            Value  Global    
        -----  ------            -----  ------            -----  ------    
ASxxxx Linker V03.00 + NoICE + sdld,  page 57.
Hexadecimal  [32-Bits]

Area                       Addr        Size        Decimal Bytes (Attributes)
--------------------       ----        ----        ------- ----- ------------
_HEADER6               00000000    00000030 =          48. bytes (ABS,CON)

        Value  Global            Value  Global            Value  Global    
        -----  ------            -----  ------            -----  ------    
ASxxxx Linker V03.00 + NoICE + sdld,  page 58.
Hexadecimal  [32-Bits]

Area                       Addr        Size        Decimal Bytes (Attributes)
--------------------       ----        ----        ------- ----- ------------
_HEADER7               00000000    00000006 =           6. bytes (ABS,CON)

        Value  Global            Value  Global            Value  Global    
        -----  ------            -----  ------            -----  ------    
ASxxxx Linker V03.00 + NoICE + sdld,  page 59.
Hexadecimal  [32-Bits]

Area                       Addr        Size        Decimal Bytes (Attributes)
--------------------       ----        ----        ------- ----- ------------
_HEADER8               00000000    00000003 =           3. bytes (ABS,CON)

        Value  Global            Value  Global            Value  Global    
        -----  ------            -----  ------            -----  ------    
ASxxxx Linker V03.00 + NoICE + sdld,  page 60.
Hexadecimal  [32-Bits]

Area                       Addr        Size        Decimal Bytes (Attributes)
--------------------       ----        ----        ------- ----- ------------
_HEADER9               00000000    00000001 =           1. bytes (ABS,CON)

        Value  Global            Value  Global            Value  Global    
        -----  ------            -----  ------            -----  ------    
ASxxxx Linker V03.00 + NoICE + sdld,  page 61.
Hexadecimal  [32-Bits]

Area                       Addr        Size        Decimal Bytes (Attributes)
--------------------       ----        ----        ------- ----- ------------
_HEADERa               00000000    00000001 =           1. bytes (ABS,CON)

        Value  Global            Value  Global            Value  Global    
        -----  ------            -----  ------            -----  ------    
ASxxxx Linker V03.00 + NoICE + sdld,  page 62.
Hexadecimal  [32-Bits]

Area                       Addr        Size        Decimal Bytes (Attributes)
--------------------       ----        ----        ------- ----- ------------
_HEADERb               00000000    00000001 =           1. bytes (ABS,CON)

        Value  Global            Value  Global            Value  Global    
        -----  ------            -----  ------            -----  ------    
ASxxxx Linker V03.00 + NoICE + sdld,  page 63.
Hexadecimal  [32-Bits]

Area                       Addr        Size        Decimal Bytes (Attributes)
--------------------       ----        ----        ------- ----- ------------
_HEADERc               00000000    00000002 =           2. bytes (ABS,CON)

        Value  Global            Value  Global            Value  Global    
        -----  ------            -----  ------            -----  ------    
ASxxxx Linker V03.00 + NoICE + sdld,  page 64.
Hexadecimal  [32-Bits]

Area                       Addr        Size        Decimal Bytes (Attributes)
--------------------       ----        ----        ------- ----- ------------
_HEADERd               00000000    00000001 =           1. bytes (ABS,CON)

        Value  Global            Value  Global            Value  Global    
        -----  ------            -----  ------            -----  ------    
ASxxxx Linker V03.00 + NoICE + sdld,  page 65.
Hexadecimal  [32-Bits]

Area                       Addr        Size        Decimal Bytes (Attributes)
--------------------       ----        ----        ------- ----- ------------
_HEADERe               00000000    00000001 =           1. bytes (ABS,CON)

        Value  Global            Value  Global            Value  Global    
        -----  ------            -----  ------            -----  ------    
ASxxxx Linker V03.00 + NoICE + sdld,  page 66.
Hexadecimal  [32-Bits]

Area                       Addr        Size        Decimal Bytes (Attributes)
--------------------       ----        ----        ------- ----- ------------
_HEADERf               00000000    00000002 =           2. bytes (ABS,CON)

        Value  Global            Value  Global            Value  Global    
        -----  ------            -----  ------            -----  ------    
ASxxxx Linker V03.00 + NoICE + sdld,  page 67.
Hexadecimal  [32-Bits]

Area                       Addr        Size        Decimal Bytes (Attributes)
--------------------       ----        ----        ------- ----- ------------
_HEADER10              00000000    00000082 =         130. bytes (ABS,CON)

        Value  Global            Value  Global            Value  Global    
        -----  ------            -----  ------            -----  ------    
     00000150  .reset    |    00000150  _reset    |    00000157  .code_sta
     000001B7  _exit     |    000001BB  _set_inte
ASxxxx Linker V03.00 + NoICE + sdld,  page 68.
Hexadecimal  [32-Bits]

Area                       Addr        Size        Decimal Bytes (Attributes)
--------------------       ----        ----        ------- ----- ------------
_HEADER11              00000000    00000001 =           1. bytes (ABS,CON)

        Value  Global            Value  Global            Value  Global    
        -----  ------            -----  ------            -----  ------    
ASxxxx Linker V03.00 + NoICE + sdld,  page 69.
Hexadecimal  [32-Bits]

Area                       Addr        Size        Decimal Bytes (Attributes)
--------------------       ----        ----        ------- ----- ------------
_HOME                  000039CF    0000035C =         860. bytes (REL,CON)

        Value  Global            Value  Global            Value  Global    
        -----  ------            -----  ------            -----  ------    
     000039CF  .memset_s |    000039D8  .memcpy_s |    000039F5  .remove_V
     000039F8  .remove_i |    00003A15  .add_VBL  |    00003A18  .add_int 
     00003A23  .wait_vbl |    00003A23  _wait_vbl |    00003A33  .display_
     00003A33  _display_ |    00003A4B  _remove_V |    00003A56  _add_VBL 
     00003A61  _rand     |    00003A61  _randw    |    00003A8C  _initrand
     00003A8E  .initrand |    00003A97  _uitoa    |    00003AA6  _itoa    
     00003AB5  .itoa     |    00003AC9  .utoa     |    00003B3D  __mulsuch
     00003B47  __mulusch |    00003B51  __mulscha |    00003B63  __mulucha
     00003B6F  __mulint  |    00003B95  _set_win_ |    00003BA9  _set_tile
     00003BAE  _set_bkg_ |    00003BAE  _set_win_ |    00003BB6  _set_spri
     00003C15  _add_LCD  |    00003C20  .add_LCD  |    00003C26  _remove_L
     00003C31  .remove_L |    00003C37  .padup    |    00003C37  _waitpadu
     00003C47  .jpad     |    00003C47  _joypad   |    00003C6F  _waitpad 
     00003C72  .wait_pad |    00003C79  ___memcpy |    00003C79  _memcpy  
     00003CBC  ___sdcc_c |    00003CBD  _set_bkg_ |    00003CD1  .set_xy_w
     00003CDA  .set_xy_b |    00003CE9  .set_xy_t
ASxxxx Linker V03.00 + NoICE + sdld,  page 70.
Hexadecimal  [32-Bits]

Area                       Addr        Size        Decimal Bytes (Attributes)
--------------------       ----        ----        ------- ----- ------------
_INITIALIZER           00003D2B    00000104 =         260. bytes (REL,CON)

        Value  Global            Value  Global            Value  Global    
        -----  ------            -----  ------            -----  ------    
     00003D2B  Fplayer$_ |    00003D2F  Fplayer$_ |    00003D3D  Fbrick_pa
     00003D5D  Fextra_sp |    00003DDD  Fpartly_b
ASxxxx Linker V03.00 + NoICE + sdld,  page 71.
Hexadecimal  [32-Bits]

Area                       Addr        Size        Decimal Bytes (Attributes)
--------------------       ----        ----        ------- ----- ------------
_GSINIT                00003E2F    0000000C =          12. bytes (REL,CON)

        Value  Global            Value  Global            Value  Global    
        -----  ------            -----  ------            -----  ------    
     00003E2F  gsinit   
ASxxxx Linker V03.00 + NoICE + sdld,  page 72.
Hexadecimal  [32-Bits]

Area                       Addr        Size        Decimal Bytes (Attributes)
--------------------       ----        ----        ------- ----- ------------
_GSFINAL               00003E3B    00000001 =           1. bytes (REL,CON)

        Value  Global            Value  Global            Value  Global    
        -----  ------            -----  ------            -----  ------    
ASxxxx Linker V03.00 + NoICE + sdld,  page 73.
Hexadecimal  [32-Bits]

Area                       Addr        Size        Decimal Bytes (Attributes)
--------------------       ----        ----        ------- ----- ------------
_DATA                  0000C0A0    00000196 =         406. bytes (REL,CON)

        Value  Global            Value  Global            Value  Global    
        -----  ------            -----  ------            -----  ------    
     0000C0A0  __cpu     |    0000C0A1  __is_GBA  |    0000C0A2  .mode    
     0000C0A3  .sys_time |    0000C0A3  _sys_time |    0000C0A5  .int_0x40
     0000C0B9  G$ending_ |    0000C0B9  _ending_f |    0000C0BA  Fending$s
     0000C0BB  Fending$f |    0000C0BC  Fending$w |    0000C0BE  Fending$m
     0000C0BF  Fending$s |    0000C0C4  Fending$i |    0000C0C5  G$i$0_0$0
     0000C0C5  _i        |    0000C0C6  Fmain$sco |    0000C0CB  G$player_
     0000C0CB  _player_d |    0000C0CC  Fplayer$f |    0000C0CD  Fplayer$c
     0000C0CE  G$a_not_p |    0000C0CE  _a_not_pr |    0000C0CF  Fplayer$i
     0000C0D0  Fplayer$j |    0000C0D1  Fplayer$x |    0000C0D2  Fplayer$x
     0000C0D3  Fplayer$i |    0000C0D4  Fplayer$i |    0000C0D5  Fplayer$i
     0000C0D6  Fplayer$y |    0000C0D7  Fplayer$p |    0000C0D8  Fplayer$p
     0000C0D9  Fplayer$l |    0000C0DA  Fplayer$l |    0000C0DB  Fplayer$c
     0000C0DC  Fplayer$c |    0000C0DD  G$score$0 |    0000C0DD  _score   
     0000C0DF  Fplayer$m |    0000C0E0  Fplayer$t |    0000C0E1  Fplayer$h
     0000C0E2  Fplayer$n |    0000C0E3  Fplayer$b |    0000C0E4  Fplayer$b
     0000C0E5  Fscene$i$ |    0000C0E6  G$rand_in |    0000C0E6  _rand_ini
     0000C0E7  G$r$0_0$0 |    0000C0E7  _r        |    0000C0E8  Fscene$wi
     0000C0EC  G$camera_ |    0000C0EC  _camera_y |    0000C0ED  G$old_cam
     0000C0ED  _old_came |    0000C0EE  G$camera_ |    0000C0EE  _camera_y
     0000C0EF  G$old_cam |    0000C0EF  _old_came |    0000C0F0  Fscene$fr
     0000C0F1  Fscene$cu |    0000C0F2  Fscene$ac |    0000C0F3  G$game_st
     0000C0F3  _game_sta |    0000C0F4  G$game_en |    0000C0F4  _game_end
     0000C0F5  G$rect_li |    0000C0F5  _rect_lis |    0000C195  G$map_com
     0000C195  _map_comp |    0000C1B5  Fscene$ne |    0000C1B6  Fscene$wa
     0000C1B7  Fscene$ma |    0000C1B8  Fscene$wi |    0000C218  G$clothes
     0000C218  _clothes_ |    0000C21C  G$clothes |    0000C21C  _clothes_
     0000C21D  G$deactiv |    0000C21D  _deactiva |    0000C21E  Fscene$we
     0000C21F  Fscene$is |    0000C220  Lscene.me |    0000C221  ___rand_s
     0000C223  .int_0x48 |    0000C233  ___curren |    0000C235  ___curren
ASxxxx Linker V03.00 + NoICE + sdld,  page 74.
Hexadecimal  [32-Bits]

Area                       Addr        Size        Decimal Bytes (Attributes)
--------------------       ----        ----        ------- ----- ------------
_INITIALIZED           0000C236    00000104 =         260. bytes (REL,CON)

        Value  Global            Value  Global            Value  Global    
        -----  ------            -----  ------            -----  ------    
     0000C236  Fplayer$p |    0000C23A  Fplayer$r |    0000C248  G$brick_p
     0000C248  _brick_pa |    0000C268  G$extra_s |    0000C268  _extra_sp
     0000C2E8  G$partly_ |    0000C2E8  _partly_b |    0000C338  ___render
     0000C339  __map_til
ASxxxx Linker V03.00 + NoICE + sdld,  page 75.
Hexadecimal  [32-Bits]

Area                       Addr        Size        Decimal Bytes (Attributes)
--------------------       ----        ----        ------- ----- ------------
_HRAM12                00000000    00000003 =           3. bytes (ABS,CON)

        Value  Global            Value  Global            Value  Global    
        -----  ------            -----  ------            -----  ------    
     0000FF90  __current |    0000FF92  __shadow_
ASxxxx Linker V03.00 + NoICE + sdld,  page 76.
Hexadecimal  [32-Bits]

Area                       Addr        Size        Decimal Bytes (Attributes)
--------------------       ----        ----        ------- ----- ------------
_HEADER_LCD0           00000000    00000003 =           3. bytes (ABS,CON)

        Value  Global            Value  Global            Value  Global    
        -----  ------            -----  ------            -----  ------    
ASxxxx Linker V03.00 + NoICE + sdld,  page 77.

Files Linked                              [ module(s) ]

C:\gbdk\lib/small/asxxxx/gb/crt0.o        [ Runtime ]
obj/ending.o                              [ ending ]
obj/main.o                                [ main ]
obj/player.o                              [ player ]
obj/scene.o                               [ scene ]
obj/sound.o                               [ sound ]
obj/base_floor_map.o                      [ base_floor_map ]
obj/brick_particle.o                      [ brick_particle ]
obj/extra_sprites.o                       [ extra_sprites ]
obj/hub_data.o                            [ hub_data ]
obj/hub_map.o                             [ hub_map ]
obj/hud_map.o                             [ hud_map ]
obj/Numbers.o                             [ Numbers ]
obj/partly_broken_bricks.o                [ partly_broken_bricks ]
obj/PlayerSprites.o                       [ PlayerSprites ]
obj/Sfx.o                                 [ Sfx ]
obj/window_maps.o                         [ window_maps ]


Libraries Linked                          [ object file ]

C:\gbdk\lib/small/asxxxx/gb/gb.lib        [ sfr.o ]
C:\gbdk\lib/small/asxxxx/gbz80/gbz80.lib  [ rand.o ]
C:\gbdk\lib/small/asxxxx/gbz80/gbz80.lib  [ itoa.o ]
C:\gbdk\lib/small/asxxxx/gb/gb.lib        [ metasprites_hide_spr.o ]
C:\gbdk\lib/small/asxxxx/gb/gb.lib        [ metasprites_hide.o ]
C:\gbdk\lib/small/asxxxx/gbz80/gbz80.lib  [ mul.o ]
C:\gbdk\lib/small/asxxxx/gb/gb.lib        [ set_wi_t.o ]
C:\gbdk\lib/small/asxxxx/gb/gb.lib        [ set_data.o ]
C:\gbdk\lib/small/asxxxx/gb/gb.lib        [ lcd.o ]
C:\gbdk\lib/small/asxxxx/gb/gb.lib        [ pad.o ]
C:\gbdk\lib/small/asxxxx/gb/gb.lib        [ metasprites.o ]
C:\gbdk\lib/small/asxxxx/gbz80/gbz80.lib  [ _memcpy.o ]
C:\gbdk\lib/small/asxxxx/gbz80/gbz80.lib  [ __sdcc_call_hl.o ]
C:\gbdk\lib/small/asxxxx/gb/gb.lib        [ metasprites_flip.o ]
C:\gbdk\lib/small/asxxxx/gb/gb.lib        [ set_tile.o ]
C:\gbdk\lib/small/asxxxx/gb/gb.lib        [ set_bk_t.o ]
C:\gbdk\lib/small/asxxxx/gb/gb.lib        [ set_xy_t.o ]

ASxxxx Linker V03.00 + NoICE + sdld,  page 78.

User Base Address Definitions

_DATA=0xC0A0
_CODE=0x0200
ASxxxx Linker V03.00 + NoICE + sdld,  page 79.

User Global Definitions

_shadow_OAM=0xC000
.STACK=0xE000
.refresh_OAM=0xFF80

