ASxxxx Linker V03.00 + NoICE + sdld,  page 1.
Hexadecimal  [32-Bits]

Area                       Addr        Size        Decimal Bytes (Attributes)
--------------------       ----        ----        ------- ----- ------------
.  .ABS.               00000000    00000000 =           0. bytes (ABS,CON)

        Value  Global            Value  Global            Value  Global    
        -----  ------            -----  ------            -----  ------    
     00000000  .__.ABS.  |    00000000  _rRAMG    |    00000000  l__BASE  
     00000000  l__BSS    |    00000000  l__CABS   |    00000000  l__CODE_0
     00000000  l__DABS   |    00000000  l__HEADER |    00000000  l__HEADER
     00000000  l__HEAP   |    00000000  l__HRAM   |    00000000  l__LIT   
     00000000  s__CABS   |    00000000  s__DABS   |    00000000  s__HEADER
     00000000  s__HEADER |    00000000  s__HEADER |    00000000  s__HEADER
     00000000  s__HEADER |    00000000  s__HEADER |    00000000  s__HEADER
     00000000  s__HEADER |    00000000  s__HEADER |    00000000  s__HEADER
     00000000  s__HEADER |    00000000  s__HEADER |    00000000  s__HEADER
     00000000  s__HEADER |    00000000  s__HEADER |    00000000  s__HEADER
     00000000  s__HEADER |    00000000  s__HEADER |    00000000  s__HEADER
     00000000  s__HEADER |    00000000  s__HEADER |    00000000  s__HRAM  
     00000000  s__HRAM12 |    00000001  l__GSFINA |    00000001  l__HEADER
     00000001  l__HEADER |    00000001  l__HEADER |    00000001  l__HEADER
     00000001  l__HEADER |    00000001  l__HEADER |    00000001  l__HEADER
     00000002  l__HEADER |    00000002  l__HEADER |    00000002  l__HEADER
     00000003  l__HEADER |    00000003  l__HEADER |    00000003  l__HRAM12
     00000005  l__HEADER |    00000006  l__HEADER |    00000007  l__HEADER
     00000008  l__HEADER |    0000000C  l__GSINIT |    00000030  l__HEADER
     0000004E  l__HEADER |    00000082  l__HEADER |    000000B4  l__INITIA
     000000B4  l__INITIA |    00000197  l__DATA   |    00000200  s__CODE  
     0000035C  l__HOME   |    00002000  _rROMB0   |    00003000  _rROMB1  
     000035A8  l__CODE   |    000037A8  s__HOME   |    00003B04  s__BASE  
     00003B04  s__CODE_0 |    00003B04  s__INITIA |    00003B04  s__LIT   
     00003BB8  s__GSINIT |    00003BC4  s__GSFINA |    00004000  _rRAMB   
     00008000  __VRAM    |    00008000  __VRAM800 |    00008800  __VRAM880
     00009000  __VRAM900 |    00009800  __SCRN0   |    00009C00  __SCRN1  
     0000A000  __SRAM    |    0000C000  __RAM     |    0000C000  _shadow_O
     0000C0A0  s__DATA   |    0000C237  s__BSS    |    0000C237  s__INITIA
     0000C2EB  s__HEAP   |    0000D000  __RAMBANK |    0000E000  .STACK   
     0000FE00  __OAMRAM  |    0000FF00  _P1_REG   |    0000FF00  __IO     
     0000FF01  _SB_REG   |    0000FF02  _SC_REG   |    0000FF04  _DIV_REG 
     0000FF05  _TIMA_REG |    0000FF06  _TMA_REG  |    0000FF07  _TAC_REG 
     0000FF0F  _IF_REG   |    0000FF10  _NR10_REG |    0000FF11  _NR11_REG
     0000FF12  _NR12_REG |    0000FF13  _NR13_REG |    0000FF14  _NR14_REG
     0000FF16  _NR21_REG |    0000FF17  _NR22_REG |    0000FF18  _NR23_REG
     0000FF19  _NR24_REG |    0000FF1A  _NR30_REG |    0000FF1B  _NR31_REG
     0000FF1C  _NR32_REG |    0000FF1D  _NR33_REG |    0000FF1E  _NR34_REG
     0000FF20  _NR41_REG |    0000FF21  _NR42_REG |    0000FF22  _NR43_REG
     0000FF23  _NR44_REG |    0000FF24  _NR50_REG |    0000FF25  _NR51_REG
     0000FF26  _NR52_REG |    0000FF30  _AUD3WAVE |    0000FF30  _PCM_SAMP
     0000FF30  __AUD3WAV |    0000FF40  _LCDC_REG |    0000FF41  _STAT_REG
     0000FF42  _SCY_REG  |    0000FF43  _SCX_REG  |    0000FF44  _LY_REG  
     0000FF45  _LYC_REG  |    0000FF46  _DMA_REG  |    0000FF47  _BGP_REG 
     0000FF48  _OBP0_REG |    0000FF49  _OBP1_REG |    0000FF4A  _WY_REG  
     0000FF4B  _WX_REG   |    0000FF4D  _KEY1_REG |    0000FF4F  _VBK_REG 
     0000FF51  _HDMA1_RE |    0000FF52  _HDMA2_RE |    0000FF53  _HDMA3_RE
     0000FF54  _HDMA4_RE |    0000FF55  _HDMA5_RE |    0000FF56  _RP_REG  
     0000FF68  _BCPS_REG |    0000FF69  _BCPD_REG |    0000FF6A  _OCPS_REG
     0000FF6B  _OCPD_REG |    0000FF70  _SVBK_REG |    0000FF76  _PCM12_RE
ASxxxx Linker V03.00 + NoICE + sdld,  page 2.
Hexadecimal  [32-Bits]

Area                       Addr        Size        Decimal Bytes (Attributes)
--------------------       ----        ----        ------- ----- ------------
.  .ABS.               00000000    00000000 =           0. bytes (ABS,CON)

        Value  Global            Value  Global            Value  Global    
        -----  ------            -----  ------            -----  ------    
     0000FF77  _PCM34_RE |    0000FF80  .refresh_ |    0000FF80  __HRAM   
     0000FFFF  _IE_REG  
ASxxxx Linker V03.00 + NoICE + sdld,  page 3.
Hexadecimal  [32-Bits]

Area                       Addr        Size        Decimal Bytes (Attributes)
--------------------       ----        ----        ------- ----- ------------
_CODE                  00000200    000035A8 =       13736. bytes (REL,CON)

        Value  Global            Value  Global            Value  Global    
        -----  ------            -----  ------            -----  ------    
     00000200  A$ending$ |    00000200  C$ending. |    00000200  C$ending.
     00000200  Fending$s |    00000203  A$ending$ |    00000204  A$ending$
     00000206  A$ending$ |    00000209  A$ending$ |    0000020A  A$ending$
     0000020C  A$ending$ |    0000020D  A$ending$ |    0000020F  A$ending$
     00000210  A$ending$ |    00000212  A$ending$ |    00000215  A$ending$
     00000217  A$ending$ |    0000021A  A$ending$ |    0000021C  A$ending$
     0000021D  A$ending$ |    0000021D  C$ending. |    00000220  A$ending$
     00000221  A$ending$ |    00000223  A$ending$ |    00000223  C$ending.
     00000225  A$ending$ |    00000227  A$ending$ |    00000229  A$ending$
     00000229  C$ending. |    0000022A  A$ending$ |    0000022C  A$ending$
     0000022D  A$ending$ |    0000022D  C$ending. |    0000022F  A$ending$
     00000230  A$ending$ |    00000231  A$ending$ |    00000231  C$ending.
     00000233  A$ending$ |    00000235  A$ending$ |    00000237  A$ending$
     00000237  C$ending. |    00000238  A$ending$ |    0000023A  A$ending$
     0000023A  C$ending. |    0000023A  XFending$ |    0000023B  Fending$w
     00000245  A$ending$ |    00000245  C$ending. |    00000245  C$ending.
     00000245  G$ending_ |    00000245  _ending_i |    00000248  A$ending$
     0000024A  A$ending$ |    0000024A  C$ending. |    0000024A  XG$ending
     0000024B  A$ending$ |    0000024B  C$ending. |    0000024B  Fending$p
     0000024C  A$ending$ |    0000024C  C$ending. |    0000024F  A$ending$
     00000251  A$ending$ |    00000254  A$ending$ |    00000254  C$ending.
     00000257  A$ending$ |    00000259  A$ending$ |    00000259  C$ending.
     0000025C  A$ending$ |    0000025E  A$ending$ |    0000025E  C$ending.
     00000261  A$ending$ |    00000263  A$ending$ |    00000263  C$ending.
     00000266  A$ending$ |    00000267  A$ending$ |    0000026A  A$ending$
     0000026B  A$ending$ |    0000026C  A$ending$ |    0000026D  A$ending$
     0000026E  A$ending$ |    00000271  A$ending$ |    00000273  A$ending$
     00000273  C$ending. |    00000276  A$ending$ |    00000277  A$ending$
     00000278  A$ending$ |    0000027B  A$ending$ |    0000027C  A$ending$
     0000027F  A$ending$ |    00000280  A$ending$ |    00000281  A$ending$
     00000283  A$ending$ |    00000284  A$ending$ |    00000285  A$ending$
     00000286  A$ending$ |    00000287  A$ending$ |    0000028A  A$ending$
     0000028C  A$ending$ |    0000028D  A$ending$ |    00000290  A$ending$
     00000292  A$ending$ |    00000293  A$ending$ |    00000296  A$ending$
     00000297  A$ending$ |    00000298  A$ending$ |    00000299  A$ending$
     0000029B  A$ending$ |    0000029C  A$ending$ |    0000029D  A$ending$
     0000029F  A$ending$ |    000002A0  A$ending$ |    000002A1  A$ending$
     000002A2  A$ending$ |    000002A4  A$ending$ |    000002A7  A$ending$
     000002A9  A$ending$ |    000002AB  A$ending$ |    000002AB  C$ending.
     000002AD  A$ending$ |    000002AE  A$ending$ |    000002B0  A$ending$
     000002B1  A$ending$ |    000002B1  C$ending. |    000002B4  A$ending$
     000002B5  A$ending$ |    000002B7  A$ending$ |    000002B7  C$ending.
     000002B8  A$ending$ |    000002BA  A$ending$ |    000002BB  A$ending$
     000002BC  A$ending$ |    000002BF  A$ending$ |    000002C0  A$ending$
     000002C2  A$ending$ |    000002C3  A$ending$ |    000002C5  A$ending$
     000002C6  A$ending$ |    000002C7  A$ending$ |    000002CA  A$ending$
     000002CC  A$ending$ |    000002CC  C$ending. |    000002CF  A$ending$
     000002D0  A$ending$ |    000002D2  A$ending$ |    000002D4  A$ending$
     000002D5  A$ending$ |    000002D6  A$ending$ |    000002D8  A$ending$
     000002D9  A$ending$ |    000002DA  A$ending$ |    000002DB  A$ending$
ASxxxx Linker V03.00 + NoICE + sdld,  page 4.
Hexadecimal  [32-Bits]

Area                       Addr        Size        Decimal Bytes (Attributes)
--------------------       ----        ----        ------- ----- ------------
_CODE                  00000200    000035A8 =       13736. bytes (REL,CON)

        Value  Global            Value  Global            Value  Global    
        -----  ------            -----  ------            -----  ------    
     000002DC  A$ending$ |    000002DF  A$ending$ |    000002E1  A$ending$
     000002E3  A$ending$ |    000002E5  A$ending$ |    000002E7  A$ending$
     000002E9  A$ending$ |    000002E9  C$ending. |    000002EB  A$ending$
     000002ED  A$ending$ |    000002EF  A$ending$ |    000002EF  C$ending.
     000002F0  A$ending$ |    000002F0  C$ending. |    000002F2  A$ending$
     000002F4  A$ending$ |    000002F4  C$ending. |    000002F5  A$ending$
     000002F7  A$ending$ |    000002F7  C$ending. |    000002FA  A$ending$
     000002FB  A$ending$ |    000002FE  A$ending$ |    000002FF  A$ending$
     00000300  A$ending$ |    00000300  C$ending. |    00000302  A$ending$
     00000303  A$ending$ |    00000304  A$ending$ |    00000307  A$ending$
     00000308  A$ending$ |    00000309  A$ending$ |    00000309  C$ending.
     00000309  XFending$ |    0000030A  A$ending$ |    0000030A  C$ending.
     0000030A  C$ending. |    0000030A  G$compute |    0000030A  _compute_
     0000030D  A$ending$ |    0000030D  C$ending. |    00000310  A$ending$
     00000312  A$ending$ |    00000313  A$ending$ |    00000315  A$ending$
     00000318  A$ending$ |    00000319  A$ending$ |    0000031B  A$ending$
     0000031D  A$ending$ |    0000031E  A$ending$ |    00000320  A$ending$
     00000320  C$ending. |    00000321  A$ending$ |    00000322  A$ending$
     00000322  C$ending. |    00000325  A$ending$ |    00000326  A$ending$
     00000326  C$ending. |    00000326  XG$comput |    00000327  A$main$76
     00000327  C$main.c$ |    00000327  G$perform |    00000327  _performa
     00000329  A$main$78 |    0000032A  A$main$79 |    0000032C  A$main$80
     0000032D  A$main$81 |    0000032E  A$main$85 |    0000032E  C$main.c$
     00000331  A$main$89 |    00000331  C$main.c$ |    00000332  A$main$97
     00000332  C$main.c$ |    00000332  XG$perfor |    00000334  A$main$11
     00000334  C$main.c$ |    00000334  C$main.c$ |    00000334  G$main$0$
     00000334  _main     |    00000337  A$main$11 |    00000337  C$main.c$
     00000337  C$main.c$ |    0000033A  A$main$12 |    0000033A  C$main.c$
     0000033D  A$main$12 |    0000033D  C$main.c$ |    00000340  A$main$13
     00000340  C$main.c$ |    00000343  A$main$13 |    00000343  C$main.c$
     00000343  XG$main$0 |    00000345  A$main$15 |    00000345  C$main.c$
     00000345  C$main.c$ |    00000345  G$reset_g |    00000345  _reset_ga
     00000348  A$main$15 |    0000034A  A$main$15 |    0000034B  A$main$15
     0000034B  C$main.c$ |    0000034E  A$main$16 |    0000034E  C$main.c$
     00000351  A$main$16 |    00000353  A$main$16 |    00000354  A$main$16
     00000357  A$main$16 |    00000359  A$main$16 |    0000035A  A$main$17
     0000035A  C$main.c$ |    0000035D  A$main$17 |    0000035D  C$main.c$
     00000360  A$main$18 |    00000360  C$main.c$ |    00000360  C$main.c$
     00000360  XG$reset_ |    00000363  A$main$19 |    00000363  C$main.c$
     00000363  C$main.c$ |    00000363  G$init_gf |    00000363  _init_gfx
     00000366  A$main$20 |    00000366  C$main.c$ |    00000369  A$main$20
     00000369  C$main.c$ |    0000036C  A$main$21 |    0000036C  C$main.c$
     0000036F  A$main$21 |    0000036F  C$main.c$ |    00000371  A$main$21
     00000373  A$main$21 |    00000375  A$main$21 |    00000377  A$main$21
     00000379  A$main$21 |    0000037B  A$main$22 |    0000037D  A$main$22
     0000037F  A$main$22 |    00000381  A$main$23 |    00000381  C$main.c$
     00000381  XG$init_g |    00000382  A$main$24 |    00000382  C$main.c$
     00000382  G$fadeout |    00000382  _fadeout  |    00000385  A$main$24
     00000387  A$main$24 |    00000387  C$main.c$ |    0000038A  A$main$25
     0000038B  A$main$25 |    0000038D  A$main$25 |    00000390  A$main$25
     00000391  A$main$25 |    00000393  A$main$25 |    00000396  A$main$25
ASxxxx Linker V03.00 + NoICE + sdld,  page 5.
Hexadecimal  [32-Bits]

Area                       Addr        Size        Decimal Bytes (Attributes)
--------------------       ----        ----        ------- ----- ------------
_CODE                  00000200    000035A8 =       13736. bytes (REL,CON)

        Value  Global            Value  Global            Value  Global    
        -----  ------            -----  ------            -----  ------    
     00000398  A$main$25 |    0000039A  A$main$25 |    0000039D  A$main$25
     0000039F  A$main$26 |    000003A1  A$main$26 |    000003A3  A$main$26
     000003A3  C$main.c$ |    000003A3  C$main.c$ |    000003A5  A$main$27
     000003A7  A$main$27 |    000003A7  C$main.c$ |    000003A9  A$main$28
     000003A9  C$main.c$ |    000003A9  C$main.c$ |    000003AB  A$main$28
     000003AD  A$main$28 |    000003AD  C$main.c$ |    000003AF  A$main$29
     000003AF  C$main.c$ |    000003AF  C$main.c$ |    000003B1  A$main$29
     000003B3  A$main$30 |    000003B3  C$main.c$ |    000003B5  A$main$30
     000003B5  C$main.c$ |    000003B5  C$main.c$ |    000003B7  A$main$30
     000003B9  A$main$31 |    000003B9  C$main.c$ |    000003B9  C$main.c$
     000003BB  A$main$31 |    000003BC  A$main$31 |    000003BD  A$main$32
     000003C0  A$main$32 |    000003C1  A$main$32 |    000003C1  C$main.c$
     000003C4  A$main$32 |    000003C5  A$main$32 |    000003C6  A$main$32
     000003C8  A$main$32 |    000003CA  A$main$33 |    000003CA  C$main.c$
     000003CA  XG$fadeou |    000003CB  A$main$35 |    000003CB  C$main.c$
     000003CB  G$fadein$ |    000003CB  _fadein   |    000003CE  A$main$35
     000003D0  A$main$35 |    000003D0  C$main.c$ |    000003D3  A$main$35
     000003D4  A$main$35 |    000003D6  A$main$35 |    000003D9  A$main$36
     000003DA  A$main$36 |    000003DC  A$main$36 |    000003DF  A$main$36
     000003E1  A$main$36 |    000003E3  A$main$36 |    000003E5  A$main$37
     000003E5  C$main.c$ |    000003E5  C$main.c$ |    000003E7  A$main$37
     000003E9  A$main$37 |    000003E9  C$main.c$ |    000003EB  A$main$38
     000003EB  C$main.c$ |    000003EB  C$main.c$ |    000003ED  A$main$38
     000003EF  A$main$39 |    000003EF  C$main.c$ |    000003F1  A$main$39
     000003F1  C$main.c$ |    000003F1  C$main.c$ |    000003F3  A$main$40
     000003F5  A$main$40 |    000003F5  C$main.c$ |    000003F5  C$main.c$
     000003F7  A$main$40 |    000003F8  A$main$41 |    000003F9  A$main$41
     000003FC  A$main$41 |    000003FD  A$main$41 |    000003FD  C$main.c$
     00000400  A$main$41 |    00000401  A$main$41 |    00000402  A$main$41
     00000404  A$main$42 |    00000406  A$main$42 |    00000406  C$main.c$
     00000406  XG$fadein |    00000407  A$player$ |    00000407  C$player.
     00000407  C$player. |    00000407  G$player_ |    00000407  _player_i
     0000040A  A$player$ |    0000040C  A$player$ |    0000040C  C$player.
     0000040E  A$player$ |    00000410  A$player$ |    00000410  C$player.
     00000413  A$player$ |    00000414  A$player$ |    00000417  A$player$
     00000418  A$player$ |    0000041B  A$player$ |    0000041D  A$player$
     0000041D  C$player. |    00000420  A$player$ |    00000421  A$player$
     00000424  A$player$ |    00000425  A$player$ |    00000428  A$player$
     0000042A  A$player$ |    0000042A  C$player. |    0000042D  A$player$
     0000042F  A$player$ |    0000042F  C$player. |    00000432  A$player$
     00000434  A$player$ |    00000434  C$player. |    00000437  A$player$
     00000439  A$player$ |    00000439  C$player. |    0000043C  A$player$
     0000043E  A$player$ |    0000043E  C$player. |    00000441  A$player$
     00000443  A$player$ |    00000443  C$player. |    00000446  A$player$
     00000448  A$player$ |    00000448  C$player. |    0000044B  A$player$
     0000044D  A$player$ |    00000450  A$player$ |    00000452  A$player$
     00000452  C$player. |    00000455  A$player$ |    00000457  A$player$
     0000045A  A$player$ |    0000045C  A$player$ |    0000045C  C$player.
     0000045F  A$player$ |    00000461  A$player$ |    00000461  C$player.
     00000464  A$player$ |    00000466  A$player$ |    00000466  C$player.
     00000469  A$player$ |    0000046B  A$player$ |    0000046B  C$player.
ASxxxx Linker V03.00 + NoICE + sdld,  page 6.
Hexadecimal  [32-Bits]

Area                       Addr        Size        Decimal Bytes (Attributes)
--------------------       ----        ----        ------- ----- ------------
_CODE                  00000200    000035A8 =       13736. bytes (REL,CON)

        Value  Global            Value  Global            Value  Global    
        -----  ------            -----  ------            -----  ------    
     0000046C  A$player$ |    0000046F  A$player$ |    00000470  A$player$
     00000471  A$player$ |    00000471  C$player. |    00000474  A$player$
     00000476  A$player$ |    00000476  C$player. |    00000479  A$player$
     0000047B  A$player$ |    0000047B  C$player. |    0000047E  A$player$
     00000480  A$player$ |    00000480  C$player. |    00000483  A$player$
     00000485  A$player$ |    00000485  C$player. |    00000488  A$player$
     0000048A  A$player$ |    0000048D  A$player$ |    0000048E  A$player$
     0000048F  A$player$ |    00000490  A$player$ |    00000493  A$player$
     00000494  A$player$ |    00000495  A$player$ |    00000496  A$player$
     00000499  A$player$ |    0000049B  A$player$ |    0000049E  A$player$
     0000049F  A$player$ |    000004A0  A$player$ |    000004A1  A$player$
     000004A2  A$player$ |    000004A5  A$player$ |    000004A7  A$player$
     000004A7  C$player. |    000004AA  A$player$ |    000004AB  A$player$
     000004AE  A$player$ |    000004AF  A$player$ |    000004B2  A$player$
     000004B4  A$player$ |    000004B7  A$player$ |    000004B9  A$player$
     000004BC  A$player$ |    000004BE  A$player$ |    000004C1  A$player$
     000004C3  A$player$ |    000004C6  A$player$ |    000004C8  A$player$
     000004C8  C$player. |    000004CB  A$player$ |    000004CD  A$player$
     000004CD  C$player. |    000004CD  XG$player |    000004CE  G$jump_g$
     000004CE  _jump_g   |    000004CF  G$fall_g$ |    000004CF  _fall_g  
     000004D0  G$impulse |    000004D0  _impulse  |    000004D1  G$jump_po
     000004D1  _jump_pow |    000004D2  G$clamp_x |    000004D2  _clamp_x_
     000004D3  G$clamp_y |    000004D3  _clamp_y_ |    000004D4  A$player$
     000004D4  C$player. |    000004D4  C$player. |    000004D4  G$compute
     000004D4  _compute_ |    000004D7  A$player$ |    000004D9  A$player$
     000004DB  A$player$ |    000004DB  C$player. |    000004DE  A$player$
     000004E0  A$player$ |    000004E0  C$player. |    000004E3  A$player$
     000004E3  C$player. |    000004E6  A$player$ |    000004E6  C$player.
     000004E9  A$player$ |    000004E9  C$player. |    000004EC  A$player$
     000004ED  A$player$ |    000004EE  A$player$ |    000004EF  A$player$
     000004F0  A$player$ |    000004F2  A$player$ |    000004F4  A$player$
     000004F6  A$player$ |    000004F8  A$player$ |    000004F9  A$player$
     000004FB  A$player$ |    000004FD  A$player$ |    000004FF  A$player$
     00000500  A$player$ |    00000502  A$player$ |    00000505  A$player$
     00000507  A$player$ |    00000509  A$player$ |    0000050B  A$player$
     0000050D  A$player$ |    0000050D  C$player. |    0000050F  A$player$
     00000510  A$player$ |    00000511  A$player$ |    00000514  A$player$
     00000515  A$player$ |    00000515  C$player. |    00000518  A$player$
     0000051A  A$player$ |    0000051A  C$player. |    0000051D  A$player$
     0000051F  A$player$ |    0000051F  C$player. |    00000522  A$player$
     00000524  A$player$ |    00000526  A$player$ |    00000529  A$player$
     0000052A  A$player$ |    0000052C  A$player$ |    0000052E  A$player$
     0000052F  A$player$ |    0000052F  C$player. |    00000532  A$player$
     00000532  C$player. |    00000535  A$player$ |    00000538  A$player$
     00000538  C$player. |    0000053B  A$player$ |    0000053E  A$player$
     0000053E  C$player. |    00000541  A$player$ |    00000541  C$player.
     00000544  A$player$ |    00000544  C$player. |    00000544  C$player.
     00000544  XG$comput |    00000547  A$player$ |    00000547  C$player.
     00000547  C$player. |    00000547  Fplayer$r |    0000054A  A$player$
     0000054D  A$player$ |    0000054E  A$player$ |    0000054F  A$player$
     00000551  A$player$ |    00000553  A$player$ |    00000553  C$player.
ASxxxx Linker V03.00 + NoICE + sdld,  page 7.
Hexadecimal  [32-Bits]

Area                       Addr        Size        Decimal Bytes (Attributes)
--------------------       ----        ----        ------- ----- ------------
_CODE                  00000200    000035A8 =       13736. bytes (REL,CON)

        Value  Global            Value  Global            Value  Global    
        -----  ------            -----  ------            -----  ------    
     00000556  A$player$ |    00000558  A$player$ |    0000055A  A$player$
     0000055C  A$player$ |    0000055D  A$player$ |    0000055E  A$player$
     00000561  A$player$ |    00000562  A$player$ |    00000562  C$player.
     00000565  A$player$ |    00000567  A$player$ |    00000569  A$player$
     0000056C  A$player$ |    0000056D  A$player$ |    0000056F  A$player$
     0000056F  C$player. |    00000572  A$player$ |    00000574  A$player$
     00000576  A$player$ |    00000576  C$player. |    00000579  A$player$
     0000057B  A$player$ |    0000057B  C$player. |    0000057E  A$player$
     00000581  A$player$ |    00000583  A$player$ |    00000583  C$player.
     00000585  A$player$ |    00000587  A$player$ |    00000587  C$player.
     0000058A  A$player$ |    0000058C  A$player$ |    0000058E  A$player$
     00000590  A$player$ |    00000591  A$player$ |    00000592  A$player$
     00000595  A$player$ |    00000596  A$player$ |    00000596  C$player.
     00000599  A$player$ |    0000059B  A$player$ |    0000059D  A$player$
     000005A0  A$player$ |    000005A1  A$player$ |    000005A3  A$player$
     000005A3  C$player. |    000005A6  A$player$ |    000005A8  A$player$
     000005AA  A$player$ |    000005AA  C$player. |    000005AD  A$player$
     000005AF  A$player$ |    000005AF  C$player. |    000005B2  A$player$
     000005B5  A$player$ |    000005B7  A$player$ |    000005B7  C$player.
     000005BA  A$player$ |    000005BC  A$player$ |    000005BC  C$player.
     000005BF  A$player$ |    000005C0  A$player$ |    000005C2  A$player$
     000005C5  A$player$ |    000005C6  A$player$ |    000005C8  A$player$
     000005C9  A$player$ |    000005CA  A$player$ |    000005CB  A$player$
     000005CE  A$player$ |    000005CF  A$player$ |    000005CF  C$player.
     000005D2  A$player$ |    000005D2  C$player. |    000005D4  A$player$
     000005D5  A$player$ |    000005D7  A$player$ |    000005D8  A$player$
     000005D9  A$player$ |    000005DB  A$player$ |    000005DE  A$player$
     000005E0  A$player$ |    000005E2  A$player$ |    000005E5  A$player$
     000005E7  A$player$ |    000005E9  A$player$ |    000005EC  A$player$
     000005EE  A$player$ |    000005F0  A$player$ |    000005F3  A$player$
     000005F5  A$player$ |    000005F7  A$player$ |    000005F7  C$player.
     000005F9  A$player$ |    000005FA  A$player$ |    000005FB  A$player$
     000005FE  A$player$ |    000005FF  A$player$ |    000005FF  C$player.
     00000602  A$player$ |    00000602  C$player. |    00000605  A$player$
     00000607  A$player$ |    00000607  C$player. |    0000060A  A$player$
     0000060D  A$player$ |    0000060D  C$player. |    00000610  A$player$
     00000612  A$player$ |    00000612  C$player. |    00000615  A$player$
     00000617  A$player$ |    00000619  A$player$ |    00000619  C$player.
     0000061A  A$player$ |    0000061B  A$player$ |    0000061D  A$player$
     00000620  A$player$ |    00000621  A$player$ |    00000622  A$player$
     00000623  A$player$ |    00000624  A$player$ |    00000626  A$player$
     00000628  A$player$ |    0000062A  A$player$ |    0000062C  A$player$
     0000062D  A$player$ |    0000062F  A$player$ |    00000631  A$player$
     00000633  A$player$ |    00000634  A$player$ |    00000636  A$player$
     00000639  A$player$ |    0000063B  A$player$ |    0000063D  A$player$
     0000063D  C$player. |    0000063F  A$player$ |    00000640  A$player$
     00000641  A$player$ |    00000644  A$player$ |    00000645  A$player$
     00000645  C$player. |    00000648  A$player$ |    00000648  C$player.
     0000064B  A$player$ |    0000064D  A$player$ |    0000064D  C$player.
     00000650  A$player$ |    00000652  A$player$ |    00000653  A$player$
     00000656  A$player$ |    00000658  A$player$ |    00000658  C$player.
ASxxxx Linker V03.00 + NoICE + sdld,  page 8.
Hexadecimal  [32-Bits]

Area                       Addr        Size        Decimal Bytes (Attributes)
--------------------       ----        ----        ------- ----- ------------
_CODE                  00000200    000035A8 =       13736. bytes (REL,CON)

        Value  Global            Value  Global            Value  Global    
        -----  ------            -----  ------            -----  ------    
     00000658  XFplayer$ |    00000659  A$player$ |    00000659  C$player.
     00000659  Fplayer$c |    0000065B  A$player$ |    0000065B  C$player.
     0000065E  A$player$ |    0000065F  A$player$ |    00000661  A$player$
     00000663  A$player$ |    00000666  A$player$ |    00000668  A$player$
     0000066A  A$player$ |    0000066D  A$player$ |    0000066E  A$player$
     00000670  A$player$ |    00000673  A$player$ |    00000674  A$player$
     00000677  A$player$ |    00000677  C$player. |    00000678  A$player$
     0000067A  A$player$ |    0000067B  A$player$ |    0000067D  A$player$
     0000067E  A$player$ |    00000680  A$player$ |    00000680  C$player.
     00000681  A$player$ |    00000683  A$player$ |    00000685  A$player$
     00000686  A$player$ |    00000688  A$player$ |    00000689  A$player$
     0000068B  A$player$ |    0000068B  C$player. |    0000068E  A$player$
     0000068F  A$player$ |    00000691  A$player$ |    00000692  A$player$
     00000692  C$player. |    00000695  A$player$ |    00000696  A$player$
     00000698  A$player$ |    00000698  C$player. |    0000069B  A$player$
     0000069C  A$player$ |    0000069F  A$player$ |    000006A0  A$player$
     000006A2  A$player$ |    000006A3  A$player$ |    000006A5  A$player$
     000006A8  A$player$ |    000006AB  A$player$ |    000006AC  A$player$
     000006AF  A$player$ |    000006B1  A$player$ |    000006B1  C$player.
     000006B4  A$player$ |    000006B5  A$player$ |    000006B7  A$player$
     000006BA  A$player$ |    000006BC  A$player$ |    000006BF  A$player$
     000006C0  A$player$ |    000006C1  A$player$ |    000006C3  A$player$
     000006C4  A$player$ |    000006C5  A$player$ |    000006C6  A$player$
     000006C8  A$player$ |    000006CA  A$player$ |    000006CB  A$player$
     000006CD  A$player$ |    000006D0  A$player$ |    000006D1  A$player$
     000006D4  A$player$ |    000006D4  C$player. |    000006D7  A$player$
     000006D8  A$player$ |    000006DA  A$player$ |    000006DC  A$player$
     000006DE  A$player$ |    000006E1  A$player$ |    000006E3  A$player$
     000006E4  A$player$ |    000006E7  A$player$ |    000006E9  A$player$
     000006EA  A$player$ |    000006ED  A$player$ |    000006EF  A$player$
     000006F1  A$player$ |    000006F3  A$player$ |    000006F4  A$player$
     000006F6  A$player$ |    000006F8  A$player$ |    000006F9  A$player$
     000006FA  A$player$ |    000006FB  A$player$ |    000006FD  A$player$
     000006FE  A$player$ |    00000701  A$player$ |    00000702  A$player$
     00000703  A$player$ |    00000704  A$player$ |    00000704  C$player.
     00000707  A$player$ |    00000709  A$player$ |    0000070A  A$player$
     0000070B  A$player$ |    0000070E  A$player$ |    0000070F  A$player$
     00000711  A$player$ |    00000712  A$player$ |    00000714  A$player$
     00000716  A$player$ |    00000718  A$player$ |    0000071A  A$player$
     0000071B  A$player$ |    0000071D  A$player$ |    0000071F  A$player$
     00000721  A$player$ |    00000722  A$player$ |    00000724  A$player$
     00000726  A$player$ |    00000727  A$player$ |    00000729  A$player$
     0000072C  A$player$ |    0000072E  A$player$ |    00000730  A$player$
     00000732  A$player$ |    00000733  A$player$ |    00000734  A$player$
     00000735  A$player$ |    00000737  A$player$ |    00000738  A$player$
     0000073B  A$player$ |    0000073C  A$player$ |    0000073F  A$player$
     00000741  A$player$ |    00000741  C$player. |    00000741  XFplayer$
     00000742  A$player$ |    00000742  C$player. |    00000742  Fplayer$r
     00000744  A$player$ |    00000747  A$player$ |    0000074A  A$player$
     0000074B  A$player$ |    0000074D  A$player$ |    0000074E  A$player$
     00000751  A$player$ |    00000753  A$player$ |    00000755  A$player$
ASxxxx Linker V03.00 + NoICE + sdld,  page 9.
Hexadecimal  [32-Bits]

Area                       Addr        Size        Decimal Bytes (Attributes)
--------------------       ----        ----        ------- ----- ------------
_CODE                  00000200    000035A8 =       13736. bytes (REL,CON)

        Value  Global            Value  Global            Value  Global    
        -----  ------            -----  ------            -----  ------    
     00000757  A$player$ |    00000759  A$player$ |    0000075A  A$player$
     0000075C  A$player$ |    0000075C  C$player. |    0000075F  A$player$
     00000761  A$player$ |    00000761  C$player. |    00000764  A$player$
     00000764  C$player. |    00000767  A$player$ |    00000767  C$player.
     0000076A  A$player$ |    0000076D  A$player$ |    0000076E  A$player$
     00000770  A$player$ |    00000773  A$player$ |    00000775  A$player$
     00000777  A$player$ |    00000779  A$player$ |    0000077B  A$player$
     0000077C  A$player$ |    0000077D  A$player$ |    0000077E  A$player$
     0000077F  A$player$ |    00000780  A$player$ |    00000782  A$player$
     00000783  A$player$ |    00000784  A$player$ |    00000784  C$player.
     00000787  A$player$ |    00000789  A$player$ |    0000078B  A$player$
     0000078E  A$player$ |    00000790  A$player$ |    00000792  A$player$
     00000795  A$player$ |    00000796  A$player$ |    00000797  A$player$
     00000798  A$player$ |    00000799  A$player$ |    0000079A  A$player$
     0000079B  A$player$ |    0000079D  A$player$ |    0000079E  A$player$
     0000079F  A$player$ |    000007A0  A$player$ |    000007A1  A$player$
     000007A2  A$player$ |    000007A3  A$player$ |    000007A4  A$player$
     000007A7  A$player$ |    000007A8  A$player$ |    000007A9  A$player$
     000007AA  A$player$ |    000007AB  A$player$ |    000007AC  A$player$
     000007AD  A$player$ |    000007B0  A$player$ |    000007B1  A$player$
     000007B4  A$player$ |    000007B5  A$player$ |    000007B7  A$player$
     000007B8  A$player$ |    000007BB  A$player$ |    000007BC  A$player$
     000007BD  A$player$ |    000007BE  A$player$ |    000007BF  A$player$
     000007C2  A$player$ |    000007C3  A$player$ |    000007C5  A$player$
     000007C6  A$player$ |    000007C7  A$player$ |    000007C8  A$player$
     000007C9  A$player$ |    000007CC  A$player$ |    000007CD  A$player$
     000007CE  A$player$ |    000007D0  A$player$ |    000007D1  A$player$
     000007D2  A$player$ |    000007D5  A$player$ |    000007D6  A$player$
     000007D6  C$player. |    000007D9  A$player$ |    000007DA  A$player$
     000007DD  A$player$ |    000007E0  A$player$ |    000007E0  C$player.
     000007E3  A$player$ |    000007E3  C$player. |    000007E6  A$player$
     000007E8  A$player$ |    000007E9  A$player$ |    000007EC  A$player$
     000007EE  A$player$ |    000007F0  A$player$ |    000007F3  A$player$
     000007F4  A$player$ |    000007F5  A$player$ |    000007F6  A$player$
     000007F7  A$player$ |    000007F8  A$player$ |    000007F9  A$player$
     000007FB  A$player$ |    000007FC  A$player$ |    000007FD  A$player$
     000007FE  A$player$ |    000007FF  A$player$ |    00000800  A$player$
     00000801  A$player$ |    00000802  A$player$ |    00000805  A$player$
     00000806  A$player$ |    00000807  A$player$ |    00000808  A$player$
     0000080B  A$player$ |    0000080D  A$player$ |    0000080F  A$player$
     00000810  A$player$ |    00000811  A$player$ |    00000812  A$player$
     00000814  A$player$ |    00000815  A$player$ |    00000817  A$player$
     00000818  A$player$ |    0000081B  A$player$ |    0000081D  A$player$
     0000081D  C$player. |    0000081F  A$player$ |    00000821  A$player$
     00000822  A$player$ |    00000823  A$player$ |    00000824  A$player$
     00000827  A$player$ |    00000828  A$player$ |    00000829  A$player$
     0000082A  A$player$ |    0000082B  A$player$ |    0000082C  A$player$
     0000082E  A$player$ |    0000082F  A$player$ |    00000830  A$player$
     00000831  A$player$ |    00000833  A$player$ |    00000834  A$player$
     00000835  A$player$ |    00000836  A$player$ |    00000837  A$player$
     00000838  A$player$ |    00000839  A$player$ |    0000083A  A$player$
ASxxxx Linker V03.00 + NoICE + sdld,  page 10.
Hexadecimal  [32-Bits]

Area                       Addr        Size        Decimal Bytes (Attributes)
--------------------       ----        ----        ------- ----- ------------
_CODE                  00000200    000035A8 =       13736. bytes (REL,CON)

        Value  Global            Value  Global            Value  Global    
        -----  ------            -----  ------            -----  ------    
     0000083B  A$player$ |    0000083C  A$player$ |    0000083D  A$player$
     0000083E  A$player$ |    0000083F  A$player$ |    00000840  A$player$
     00000842  A$player$ |    00000843  A$player$ |    00000844  A$player$
     00000845  A$player$ |    00000846  A$player$ |    00000847  A$player$
     00000848  A$player$ |    00000849  A$player$ |    0000084C  A$player$
     0000084D  A$player$ |    0000084E  A$player$ |    0000084F  A$player$
     00000852  A$player$ |    00000854  A$player$ |    00000856  A$player$
     00000857  A$player$ |    00000859  A$player$ |    0000085A  A$player$
     0000085B  A$player$ |    0000085C  A$player$ |    0000085D  A$player$
     0000085F  A$player$ |    00000860  A$player$ |    00000863  A$player$
     00000865  A$player$ |    00000865  C$player. |    00000865  C$player.
     00000868  A$player$ |    00000869  A$player$ |    0000086B  A$player$
     0000086E  A$player$ |    0000086F  A$player$ |    00000871  A$player$
     00000873  A$player$ |    00000875  A$player$ |    00000876  A$player$
     00000877  A$player$ |    00000878  A$player$ |    00000878  C$player.
     0000087A  A$player$ |    0000087D  A$player$ |    0000087E  A$player$
     00000881  A$player$ |    00000881  C$player. |    00000884  A$player$
     00000887  A$player$ |    00000888  A$player$ |    0000088A  A$player$
     0000088B  A$player$ |    0000088B  C$player. |    0000088E  A$player$
     00000890  A$player$ |    00000891  A$player$ |    00000894  A$player$
     00000896  A$player$ |    00000898  A$player$ |    0000089B  A$player$
     0000089D  A$player$ |    0000089F  A$player$ |    000008A1  A$player$
     000008A2  A$player$ |    000008A3  A$player$ |    000008A6  A$player$
     000008A8  A$player$ |    000008AA  A$player$ |    000008AB  A$player$
     000008AE  A$player$ |    000008AF  A$player$ |    000008B0  A$player$
     000008B1  A$player$ |    000008B2  A$player$ |    000008B3  A$player$
     000008B4  A$player$ |    000008B5  A$player$ |    000008B8  A$player$
     000008B9  A$player$ |    000008BA  A$player$ |    000008BD  A$player$
     000008BF  A$player$ |    000008C1  A$player$ |    000008C2  A$player$
     000008C3  A$player$ |    000008C4  A$player$ |    000008C5  A$player$
     000008C7  A$player$ |    000008C8  A$player$ |    000008CB  A$player$
     000008CD  A$player$ |    000008CD  C$player. |    000008D0  A$player$
     000008D2  A$player$ |    000008D3  A$player$ |    000008D5  A$player$
     000008D6  A$player$ |    000008D9  A$player$ |    000008DA  A$player$
     000008DB  A$player$ |    000008DC  A$player$ |    000008DD  A$player$
     000008DE  A$player$ |    000008DF  A$player$ |    000008E0  A$player$
     000008E3  A$player$ |    000008E4  A$player$ |    000008E5  A$player$
     000008E8  A$player$ |    000008EA  A$player$ |    000008EC  A$player$
     000008ED  A$player$ |    000008EF  A$player$ |    000008F0  A$player$
     000008F1  A$player$ |    000008F2  A$player$ |    000008F3  A$player$
     000008F5  A$player$ |    000008F6  A$player$ |    000008F9  A$player$
     000008FB  A$player$ |    000008FB  C$player. |    000008FD  A$player$
     000008FD  C$player. |    00000900  A$player$ |    00000902  A$player$
     00000904  A$player$ |    00000906  A$player$ |    00000907  A$player$
     00000908  A$player$ |    0000090B  A$player$ |    0000090D  A$player$
     0000090F  A$player$ |    00000910  A$player$ |    00000913  A$player$
     00000914  A$player$ |    00000915  A$player$ |    00000916  A$player$
     00000917  A$player$ |    00000918  A$player$ |    00000919  A$player$
     0000091A  A$player$ |    0000091D  A$player$ |    0000091E  A$player$
     0000091F  A$player$ |    00000922  A$player$ |    00000924  A$player$
     00000926  A$player$ |    00000927  A$player$ |    00000928  A$player$
ASxxxx Linker V03.00 + NoICE + sdld,  page 11.
Hexadecimal  [32-Bits]

Area                       Addr        Size        Decimal Bytes (Attributes)
--------------------       ----        ----        ------- ----- ------------
_CODE                  00000200    000035A8 =       13736. bytes (REL,CON)

        Value  Global            Value  Global            Value  Global    
        -----  ------            -----  ------            -----  ------    
     00000929  A$player$ |    0000092A  A$player$ |    0000092C  A$player$
     0000092D  A$player$ |    00000930  A$player$ |    00000932  A$player$
     00000932  C$player. |    00000934  A$player$ |    00000936  A$player$
     00000937  A$player$ |    00000939  A$player$ |    0000093A  A$player$
     0000093D  A$player$ |    0000093E  A$player$ |    0000093F  A$player$
     00000940  A$player$ |    00000941  A$player$ |    00000942  A$player$
     00000943  A$player$ |    00000944  A$player$ |    00000947  A$player$
     00000948  A$player$ |    00000949  A$player$ |    0000094C  A$player$
     0000094E  A$player$ |    00000950  A$player$ |    00000951  A$player$
     00000953  A$player$ |    00000954  A$player$ |    00000955  A$player$
     00000956  A$player$ |    00000957  A$player$ |    00000959  A$player$
     0000095A  A$player$ |    0000095D  A$player$ |    0000095F  A$player$
     0000095F  C$player. |    00000961  A$player$ |    00000964  A$player$
     00000965  A$player$ |    00000966  A$player$ |    00000967  A$player$
     00000968  A$player$ |    00000969  A$player$ |    0000096A  A$player$
     0000096B  A$player$ |    0000096E  A$player$ |    0000096F  A$player$
     00000970  A$player$ |    00000972  A$player$ |    00000973  A$player$
     00000974  A$player$ |    00000977  A$player$ |    00000978  A$player$
     00000978  C$player. |    00000978  C$player. |    0000097B  A$player$
     0000097E  A$player$ |    0000097F  A$player$ |    00000980  A$player$
     00000982  A$player$ |    00000984  A$player$ |    00000987  A$player$
     00000989  A$player$ |    0000098B  A$player$ |    0000098B  C$player.
     0000098D  A$player$ |    0000098E  A$player$ |    0000098F  A$player$
     00000992  A$player$ |    00000993  A$player$ |    00000994  A$player$
     00000995  A$player$ |    00000997  A$player$ |    00000997  C$player.
     00000997  XFplayer$ |    00000998  A$player$ |    00000998  C$player.
     00000998  Fplayer$r |    0000099A  A$player$ |    0000099D  A$player$
     0000099F  A$player$ |    000009A1  A$player$ |    000009A4  A$player$
     000009A5  A$player$ |    000009A6  A$player$ |    000009A8  A$player$
     000009AA  A$player$ |    000009AB  A$player$ |    000009AC  A$player$
     000009AD  A$player$ |    000009AD  C$player. |    000009AE  A$player$
     000009B0  A$player$ |    000009B1  A$player$ |    000009B1  C$player.
     000009B2  A$player$ |    000009B3  A$player$ |    000009B5  A$player$
     000009B8  A$player$ |    000009B9  A$player$ |    000009BB  A$player$
     000009BC  A$player$ |    000009BD  A$player$ |    000009BE  A$player$
     000009C0  A$player$ |    000009C0  C$player. |    000009C2  A$player$
     000009C3  A$player$ |    000009C4  A$player$ |    000009C5  A$player$
     000009C7  A$player$ |    000009C9  A$player$ |    000009CA  A$player$
     000009CB  A$player$ |    000009CD  A$player$ |    000009CE  A$player$
     000009CF  A$player$ |    000009D2  A$player$ |    000009D3  A$player$
     000009D4  A$player$ |    000009D5  A$player$ |    000009D6  A$player$
     000009D6  C$player. |    000009D8  A$player$ |    000009DB  A$player$
     000009DC  A$player$ |    000009DD  A$player$ |    000009DF  A$player$
     000009E1  A$player$ |    000009E2  A$player$ |    000009E3  A$player$
     000009E4  A$player$ |    000009E6  A$player$ |    000009E7  A$player$
     000009E7  C$player. |    000009EA  A$player$ |    000009EB  A$player$
     000009EC  A$player$ |    000009EE  A$player$ |    000009F0  A$player$
     000009F0  C$player. |    000009F3  A$player$ |    000009F4  A$player$
     000009F6  A$player$ |    000009F6  C$player. |    000009F9  A$player$
     000009FA  A$player$ |    000009FD  A$player$ |    000009FE  A$player$
     00000A00  A$player$ |    00000A00  C$player. |    00000A03  A$player$
ASxxxx Linker V03.00 + NoICE + sdld,  page 12.
Hexadecimal  [32-Bits]

Area                       Addr        Size        Decimal Bytes (Attributes)
--------------------       ----        ----        ------- ----- ------------
_CODE                  00000200    000035A8 =       13736. bytes (REL,CON)

        Value  Global            Value  Global            Value  Global    
        -----  ------            -----  ------            -----  ------    
     00000A04  A$player$ |    00000A07  A$player$ |    00000A08  A$player$
     00000A0A  A$player$ |    00000A0D  A$player$ |    00000A0E  A$player$
     00000A0F  A$player$ |    00000A10  A$player$ |    00000A11  A$player$
     00000A12  A$player$ |    00000A13  A$player$ |    00000A14  A$player$
     00000A15  A$player$ |    00000A17  A$player$ |    00000A1A  A$player$
     00000A1B  A$player$ |    00000A1C  A$player$ |    00000A1D  A$player$
     00000A1E  A$player$ |    00000A1F  A$player$ |    00000A20  A$player$
     00000A21  A$player$ |    00000A24  A$player$ |    00000A25  A$player$
     00000A26  A$player$ |    00000A27  A$player$ |    00000A28  A$player$
     00000A29  A$player$ |    00000A2A  A$player$ |    00000A2B  A$player$
     00000A2E  A$player$ |    00000A2F  A$player$ |    00000A30  A$player$
     00000A31  A$player$ |    00000A32  A$player$ |    00000A33  A$player$
     00000A34  A$player$ |    00000A35  A$player$ |    00000A35  C$player.
     00000A36  A$player$ |    00000A36  C$player. |    00000A39  A$player$
     00000A3A  A$player$ |    00000A3D  A$player$ |    00000A3D  C$player.
     00000A40  A$player$ |    00000A41  A$player$ |    00000A44  A$player$
     00000A47  A$player$ |    00000A48  A$player$ |    00000A49  A$player$
     00000A4B  A$player$ |    00000A4C  A$player$ |    00000A4E  A$player$
     00000A51  A$player$ |    00000A51  C$player. |    00000A54  A$player$
     00000A56  A$player$ |    00000A59  A$player$ |    00000A5A  A$player$
     00000A5B  A$player$ |    00000A5D  A$player$ |    00000A5E  A$player$
     00000A5F  A$player$ |    00000A60  A$player$ |    00000A63  A$player$
     00000A64  A$player$ |    00000A65  A$player$ |    00000A66  A$player$
     00000A68  A$player$ |    00000A6B  A$player$ |    00000A6C  A$player$
     00000A6E  A$player$ |    00000A6F  A$player$ |    00000A70  A$player$
     00000A71  A$player$ |    00000A74  A$player$ |    00000A75  A$player$
     00000A76  A$player$ |    00000A77  A$player$ |    00000A78  A$player$
     00000A79  A$player$ |    00000A7B  A$player$ |    00000A7E  A$player$
     00000A7F  A$player$ |    00000A81  A$player$ |    00000A82  A$player$
     00000A83  A$player$ |    00000A86  A$player$ |    00000A87  A$player$
     00000A88  A$player$ |    00000A89  A$player$ |    00000A8A  A$player$
     00000A8B  A$player$ |    00000A8B  C$player. |    00000A8D  A$player$
     00000A90  A$player$ |    00000A91  A$player$ |    00000A92  A$player$
     00000A94  A$player$ |    00000A96  A$player$ |    00000A97  A$player$
     00000A99  A$player$ |    00000A9A  A$player$ |    00000A9D  A$player$
     00000A9F  A$player$ |    00000AA2  A$player$ |    00000AA3  A$player$
     00000AA4  A$player$ |    00000AA6  A$player$ |    00000AA7  A$player$
     00000AAA  A$player$ |    00000AAC  A$player$ |    00000AAE  A$player$
     00000AAF  A$player$ |    00000AB2  A$player$ |    00000AB3  A$player$
     00000AB4  A$player$ |    00000AB6  A$player$ |    00000AB7  A$player$
     00000AB9  A$player$ |    00000ABA  A$player$ |    00000ABC  A$player$
     00000ABD  A$player$ |    00000ABE  A$player$ |    00000ABF  A$player$
     00000AC2  A$player$ |    00000AC3  A$player$ |    00000AC4  A$player$
     00000AC5  A$player$ |    00000AC6  A$player$ |    00000AC7  A$player$
     00000AC9  A$player$ |    00000ACA  A$player$ |    00000ACB  A$player$
     00000ACC  A$player$ |    00000ACE  A$player$ |    00000ACF  A$player$
     00000AD0  A$player$ |    00000AD1  A$player$ |    00000AD2  A$player$
     00000AD4  A$player$ |    00000AD5  A$player$ |    00000AD6  A$player$
     00000AD7  A$player$ |    00000AD8  A$player$ |    00000AD9  A$player$
     00000ADA  A$player$ |    00000ADB  A$player$ |    00000ADC  A$player$
     00000ADD  A$player$ |    00000ADE  A$player$ |    00000ADF  A$player$
ASxxxx Linker V03.00 + NoICE + sdld,  page 13.
Hexadecimal  [32-Bits]

Area                       Addr        Size        Decimal Bytes (Attributes)
--------------------       ----        ----        ------- ----- ------------
_CODE                  00000200    000035A8 =       13736. bytes (REL,CON)

        Value  Global            Value  Global            Value  Global    
        -----  ------            -----  ------            -----  ------    
     00000AE2  A$player$ |    00000AE4  A$player$ |    00000AE6  A$player$
     00000AE9  A$player$ |    00000AEA  A$player$ |    00000AED  A$player$
     00000AEF  A$player$ |    00000AF0  A$player$ |    00000AF1  A$player$
     00000AF2  A$player$ |    00000AF3  A$player$ |    00000AF4  A$player$
     00000AF5  A$player$ |    00000AF7  A$player$ |    00000AF7  C$player.
     00000AF7  C$player. |    00000AFA  A$player$ |    00000AFB  A$player$
     00000AFC  A$player$ |    00000AFE  A$player$ |    00000AFF  A$player$
     00000B01  A$player$ |    00000B01  C$player. |    00000B01  XFplayer$
     00000B02  A$player$ |    00000B02  C$player. |    00000B02  C$player.
     00000B02  Fplayer$i |    00000B05  A$player$ |    00000B07  A$player$
     00000B08  A$player$ |    00000B0B  A$player$ |    00000B0C  A$player$
     00000B0E  A$player$ |    00000B0F  A$player$ |    00000B10  A$player$
     00000B11  A$player$ |    00000B12  A$player$ |    00000B13  A$player$
     00000B15  A$player$ |    00000B16  A$player$ |    00000B18  A$player$
     00000B19  A$player$ |    00000B1A  A$player$ |    00000B1B  A$player$
     00000B1C  A$player$ |    00000B1F  A$player$ |    00000B20  A$player$
     00000B21  A$player$ |    00000B22  A$player$ |    00000B23  A$player$
     00000B25  A$player$ |    00000B28  A$player$ |    00000B29  A$player$
     00000B2A  A$player$ |    00000B2B  A$player$ |    00000B2C  A$player$
     00000B2C  C$player. |    00000B2E  A$player$ |    00000B31  A$player$
     00000B32  A$player$ |    00000B33  A$player$ |    00000B35  A$player$
     00000B37  A$player$ |    00000B38  A$player$ |    00000B3A  A$player$
     00000B3B  A$player$ |    00000B3E  A$player$ |    00000B40  A$player$
     00000B43  A$player$ |    00000B44  A$player$ |    00000B45  A$player$
     00000B46  A$player$ |    00000B49  A$player$ |    00000B4B  A$player$
     00000B4C  A$player$ |    00000B4F  A$player$ |    00000B50  A$player$
     00000B51  A$player$ |    00000B52  A$player$ |    00000B53  A$player$
     00000B53  C$player. |    00000B56  A$player$ |    00000B57  A$player$
     00000B58  A$player$ |    00000B5A  A$player$ |    00000B5B  A$player$
     00000B5B  C$player. |    00000B5C  A$player$ |    00000B5E  A$player$
     00000B5F  A$player$ |    00000B62  A$player$ |    00000B63  A$player$
     00000B65  A$player$ |    00000B66  A$player$ |    00000B67  A$player$
     00000B68  A$player$ |    00000B69  A$player$ |    00000B6A  A$player$
     00000B6C  A$player$ |    00000B6D  A$player$ |    00000B6F  A$player$
     00000B70  A$player$ |    00000B71  A$player$ |    00000B72  A$player$
     00000B73  A$player$ |    00000B76  A$player$ |    00000B77  A$player$
     00000B78  A$player$ |    00000B79  A$player$ |    00000B7A  A$player$
     00000B7C  A$player$ |    00000B7F  A$player$ |    00000B80  A$player$
     00000B81  A$player$ |    00000B82  A$player$ |    00000B83  A$player$
     00000B83  C$player. |    00000B85  A$player$ |    00000B88  A$player$
     00000B89  A$player$ |    00000B8A  A$player$ |    00000B8C  A$player$
     00000B8E  A$player$ |    00000B8F  A$player$ |    00000B91  A$player$
     00000B92  A$player$ |    00000B95  A$player$ |    00000B97  A$player$
     00000B9A  A$player$ |    00000B9B  A$player$ |    00000B9C  A$player$
     00000B9D  A$player$ |    00000BA0  A$player$ |    00000BA2  A$player$
     00000BA3  A$player$ |    00000BA6  A$player$ |    00000BA7  A$player$
     00000BA8  A$player$ |    00000BA9  A$player$ |    00000BAA  A$player$
     00000BAA  C$player. |    00000BAD  A$player$ |    00000BAE  A$player$
     00000BAF  A$player$ |    00000BB1  A$player$ |    00000BB2  A$player$
     00000BB2  C$player. |    00000BB2  XFplayer$ |    00000BB3  A$player$
     00000BB3  C$player. |    00000BB3  C$player. |    00000BB3  Fplayer$i
ASxxxx Linker V03.00 + NoICE + sdld,  page 14.
Hexadecimal  [32-Bits]

Area                       Addr        Size        Decimal Bytes (Attributes)
--------------------       ----        ----        ------- ----- ------------
_CODE                  00000200    000035A8 =       13736. bytes (REL,CON)

        Value  Global            Value  Global            Value  Global    
        -----  ------            -----  ------            -----  ------    
     00000BB6  A$player$ |    00000BB7  A$player$ |    00000BB9  A$player$
     00000BBB  A$player$ |    00000BBC  A$player$ |    00000BBD  A$player$
     00000BBE  A$player$ |    00000BC0  A$player$ |    00000BC1  A$player$
     00000BC1  C$player. |    00000BC4  A$player$ |    00000BC5  A$player$
     00000BC6  A$player$ |    00000BC8  A$player$ |    00000BC9  A$player$
     00000BCA  A$player$ |    00000BCB  A$player$ |    00000BCC  A$player$
     00000BCD  A$player$ |    00000BD0  A$player$ |    00000BD1  A$player$
     00000BD3  A$player$ |    00000BD4  A$player$ |    00000BD5  A$player$
     00000BD6  A$player$ |    00000BD7  A$player$ |    00000BD8  A$player$
     00000BD9  A$player$ |    00000BDC  A$player$ |    00000BDD  A$player$
     00000BDE  A$player$ |    00000BE0  A$player$ |    00000BE1  A$player$
     00000BE2  A$player$ |    00000BE5  A$player$ |    00000BE6  A$player$
     00000BE7  A$player$ |    00000BE8  A$player$ |    00000BEB  A$player$
     00000BEC  A$player$ |    00000BED  A$player$ |    00000BEE  A$player$
     00000BF1  A$player$ |    00000BF2  A$player$ |    00000BF3  A$player$
     00000BF4  A$player$ |    00000BF7  A$player$ |    00000BF8  A$player$
     00000BF9  A$player$ |    00000BFA  A$player$ |    00000BFA  C$player.
     00000BFD  A$player$ |    00000BFF  A$player$ |    00000BFF  C$player.
     00000C02  A$player$ |    00000C04  A$player$ |    00000C04  C$player.
     00000C04  XFplayer$ |    00000C05  A$player$ |    00000C05  C$player.
     00000C05  C$player. |    00000C05  Fplayer$h |    00000C08  A$player$
     00000C0A  A$player$ |    00000C0C  A$player$ |    00000C0C  C$player.
     00000C0E  A$player$ |    00000C0F  A$player$ |    00000C10  A$player$
     00000C13  A$player$ |    00000C14  A$player$ |    00000C14  C$player.
     00000C14  C$player. |    00000C17  A$player$ |    00000C17  C$player.
     00000C1A  A$player$ |    00000C1B  A$player$ |    00000C1D  A$player$
     00000C1F  A$player$ |    00000C22  A$player$ |    00000C24  A$player$
     00000C26  A$player$ |    00000C29  A$player$ |    00000C2A  A$player$
     00000C2C  A$player$ |    00000C2F  A$player$ |    00000C30  A$player$
     00000C33  A$player$ |    00000C33  C$player. |    00000C36  A$player$
     00000C38  A$player$ |    00000C3A  A$player$ |    00000C3D  A$player$
     00000C3E  A$player$ |    00000C3F  A$player$ |    00000C40  A$player$
     00000C40  C$player. |    00000C43  A$player$ |    00000C44  A$player$
     00000C45  A$player$ |    00000C48  A$player$ |    00000C49  A$player$
     00000C4A  A$player$ |    00000C4C  A$player$ |    00000C4E  A$player$
     00000C50  A$player$ |    00000C52  A$player$ |    00000C53  A$player$
     00000C55  A$player$ |    00000C57  A$player$ |    00000C59  A$player$
     00000C5A  A$player$ |    00000C5C  A$player$ |    00000C5F  A$player$
     00000C60  A$player$ |    00000C61  A$player$ |    00000C62  A$player$
     00000C65  A$player$ |    00000C66  A$player$ |    00000C66  C$player.
     00000C66  XFplayer$ |    00000C67  A$player$ |    00000C67  C$player.
     00000C67  C$player. |    00000C67  Fplayer$e |    00000C6A  A$player$
     00000C6D  A$player$ |    00000C6E  A$player$ |    00000C70  A$player$
     00000C71  A$player$ |    00000C72  A$player$ |    00000C73  A$player$
     00000C74  A$player$ |    00000C75  A$player$ |    00000C76  A$player$
     00000C79  A$player$ |    00000C7A  A$player$ |    00000C7B  A$player$
     00000C7D  A$player$ |    00000C7E  A$player$ |    00000C7F  A$player$
     00000C80  A$player$ |    00000C83  A$player$ |    00000C84  A$player$
     00000C86  A$player$ |    00000C86  C$player. |    00000C89  A$player$
     00000C8B  A$player$ |    00000C8B  C$player. |    00000C8E  A$player$
     00000C8F  A$player$ |    00000C8F  C$player. |    00000C92  A$player$
ASxxxx Linker V03.00 + NoICE + sdld,  page 15.
Hexadecimal  [32-Bits]

Area                       Addr        Size        Decimal Bytes (Attributes)
--------------------       ----        ----        ------- ----- ------------
_CODE                  00000200    000035A8 =       13736. bytes (REL,CON)

        Value  Global            Value  Global            Value  Global    
        -----  ------            -----  ------            -----  ------    
     00000C93  A$player$ |    00000C96  A$player$ |    00000C97  A$player$
     00000C98  A$player$ |    00000C9A  A$player$ |    00000C9B  A$player$
     00000C9C  A$player$ |    00000C9D  A$player$ |    00000CA0  A$player$
     00000CA1  A$player$ |    00000CA3  A$player$ |    00000CA6  A$player$
     00000CA8  A$player$ |    00000CAA  A$player$ |    00000CAA  C$player.
     00000CAD  A$player$ |    00000CAE  A$player$ |    00000CAE  C$player.
     00000CB1  A$player$ |    00000CB3  A$player$ |    00000CB4  A$player$
     00000CB4  C$player. |    00000CB6  A$player$ |    00000CB9  A$player$
     00000CBA  A$player$ |    00000CBD  A$player$ |    00000CBE  A$player$
     00000CC1  A$player$ |    00000CC2  A$player$ |    00000CC3  A$player$
     00000CC5  A$player$ |    00000CC7  A$player$ |    00000CC8  A$player$
     00000CCA  A$player$ |    00000CCB  A$player$ |    00000CCE  A$player$
     00000CCE  C$player. |    00000CCE  XFplayer$ |    00000CCF  A$player$
     00000CCF  C$player. |    00000CCF  C$player. |    00000CCF  Fplayer$s
     00000CD2  A$player$ |    00000CD4  A$player$ |    00000CD5  A$player$
     00000CD6  A$player$ |    00000CD8  A$player$ |    00000CD8  C$player.
     00000CDB  A$player$ |    00000CDD  A$player$ |    00000CDF  A$player$
     00000CE2  A$player$ |    00000CE2  C$player. |    00000CE5  A$player$
     00000CE7  A$player$ |    00000CE7  C$player. |    00000CEA  A$player$
     00000CEC  A$player$ |    00000CEC  C$player. |    00000CEE  A$player$
     00000CEF  A$player$ |    00000CF2  A$player$ |    00000CF2  C$player.
     00000CF2  XFplayer$ |    00000CF3  A$player$ |    00000CF3  C$player.
     00000CF3  Fplayer$c |    00000CF5  A$player$ |    00000CF8  A$player$
     00000CFA  A$player$ |    00000CFA  C$player. |    00000CFD  A$player$
     00000CFE  A$player$ |    00000CFF  A$player$ |    00000D01  A$player$
     00000D02  A$player$ |    00000D04  A$player$ |    00000D05  A$player$
     00000D06  A$player$ |    00000D07  A$player$ |    00000D08  A$player$
     00000D09  A$player$ |    00000D0A  A$player$ |    00000D0B  A$player$
     00000D0C  A$player$ |    00000D0F  A$player$ |    00000D10  A$player$
     00000D11  A$player$ |    00000D12  A$player$ |    00000D15  A$player$
     00000D16  A$player$ |    00000D17  A$player$ |    00000D18  A$player$
     00000D19  A$player$ |    00000D1A  A$player$ |    00000D1B  A$player$
     00000D1D  A$player$ |    00000D1E  A$player$ |    00000D20  A$player$
     00000D21  A$player$ |    00000D22  A$player$ |    00000D22  C$player.
     00000D23  A$player$ |    00000D24  A$player$ |    00000D25  A$player$
     00000D26  A$player$ |    00000D29  A$player$ |    00000D2A  A$player$
     00000D2B  A$player$ |    00000D2C  A$player$ |    00000D2D  A$player$
     00000D2F  A$player$ |    00000D32  A$player$ |    00000D32  C$player.
     00000D34  A$player$ |    00000D35  A$player$ |    00000D36  A$player$
     00000D37  A$player$ |    00000D38  A$player$ |    00000D3B  A$player$
     00000D3C  A$player$ |    00000D3E  A$player$ |    00000D41  A$player$
     00000D41  C$player. |    00000D43  A$player$ |    00000D43  C$player.
     00000D45  A$player$ |    00000D46  A$player$ |    00000D47  A$player$
     00000D48  A$player$ |    00000D49  A$player$ |    00000D4A  A$player$
     00000D4C  A$player$ |    00000D4D  A$player$ |    00000D4E  A$player$
     00000D50  A$player$ |    00000D52  A$player$ |    00000D53  A$player$
     00000D54  A$player$ |    00000D55  A$player$ |    00000D58  A$player$
     00000D59  A$player$ |    00000D5A  A$player$ |    00000D5B  A$player$
     00000D5D  A$player$ |    00000D5E  A$player$ |    00000D5F  A$player$
     00000D60  A$player$ |    00000D62  A$player$ |    00000D63  A$player$
     00000D64  A$player$ |    00000D65  A$player$ |    00000D66  A$player$
ASxxxx Linker V03.00 + NoICE + sdld,  page 16.
Hexadecimal  [32-Bits]

Area                       Addr        Size        Decimal Bytes (Attributes)
--------------------       ----        ----        ------- ----- ------------
_CODE                  00000200    000035A8 =       13736. bytes (REL,CON)

        Value  Global            Value  Global            Value  Global    
        -----  ------            -----  ------            -----  ------    
     00000D67  A$player$ |    00000D69  A$player$ |    00000D6A  A$player$
     00000D6C  A$player$ |    00000D6D  A$player$ |    00000D6E  A$player$
     00000D6F  A$player$ |    00000D70  A$player$ |    00000D71  A$player$
     00000D72  A$player$ |    00000D74  A$player$ |    00000D75  A$player$
     00000D76  A$player$ |    00000D77  A$player$ |    00000D79  A$player$
     00000D7A  A$player$ |    00000D7D  A$player$ |    00000D7F  A$player$
     00000D80  A$player$ |    00000D82  A$player$ |    00000D84  A$player$
     00000D85  A$player$ |    00000D86  A$player$ |    00000D88  A$player$
     00000D89  A$player$ |    00000D8A  A$player$ |    00000D8B  A$player$
     00000D8C  A$player$ |    00000D8D  A$player$ |    00000D8E  A$player$
     00000D8F  A$player$ |    00000D90  A$player$ |    00000D92  A$player$
     00000D94  A$player$ |    00000D96  A$player$ |    00000D98  A$player$
     00000D99  A$player$ |    00000D9B  A$player$ |    00000D9D  A$player$
     00000D9F  A$player$ |    00000DA0  A$player$ |    00000DA2  A$player$
     00000DA5  A$player$ |    00000DA7  A$player$ |    00000DA8  A$player$
     00000DAB  A$player$ |    00000DAC  A$player$ |    00000DAE  A$player$
     00000DB1  A$player$ |    00000DB3  A$player$ |    00000DB6  A$player$
     00000DB7  A$player$ |    00000DB8  A$player$ |    00000DBA  A$player$
     00000DBA  C$player. |    00000DBB  A$player$ |    00000DBC  A$player$
     00000DBD  A$player$ |    00000DBE  A$player$ |    00000DBF  A$player$
     00000DC0  A$player$ |    00000DC1  A$player$ |    00000DC2  A$player$
     00000DC3  A$player$ |    00000DC4  A$player$ |    00000DC6  A$player$
     00000DC7  A$player$ |    00000DC8  A$player$ |    00000DC9  A$player$
     00000DCB  A$player$ |    00000DCC  A$player$ |    00000DCD  A$player$
     00000DCE  A$player$ |    00000DCF  A$player$ |    00000DD0  A$player$
     00000DD1  A$player$ |    00000DD3  A$player$ |    00000DD4  A$player$
     00000DD5  A$player$ |    00000DD6  A$player$ |    00000DD7  A$player$
     00000DD8  A$player$ |    00000DD9  A$player$ |    00000DDA  A$player$
     00000DDD  A$player$ |    00000DDE  A$player$ |    00000DDF  A$player$
     00000DE0  A$player$ |    00000DE2  A$player$ |    00000DE3  A$player$
     00000DE4  A$player$ |    00000DE5  A$player$ |    00000DE7  A$player$
     00000DE8  A$player$ |    00000DE9  A$player$ |    00000DEA  A$player$
     00000DEB  A$player$ |    00000DEC  A$player$ |    00000DEE  A$player$
     00000DEF  A$player$ |    00000DF1  A$player$ |    00000DF2  A$player$
     00000DF3  A$player$ |    00000DF4  A$player$ |    00000DF5  A$player$
     00000DF6  A$player$ |    00000DF7  A$player$ |    00000DF8  A$player$
     00000DF9  A$player$ |    00000DFA  A$player$ |    00000DFB  A$player$
     00000DFD  A$player$ |    00000DFE  A$player$ |    00000DFF  A$player$
     00000E02  A$player$ |    00000E04  A$player$ |    00000E05  A$player$
     00000E07  A$player$ |    00000E09  A$player$ |    00000E0A  A$player$
     00000E0B  A$player$ |    00000E0D  A$player$ |    00000E0E  A$player$
     00000E0F  A$player$ |    00000E10  A$player$ |    00000E11  A$player$
     00000E12  A$player$ |    00000E13  A$player$ |    00000E14  A$player$
     00000E15  A$player$ |    00000E17  A$player$ |    00000E19  A$player$
     00000E1B  A$player$ |    00000E1D  A$player$ |    00000E1E  A$player$
     00000E20  A$player$ |    00000E22  A$player$ |    00000E24  A$player$
     00000E25  A$player$ |    00000E27  A$player$ |    00000E29  A$player$
     00000E2B  A$player$ |    00000E2E  A$player$ |    00000E2F  A$player$
     00000E31  A$player$ |    00000E33  A$player$ |    00000E35  A$player$
     00000E36  A$player$ |    00000E37  A$player$ |    00000E38  A$player$
     00000E3A  A$player$ |    00000E3C  A$player$ |    00000E3E  A$player$
ASxxxx Linker V03.00 + NoICE + sdld,  page 17.
Hexadecimal  [32-Bits]

Area                       Addr        Size        Decimal Bytes (Attributes)
--------------------       ----        ----        ------- ----- ------------
_CODE                  00000200    000035A8 =       13736. bytes (REL,CON)

        Value  Global            Value  Global            Value  Global    
        -----  ------            -----  ------            -----  ------    
     00000E3F  A$player$ |    00000E40  A$player$ |    00000E41  A$player$
     00000E43  A$player$ |    00000E44  A$player$ |    00000E46  A$player$
     00000E47  A$player$ |    00000E48  A$player$ |    00000E48  C$player.
     00000E4B  A$player$ |    00000E4E  A$player$ |    00000E4F  A$player$
     00000E51  A$player$ |    00000E52  A$player$ |    00000E54  A$player$
     00000E57  A$player$ |    00000E58  A$player$ |    00000E5A  A$player$
     00000E5B  A$player$ |    00000E5C  A$player$ |    00000E5D  A$player$
     00000E5E  A$player$ |    00000E5F  A$player$ |    00000E60  A$player$
     00000E62  A$player$ |    00000E64  A$player$ |    00000E65  A$player$
     00000E67  A$player$ |    00000E68  A$player$ |    00000E6A  A$player$
     00000E6C  A$player$ |    00000E6E  A$player$ |    00000E70  A$player$
     00000E71  A$player$ |    00000E73  A$player$ |    00000E75  A$player$
     00000E77  A$player$ |    00000E78  A$player$ |    00000E7A  A$player$
     00000E7B  A$player$ |    00000E7D  A$player$ |    00000E80  A$player$
     00000E81  A$player$ |    00000E83  A$player$ |    00000E86  A$player$
     00000E87  A$player$ |    00000E89  A$player$ |    00000E8A  A$player$
     00000E8B  A$player$ |    00000E8C  A$player$ |    00000E8D  A$player$
     00000E8E  A$player$ |    00000E8F  A$player$ |    00000E90  A$player$
     00000E92  A$player$ |    00000E94  A$player$ |    00000E95  A$player$
     00000E97  A$player$ |    00000E98  A$player$ |    00000E9A  A$player$
     00000E9C  A$player$ |    00000E9E  A$player$ |    00000EA0  A$player$
     00000EA1  A$player$ |    00000EA3  A$player$ |    00000EA5  A$player$
     00000EA7  A$player$ |    00000EA8  A$player$ |    00000EAA  A$player$
     00000EAB  A$player$ |    00000EAC  A$player$ |    00000EAE  A$player$
     00000EAE  C$player. |    00000EAF  A$player$ |    00000EB1  A$player$
     00000EB3  A$player$ |    00000EB4  A$player$ |    00000EB4  C$player.
     00000EB6  A$player$ |    00000EB7  A$player$ |    00000EB8  A$player$
     00000EB9  A$player$ |    00000EBC  A$player$ |    00000EBD  A$player$
     00000EBE  A$player$ |    00000EBF  A$player$ |    00000EC0  A$player$
     00000EC2  A$player$ |    00000EC3  A$player$ |    00000EC4  A$player$
     00000EC7  A$player$ |    00000EC8  A$player$ |    00000EC9  A$player$
     00000ECA  A$player$ |    00000ECB  A$player$ |    00000ECC  A$player$
     00000ECD  A$player$ |    00000ECE  A$player$ |    00000ECF  A$player$
     00000ED0  A$player$ |    00000ED3  A$player$ |    00000ED4  A$player$
     00000ED5  A$player$ |    00000ED6  A$player$ |    00000ED8  A$player$
     00000EDB  A$player$ |    00000EDB  C$player. |    00000EDC  A$player$
     00000EDE  A$player$ |    00000EE0  A$player$ |    00000EE2  A$player$
     00000EE5  A$player$ |    00000EE7  A$player$ |    00000EEA  A$player$
     00000EEC  A$player$ |    00000EEF  A$player$ |    00000EF1  A$player$
     00000EF4  A$player$ |    00000EF6  A$player$ |    00000EF9  A$player$
     00000EFB  A$player$ |    00000EFE  A$player$ |    00000F00  A$player$
     00000F03  A$player$ |    00000F06  A$player$ |    00000F06  C$player.
     00000F06  C$player. |    00000F08  A$player$ |    00000F09  A$player$
     00000F0A  A$player$ |    00000F0B  A$player$ |    00000F0C  A$player$
     00000F0E  A$player$ |    00000F0F  A$player$ |    00000F10  A$player$
     00000F11  A$player$ |    00000F12  A$player$ |    00000F13  A$player$
     00000F15  A$player$ |    00000F16  A$player$ |    00000F17  A$player$
     00000F18  A$player$ |    00000F19  A$player$ |    00000F1A  A$player$
     00000F1A  C$player. |    00000F1C  A$player$ |    00000F1D  A$player$
     00000F1E  A$player$ |    00000F1F  A$player$ |    00000F20  A$player$
     00000F21  A$player$ |    00000F22  A$player$ |    00000F23  A$player$
ASxxxx Linker V03.00 + NoICE + sdld,  page 18.
Hexadecimal  [32-Bits]

Area                       Addr        Size        Decimal Bytes (Attributes)
--------------------       ----        ----        ------- ----- ------------
_CODE                  00000200    000035A8 =       13736. bytes (REL,CON)

        Value  Global            Value  Global            Value  Global    
        -----  ------            -----  ------            -----  ------    
     00000F24  A$player$ |    00000F25  A$player$ |    00000F26  A$player$
     00000F27  A$player$ |    00000F28  A$player$ |    00000F29  A$player$
     00000F2A  A$player$ |    00000F2B  A$player$ |    00000F2D  A$player$
     00000F2E  A$player$ |    00000F2F  A$player$ |    00000F2F  C$player.
     00000F31  A$player$ |    00000F34  A$player$ |    00000F36  A$player$
     00000F37  A$player$ |    00000F38  A$player$ |    00000F39  A$player$
     00000F3A  A$player$ |    00000F3B  A$player$ |    00000F3C  A$player$
     00000F3D  A$player$ |    00000F3E  A$player$ |    00000F3F  A$player$
     00000F40  A$player$ |    00000F41  A$player$ |    00000F43  A$player$
     00000F44  A$player$ |    00000F45  A$player$ |    00000F48  A$player$
     00000F4A  A$player$ |    00000F4D  A$player$ |    00000F4E  A$player$
     00000F50  A$player$ |    00000F51  A$player$ |    00000F52  A$player$
     00000F53  A$player$ |    00000F54  A$player$ |    00000F55  A$player$
     00000F56  A$player$ |    00000F57  A$player$ |    00000F59  A$player$
     00000F5A  A$player$ |    00000F5B  A$player$ |    00000F5C  A$player$
     00000F5D  A$player$ |    00000F60  A$player$ |    00000F62  A$player$
     00000F64  A$player$ |    00000F65  A$player$ |    00000F66  A$player$
     00000F67  A$player$ |    00000F68  A$player$ |    00000F6B  A$player$
     00000F6D  A$player$ |    00000F6E  A$player$ |    00000F6F  A$player$
     00000F70  A$player$ |    00000F71  A$player$ |    00000F72  A$player$
     00000F73  A$player$ |    00000F75  A$player$ |    00000F76  A$player$
     00000F77  A$player$ |    00000F78  A$player$ |    00000F79  A$player$
     00000F7A  A$player$ |    00000F7B  A$player$ |    00000F7C  A$player$
     00000F7D  A$player$ |    00000F7F  A$player$ |    00000F80  A$player$
     00000F81  A$player$ |    00000F83  A$player$ |    00000F84  A$player$
     00000F86  A$player$ |    00000F87  A$player$ |    00000F88  A$player$
     00000F89  A$player$ |    00000F8A  A$player$ |    00000F8B  A$player$
     00000F8C  A$player$ |    00000F8D  A$player$ |    00000F8F  A$player$
     00000F90  A$player$ |    00000F91  A$player$ |    00000F92  A$player$
     00000F93  A$player$ |    00000F96  A$player$ |    00000F98  A$player$
     00000F99  A$player$ |    00000F9A  A$player$ |    00000F9C  A$player$
     00000F9D  A$player$ |    00000F9E  A$player$ |    00000F9F  A$player$
     00000FA0  A$player$ |    00000FA1  A$player$ |    00000FA2  A$player$
     00000FA4  A$player$ |    00000FA6  A$player$ |    00000FA8  A$player$
     00000FAA  A$player$ |    00000FAB  A$player$ |    00000FAD  A$player$
     00000FAF  A$player$ |    00000FB1  A$player$ |    00000FB2  A$player$
     00000FB4  A$player$ |    00000FB4  C$player. |    00000FB6  A$player$
     00000FB7  A$player$ |    00000FB8  A$player$ |    00000FB9  A$player$
     00000FBA  A$player$ |    00000FBB  A$player$ |    00000FBC  A$player$
     00000FBD  A$player$ |    00000FC0  A$player$ |    00000FC0  C$player.
     00000FC3  A$player$ |    00000FC5  A$player$ |    00000FC8  A$player$
     00000FC8  C$player. |    00000FCA  A$player$ |    00000FCB  A$player$
     00000FCC  A$player$ |    00000FCF  A$player$ |    00000FCF  C$player.
     00000FD2  A$player$ |    00000FD4  A$player$ |    00000FD4  C$player.
     00000FD7  A$player$ |    00000FD9  A$player$ |    00000FD9  C$player.
     00000FDC  A$player$ |    00000FDE  A$player$ |    00000FDE  C$player.
     00000FE1  A$player$ |    00000FE1  C$player. |    00000FE1  C$player.
     00000FE3  A$player$ |    00000FE4  A$player$ |    00000FE5  A$player$
     00000FE6  A$player$ |    00000FE7  A$player$ |    00000FE9  A$player$
     00000FEA  A$player$ |    00000FEB  A$player$ |    00000FEC  A$player$
     00000FED  A$player$ |    00000FEE  A$player$ |    00000FF0  A$player$
ASxxxx Linker V03.00 + NoICE + sdld,  page 19.
Hexadecimal  [32-Bits]

Area                       Addr        Size        Decimal Bytes (Attributes)
--------------------       ----        ----        ------- ----- ------------
_CODE                  00000200    000035A8 =       13736. bytes (REL,CON)

        Value  Global            Value  Global            Value  Global    
        -----  ------            -----  ------            -----  ------    
     00000FF1  A$player$ |    00000FF2  A$player$ |    00000FF3  A$player$
     00000FF4  A$player$ |    00000FF5  A$player$ |    00000FF5  C$player.
     00000FF7  A$player$ |    00000FF8  A$player$ |    00000FF9  A$player$
     00000FFA  A$player$ |    00000FFB  A$player$ |    00000FFD  A$player$
     00000FFE  A$player$ |    00000FFF  A$player$ |    00000FFF  C$player.
     00001001  A$player$ |    00001004  A$player$ |    00001006  A$player$
     00001007  A$player$ |    00001008  A$player$ |    00001009  A$player$
     0000100A  A$player$ |    0000100B  A$player$ |    0000100C  A$player$
     0000100D  A$player$ |    0000100E  A$player$ |    0000100F  A$player$
     00001010  A$player$ |    00001011  A$player$ |    00001013  A$player$
     00001014  A$player$ |    00001015  A$player$ |    00001018  A$player$
     0000101A  A$player$ |    0000101D  A$player$ |    0000101E  A$player$
     00001020  A$player$ |    00001021  A$player$ |    00001022  A$player$
     00001023  A$player$ |    00001024  A$player$ |    00001025  A$player$
     00001026  A$player$ |    00001027  A$player$ |    00001029  A$player$
     0000102A  A$player$ |    0000102B  A$player$ |    0000102C  A$player$
     0000102D  A$player$ |    00001030  A$player$ |    00001032  A$player$
     00001034  A$player$ |    00001035  A$player$ |    00001036  A$player$
     00001037  A$player$ |    00001038  A$player$ |    0000103B  A$player$
     0000103D  A$player$ |    0000103E  A$player$ |    0000103F  A$player$
     00001040  A$player$ |    00001041  A$player$ |    00001042  A$player$
     00001043  A$player$ |    00001045  A$player$ |    00001046  A$player$
     00001047  A$player$ |    00001048  A$player$ |    00001049  A$player$
     0000104A  A$player$ |    0000104B  A$player$ |    0000104C  A$player$
     0000104D  A$player$ |    0000104F  A$player$ |    00001050  A$player$
     00001051  A$player$ |    00001053  A$player$ |    00001054  A$player$
     00001056  A$player$ |    00001057  A$player$ |    00001058  A$player$
     00001059  A$player$ |    0000105A  A$player$ |    0000105B  A$player$
     0000105C  A$player$ |    0000105D  A$player$ |    0000105F  A$player$
     00001060  A$player$ |    00001061  A$player$ |    00001062  A$player$
     00001063  A$player$ |    00001066  A$player$ |    00001068  A$player$
     00001069  A$player$ |    0000106A  A$player$ |    0000106C  A$player$
     0000106D  A$player$ |    0000106E  A$player$ |    0000106F  A$player$
     00001070  A$player$ |    00001071  A$player$ |    00001072  A$player$
     00001073  A$player$ |    00001075  A$player$ |    00001077  A$player$
     00001079  A$player$ |    0000107B  A$player$ |    0000107C  A$player$
     0000107E  A$player$ |    00001080  A$player$ |    00001082  A$player$
     00001083  A$player$ |    00001085  A$player$ |    00001085  C$player.
     00001087  A$player$ |    00001088  A$player$ |    00001089  A$player$
     0000108A  A$player$ |    0000108B  A$player$ |    0000108C  A$player$
     0000108D  A$player$ |    0000108E  A$player$ |    00001091  A$player$
     00001091  C$player. |    00001094  A$player$ |    00001096  A$player$
     00001099  A$player$ |    00001099  C$player. |    0000109B  A$player$
     0000109C  A$player$ |    0000109D  A$player$ |    000010A0  A$player$
     000010A0  C$player. |    000010A3  A$player$ |    000010A5  A$player$
     000010A5  C$player. |    000010A8  A$player$ |    000010A8  C$player.
     000010A8  C$player. |    000010AA  A$player$ |    000010AB  A$player$
     000010AC  A$player$ |    000010AD  A$player$ |    000010AE  A$player$
     000010AF  A$player$ |    000010B1  A$player$ |    000010B2  A$player$
     000010B3  A$player$ |    000010B4  A$player$ |    000010B5  A$player$
     000010B6  A$player$ |    000010B7  A$player$ |    000010BA  A$player$
ASxxxx Linker V03.00 + NoICE + sdld,  page 20.
Hexadecimal  [32-Bits]

Area                       Addr        Size        Decimal Bytes (Attributes)
--------------------       ----        ----        ------- ----- ------------
_CODE                  00000200    000035A8 =       13736. bytes (REL,CON)

        Value  Global            Value  Global            Value  Global    
        -----  ------            -----  ------            -----  ------    
     000010BA  C$player. |    000010BD  A$player$ |    000010BF  A$player$
     000010BF  C$player. |    000010C2  A$player$ |    000010C2  C$player.
     000010C2  C$player. |    000010C4  A$player$ |    000010C5  A$player$
     000010C6  A$player$ |    000010C7  A$player$ |    000010C8  A$player$
     000010CA  A$player$ |    000010CB  A$player$ |    000010CB  C$player.
     000010CD  A$player$ |    000010CE  A$player$ |    000010CF  A$player$
     000010D0  A$player$ |    000010D1  A$player$ |    000010D2  A$player$
     000010D3  A$player$ |    000010D4  A$player$ |    000010D5  A$player$
     000010D6  A$player$ |    000010D7  A$player$ |    000010D8  A$player$
     000010D9  A$player$ |    000010DA  A$player$ |    000010DB  A$player$
     000010DC  A$player$ |    000010DE  A$player$ |    000010DF  A$player$
     000010E0  A$player$ |    000010E0  C$player. |    000010E2  A$player$
     000010E5  A$player$ |    000010E7  A$player$ |    000010E8  A$player$
     000010E9  A$player$ |    000010EA  A$player$ |    000010EB  A$player$
     000010EC  A$player$ |    000010ED  A$player$ |    000010EE  A$player$
     000010EF  A$player$ |    000010F0  A$player$ |    000010F1  A$player$
     000010F2  A$player$ |    000010F4  A$player$ |    000010F5  A$player$
     000010F6  A$player$ |    000010F9  A$player$ |    000010FB  A$player$
     000010FE  A$player$ |    000010FF  A$player$ |    00001101  A$player$
     00001102  A$player$ |    00001103  A$player$ |    00001104  A$player$
     00001105  A$player$ |    00001106  A$player$ |    00001107  A$player$
     00001108  A$player$ |    0000110A  A$player$ |    0000110B  A$player$
     0000110C  A$player$ |    0000110D  A$player$ |    0000110E  A$player$
     00001111  A$player$ |    00001113  A$player$ |    00001115  A$player$
     00001116  A$player$ |    00001117  A$player$ |    00001118  A$player$
     00001119  A$player$ |    0000111C  A$player$ |    0000111E  A$player$
     0000111F  A$player$ |    00001120  A$player$ |    00001121  A$player$
[...]
     00003541  _fall_spe |    00003542  G$hurt0$0 |    00003542  _hurt0   
     00003556  G$hurt_me |    00003556  _hurt_met |    00003558  G$hurt_sp
     00003558  _hurt_spe |    00003559  G$metaspr |    00003559  _metaspri
     00003563  G$metaspr |    00003563  _metaspri |    0000356D  G$frames_
     0000356D  _frames_i |    00003572  _Sfx      |    000035A2  G$base$0_
     000035A2  _base     |    000035AE  G$bot_map |    000035AE  _bot_map_
ASxxxx Linker V03.00 + NoICE + sdld,  page 48.
Hexadecimal  [32-Bits]

Area                       Addr        Size        Decimal Bytes (Attributes)
--------------------       ----        ----        ------- ----- ------------
_CODE                  00000200    000035A8 =       13736. bytes (REL,CON)

        Value  Global            Value  Global            Value  Global    
        -----  ------            -----  ------            -----  ------    
     000035B6  G$bot_map |    000035B6  _bot_map_ |    000035BE  G$bot_map
     000035BE  _bot_map_ |    000035C6  G$bot_map |    000035C6  _bot_map_
     000035D2  G$bot_map |    000035D2  _bot_map_ |    000035DA  G$bot_map
     000035DA  _bot_map_ |    000035E2  G$top_map |    000035E2  _top_map_
     000035E6  G$top_map |    000035E6  _top_map_ |    000035EA  G$top_map
     000035EA  _top_map_ |    000035EE  G$top_map |    000035EE  _top_map_
     000035F6  G$top_map |    000035F6  _top_map_ |    000035FA  G$bot_map
     000035FA  _bot_map_ |    00003602  G$top_map |    00003602  _top_map_
     00003606  _hide_spr |    00003636  ___hide_m |    0000365D  ___move_m
     0000369C  ___move_m |    000036DF  ___move_m |    00003722  ___move_m
     00003767  _set_vram |    00003776  _set_win_ |    0000377E  _set_bkg_
ASxxxx Linker V03.00 + NoICE + sdld,  page 49.
Hexadecimal  [32-Bits]

Area                       Addr        Size        Decimal Bytes (Attributes)
--------------------       ----        ----        ------- ----- ------------
_HEADER0               00000000    00000001 =           1. bytes (ABS,CON)

        Value  Global            Value  Global            Value  Global    
        -----  ------            -----  ------            -----  ------    
     00000020  .call_hl 
ASxxxx Linker V03.00 + NoICE + sdld,  page 50.
Hexadecimal  [32-Bits]

Area                       Addr        Size        Decimal Bytes (Attributes)
--------------------       ----        ----        ------- ----- ------------
_HEADER1               00000000    00000005 =           5. bytes (ABS,CON)

        Value  Global            Value  Global            Value  Global    
        -----  ------            -----  ------            -----  ------    
     00000028  .MemsetSm
ASxxxx Linker V03.00 + NoICE + sdld,  page 51.
Hexadecimal  [32-Bits]

Area                       Addr        Size        Decimal Bytes (Attributes)
--------------------       ----        ----        ------- ----- ------------
_HEADER2               00000000    00000007 =           7. bytes (ABS,CON)

        Value  Global            Value  Global            Value  Global    
        -----  ------            -----  ------            -----  ------    
     00000030  .MemcpySm
ASxxxx Linker V03.00 + NoICE + sdld,  page 52.
Hexadecimal  [32-Bits]

Area                       Addr        Size        Decimal Bytes (Attributes)
--------------------       ----        ----        ------- ----- ------------
_HEADER3               00000000    00000008 =           8. bytes (ABS,CON)

        Value  Global            Value  Global            Value  Global    
        -----  ------            -----  ------            -----  ------    
ASxxxx Linker V03.00 + NoICE + sdld,  page 53.
Hexadecimal  [32-Bits]

Area                       Addr        Size        Decimal Bytes (Attributes)
--------------------       ----        ----        ------- ----- ------------
_HEADER4               00000000    0000004E =          78. bytes (ABS,CON)

        Value  Global            Value  Global            Value  Global    
        -----  ------            -----  ------            -----  ------    
     00000080  .int      |    0000008F  _wait_int |    0000009C  __standar
     000000AC  _refresh_
ASxxxx Linker V03.00 + NoICE + sdld,  page 54.
Hexadecimal  [32-Bits]

Area                       Addr        Size        Decimal Bytes (Attributes)
--------------------       ----        ----        ------- ----- ------------
_HEADER5               00000000    00000002 =           2. bytes (ABS,CON)

        Value  Global            Value  Global            Value  Global    
        -----  ------            -----  ------            -----  ------    
ASxxxx Linker V03.00 + NoICE + sdld,  page 55.
Hexadecimal  [32-Bits]

Area                       Addr        Size        Decimal Bytes (Attributes)
--------------------       ----        ----        ------- ----- ------------
_HEADER6               00000000    00000030 =          48. bytes (ABS,CON)

        Value  Global            Value  Global            Value  Global    
        -----  ------            -----  ------            -----  ------    
ASxxxx Linker V03.00 + NoICE + sdld,  page 56.
Hexadecimal  [32-Bits]

Area                       Addr        Size        Decimal Bytes (Attributes)
--------------------       ----        ----        ------- ----- ------------
_HEADER7               00000000    00000006 =           6. bytes (ABS,CON)

        Value  Global            Value  Global            Value  Global    
        -----  ------            -----  ------            -----  ------    
ASxxxx Linker V03.00 + NoICE + sdld,  page 57.
Hexadecimal  [32-Bits]

Area                       Addr        Size        Decimal Bytes (Attributes)
--------------------       ----        ----        ------- ----- ------------
_HEADER8               00000000    00000003 =           3. bytes (ABS,CON)

        Value  Global            Value  Global            Value  Global    
        -----  ------            -----  ------            -----  ------    
ASxxxx Linker V03.00 + NoICE + sdld,  page 58.
Hexadecimal  [32-Bits]

Area                       Addr        Size        Decimal Bytes (Attributes)
--------------------       ----        ----        ------- ----- ------------
_HEADER9               00000000    00000001 =           1. bytes (ABS,CON)

        Value  Global            Value  Global            Value  Global    
        -----  ------            -----  ------            -----  ------    
ASxxxx Linker V03.00 + NoICE + sdld,  page 59.
Hexadecimal  [32-Bits]

Area                       Addr        Size        Decimal Bytes (Attributes)
--------------------       ----        ----        ------- ----- ------------
_HEADERa               00000000    00000001 =           1. bytes (ABS,CON)

        Value  Global            Value  Global            Value  Global    
        -----  ------            -----  ------            -----  ------    
ASxxxx Linker V03.00 + NoICE + sdld,  page 60.
Hexadecimal  [32-Bits]

Area                       Addr        Size        Decimal Bytes (Attributes)
--------------------       ----        ----        ------- ----- ------------
_HEADERb               00000000    00000001 =           1. bytes (ABS,CON)

        Value  Global            Value  Global            Value  Global    
        -----  ------            -----  ------            -----  ------    
ASxxxx Linker V03.00 + NoICE + sdld,  page 61.
Hexadecimal  [32-Bits]

Area                       Addr        Size        Decimal Bytes (Attributes)
--------------------       ----        ----        ------- ----- ------------
_HEADERc               00000000    00000002 =           2. bytes (ABS,CON)

        Value  Global            Value  Global            Value  Global    
        -----  ------            -----  ------            -----  ------    
ASxxxx Linker V03.00 + NoICE + sdld,  page 62.
Hexadecimal  [32-Bits]

Area                       Addr        Size        Decimal Bytes (Attributes)
--------------------       ----        ----        ------- ----- ------------
_HEADERd               00000000    00000001 =           1. bytes (ABS,CON)

        Value  Global            Value  Global            Value  Global    
        -----  ------            -----  ------            -----  ------    
ASxxxx Linker V03.00 + NoICE + sdld,  page 63.
Hexadecimal  [32-Bits]

Area                       Addr        Size        Decimal Bytes (Attributes)
--------------------       ----        ----        ------- ----- ------------
_HEADERe               00000000    00000001 =           1. bytes (ABS,CON)

        Value  Global            Value  Global            Value  Global    
        -----  ------            -----  ------            -----  ------    
ASxxxx Linker V03.00 + NoICE + sdld,  page 64.
Hexadecimal  [32-Bits]

Area                       Addr        Size        Decimal Bytes (Attributes)
--------------------       ----        ----        ------- ----- ------------
_HEADERf               00000000    00000002 =           2. bytes (ABS,CON)

        Value  Global            Value  Global            Value  Global    
        -----  ------            -----  ------            -----  ------    
ASxxxx Linker V03.00 + NoICE + sdld,  page 65.
Hexadecimal  [32-Bits]

Area                       Addr        Size        Decimal Bytes (Attributes)
--------------------       ----        ----        ------- ----- ------------
_HEADER10              00000000    00000082 =         130. bytes (ABS,CON)

        Value  Global            Value  Global            Value  Global    
        -----  ------            -----  ------            -----  ------    
     00000150  .reset    |    00000150  _reset    |    00000157  .code_sta
     000001B7  _exit     |    000001BB  _set_inte
ASxxxx Linker V03.00 + NoICE + sdld,  page 66.
Hexadecimal  [32-Bits]

Area                       Addr        Size        Decimal Bytes (Attributes)
--------------------       ----        ----        ------- ----- ------------
_HEADER11              00000000    00000001 =           1. bytes (ABS,CON)

        Value  Global            Value  Global            Value  Global    
        -----  ------            -----  ------            -----  ------    
ASxxxx Linker V03.00 + NoICE + sdld,  page 67.
Hexadecimal  [32-Bits]

Area                       Addr        Size        Decimal Bytes (Attributes)
--------------------       ----        ----        ------- ----- ------------
_HOME                  000037A8    0000035C =         860. bytes (REL,CON)

        Value  Global            Value  Global            Value  Global    
        -----  ------            -----  ------            -----  ------    
     000037A8  .memset_s |    000037B1  .memcpy_s |    000037CE  .remove_V
     000037D1  .remove_i |    000037EE  .add_VBL  |    000037F1  .add_int 
     000037FC  .wait_vbl |    000037FC  _wait_vbl |    0000380C  .display_
     0000380C  _display_ |    00003824  _remove_V |    0000382F  _add_VBL 
     0000383A  _rand     |    0000383A  _randw    |    00003865  _initrand
     00003867  .initrand |    00003870  _uitoa    |    0000387F  _itoa    
     0000388E  .itoa     |    000038A2  .utoa     |    00003916  __mulsuch
     00003920  __mulusch |    0000392A  __mulscha |    0000393C  __mulucha
     00003948  __mulint  |    0000396E  _set_win_ |    00003982  _set_tile
     00003987  _set_bkg_ |    00003987  _set_win_ |    0000398F  _set_spri
     000039BF  .padup    |    000039BF  _waitpadu |    000039CF  .jpad    
     000039CF  _joypad   |    000039F7  _waitpad  |    000039FA  .wait_pad
     00003A01  ___memcpy |    00003A01  _memcpy   |    00003A44  ___sdcc_c
     00003A74  _add_LCD  |    00003A7F  .add_LCD  |    00003A85  _remove_L
     00003A90  .remove_L |    00003A96  _set_bkg_ |    00003AAA  .set_xy_w
     00003AB3  .set_xy_b |    00003AC2  .set_xy_t
ASxxxx Linker V03.00 + NoICE + sdld,  page 68.
Hexadecimal  [32-Bits]

Area                       Addr        Size        Decimal Bytes (Attributes)
--------------------       ----        ----        ------- ----- ------------
_INITIALIZER           00003B04    000000B4 =         180. bytes (REL,CON)

        Value  Global            Value  Global            Value  Global    
        -----  ------            -----  ------            -----  ------    
     00003B04  Fplayer$_ |    00003B08  Fplayer$_ |    00003B16  Fbrick_pa
     00003B36  Fextra_sp |    00003B96  Fpartly_b
ASxxxx Linker V03.00 + NoICE + sdld,  page 69.
Hexadecimal  [32-Bits]

Area                       Addr        Size        Decimal Bytes (Attributes)
--------------------       ----        ----        ------- ----- ------------
_GSINIT                00003BB8    0000000C =          12. bytes (REL,CON)

        Value  Global            Value  Global            Value  Global    
        -----  ------            -----  ------            -----  ------    
     00003BB8  gsinit   
ASxxxx Linker V03.00 + NoICE + sdld,  page 70.
Hexadecimal  [32-Bits]

Area                       Addr        Size        Decimal Bytes (Attributes)
--------------------       ----        ----        ------- ----- ------------
_GSFINAL               00003BC4    00000001 =           1. bytes (REL,CON)

        Value  Global            Value  Global            Value  Global    
        -----  ------            -----  ------            -----  ------    
ASxxxx Linker V03.00 + NoICE + sdld,  page 71.
Hexadecimal  [32-Bits]

Area                       Addr        Size        Decimal Bytes (Attributes)
--------------------       ----        ----        ------- ----- ------------
_DATA                  0000C0A0    00000197 =         407. bytes (REL,CON)

        Value  Global            Value  Global            Value  Global    
        -----  ------            -----  ------            -----  ------    
     0000C0A0  __cpu     |    0000C0A1  __is_GBA  |    0000C0A2  .mode    
     0000C0A3  .sys_time |    0000C0A3  _sys_time |    0000C0A5  .int_0x40
     0000C0B9  Fending$c |    0000C0BA  Fending$i |    0000C0BB  Fending$w
     0000C0BC  Fending$s |    0000C0C1  Fending$i |    0000C0C2  G$i$0_0$0
     0000C0C2  _i        |    0000C0C3  Fmain$sco |    0000C0C8  G$player_
     0000C0C8  _player_d |    0000C0C9  Fplayer$f |    0000C0CA  Fplayer$c
     0000C0CB  G$a_not_p |    0000C0CB  _a_not_pr |    0000C0CC  Fplayer$i
     0000C0CD  Fplayer$j |    0000C0CE  Fplayer$x |    0000C0CF  Fplayer$x
     0000C0D0  Fplayer$i |    0000C0D1  Fplayer$i |    0000C0D2  Fplayer$i
     0000C0D3  Fplayer$y |    0000C0D4  Fplayer$p |    0000C0D5  Fplayer$p
     0000C0D6  Fplayer$l |    0000C0D7  Fplayer$l |    0000C0D8  Fplayer$c
     0000C0D9  Fplayer$c |    0000C0DA  G$score$0 |    0000C0DA  _score   
     0000C0DC  Fplayer$m |    0000C0DD  Fplayer$t |    0000C0DE  Fplayer$h
     0000C0DF  Fplayer$n |    0000C0E0  Fplayer$b |    0000C0E1  Fplayer$b
     0000C0E2  Fscene$jo |    0000C0E3  Fscene$i$ |    0000C0E4  Fscene$fl
     0000C0E8  G$rand_in |    0000C0E8  _rand_ini |    0000C0E9  G$r$0_0$0
     0000C0E9  _r        |    0000C0EA  Fscene$wi |    0000C0EE  G$camera_
     0000C0EE  _camera_y |    0000C0EF  G$old_cam |    0000C0EF  _old_came
     0000C0F0  G$camera_ |    0000C0F0  _camera_y |    0000C0F1  G$old_cam
     0000C0F1  _old_came |    0000C0F2  Fscene$fr |    0000C0F3  Fscene$cu
     0000C0F4  Fscene$ac |    0000C0F5  G$game_st |    0000C0F5  _game_sta
     0000C0F6  G$rect_li |    0000C0F6  _rect_lis |    0000C196  G$map_com
     0000C196  _map_comp |    0000C1B6  Fscene$ne |    0000C1B7  Fscene$wa
     0000C1B8  Fscene$ma |    0000C1B9  Fscene$wi |    0000C219  G$clothes
     0000C219  _clothes_ |    0000C21D  G$clothes |    0000C21D  _clothes_
     0000C21E  G$deactiv |    0000C21E  _deactiva |    0000C21F  Fscene$we
     0000C220  Fscene$is |    0000C221  Lscene.me |    0000C222  ___rand_s
     0000C224  ___curren |    0000C226  ___curren |    0000C227  .int_0x48
ASxxxx Linker V03.00 + NoICE + sdld,  page 72.
Hexadecimal  [32-Bits]

Area                       Addr        Size        Decimal Bytes (Attributes)
--------------------       ----        ----        ------- ----- ------------
_INITIALIZED           0000C237    000000B4 =         180. bytes (REL,CON)

        Value  Global            Value  Global            Value  Global    
        -----  ------            -----  ------            -----  ------    
     0000C237  Fplayer$p |    0000C23B  Fplayer$r |    0000C249  G$brick_p
     0000C249  _brick_pa |    0000C269  G$extra_s |    0000C269  _extra_sp
     0000C2C9  G$partly_ |    0000C2C9  _partly_b |    0000C2E9  ___render
     0000C2EA  __map_til
ASxxxx Linker V03.00 + NoICE + sdld,  page 73.
Hexadecimal  [32-Bits]

Area                       Addr        Size        Decimal Bytes (Attributes)
--------------------       ----        ----        ------- ----- ------------
_HRAM12                00000000    00000003 =           3. bytes (ABS,CON)

        Value  Global            Value  Global            Value  Global    
        -----  ------            -----  ------            -----  ------    
     0000FF90  __current |    0000FF92  __shadow_
ASxxxx Linker V03.00 + NoICE + sdld,  page 74.
Hexadecimal  [32-Bits]

Area                       Addr        Size        Decimal Bytes (Attributes)
--------------------       ----        ----        ------- ----- ------------
_HEADER_LCD0           00000000    00000003 =           3. bytes (ABS,CON)

        Value  Global            Value  Global            Value  Global    
        -----  ------            -----  ------            -----  ------    
ASxxxx Linker V03.00 + NoICE + sdld,  page 75.

Files Linked                              [ module(s) ]

C:\gbdk\lib/small/asxxxx/gb/crt0.o        [ Runtime ]
obj/ending.o                              [ ending ]
obj/main.o                                [ main ]
obj/player.o                              [ player ]
obj/scene.o                               [ scene ]
obj/sound.o                               [ sound ]
obj/base_floor_map.o                      [ base_floor_map ]
obj/brick_particle.o                      [ brick_particle ]
obj/extra_sprites.o                       [ extra_sprites ]
obj/hub_data.o                            [ hub_data ]
obj/hub_map.o                             [ hub_map ]
obj/hud_map.o                             [ hud_map ]
obj/Numbers.o                             [ Numbers ]
obj/partly_broken_bricks.o                [ partly_broken_bricks ]
obj/PlayerSprites.o                       [ PlayerSprites ]
obj/Sfx.o                                 [ Sfx ]
obj/window_maps.o                         [ window_maps ]


Libraries Linked                          [ object file ]

C:\gbdk\lib/small/asxxxx/gbz80/gbz80.lib  [ rand.o ]
C:\gbdk\lib/small/asxxxx/gb/gb.lib        [ sfr.o ]
C:\gbdk\lib/small/asxxxx/gbz80/gbz80.lib  [ itoa.o ]
C:\gbdk\lib/small/asxxxx/gb/gb.lib        [ metasprites_hide_spr.o ]
C:\gbdk\lib/small/asxxxx/gb/gb.lib        [ metasprites_hide.o ]
C:\gbdk\lib/small/asxxxx/gbz80/gbz80.lib  [ mul.o ]
C:\gbdk\lib/small/asxxxx/gb/gb.lib        [ set_wi_t.o ]
C:\gbdk\lib/small/asxxxx/gb/gb.lib        [ set_data.o ]
C:\gbdk\lib/small/asxxxx/gb/gb.lib        [ pad.o ]
C:\gbdk\lib/small/asxxxx/gb/gb.lib        [ metasprites.o ]
C:\gbdk\lib/small/asxxxx/gbz80/gbz80.lib  [ _memcpy.o ]
C:\gbdk\lib/small/asxxxx/gbz80/gbz80.lib  [ __sdcc_call_hl.o ]
C:\gbdk\lib/small/asxxxx/gb/gb.lib        [ metasprites_flip.o ]
C:\gbdk\lib/small/asxxxx/gb/gb.lib        [ set_tile.o ]
C:\gbdk\lib/small/asxxxx/gb/gb.lib        [ lcd.o ]
C:\gbdk\lib/small/asxxxx/gb/gb.lib        [ set_bk_t.o ]
C:\gbdk\lib/small/asxxxx/gb/gb.lib        [ set_xy_t.o ]

ASxxxx Linker V03.00 + NoICE + sdld,  page 76.

User Base Address Definitions

_DATA=0xC0A0
_CODE=0x0200
ASxxxx Linker V03.00 + NoICE + sdld,  page 77.

User Global Definitions

_shadow_OAM=0xC000
.STACK=0xE000
.refresh_OAM=0xFF80

